=== ep22_fixed_w018_k16 starting 2026-08-21T07:58:42+02:00 ===
Loading benchmark: /home/lasse/python-projects/raccoon/data/bgsage/money_benchmark/benchmark.json.gz
  14693 checker decisions from 500 games
  (random subsample: 2000 decisions, seed 21)

Search: d1_k16_k22_t0.18_g0.08

Scoring raccoon: ep22_fixed_w018_k16 (experiments/exp018-distill/checkpoints/ep22.pt)...
  [ep22_fixed_w018_k16] 500/2000 (2698s, ~8093s remaining)
  [ep22_fixed_w018_k16] 1000/2000 (5449s, ~5449s remaining)
  [ep22_fixed_w018_k16] 1500/2000 (8468s, ~2823s remaining)
  [ep22_fixed_w018_k16] 2000/2000 (11620s, ~0s remaining)
  [ep22_fixed_w018_k16] Done: 2000 decisions in 11619.6s
  [ep22_fixed_w018_k16] Saved predictions: experiments/exp022-contact/dumps/ep22_fixed_w018_k16.npz


==========================================================================================
BGSage Money Benchmark - Checker-only, cubeless reference
Positions: 2000 checker decisions from 500 games
Reference: cubeless_equity (Sage 3P / 3T / Rollout)
==========================================================================================

MOVE SELECTION (PR = mean error x 500, lower is better)

  Engine                               PR      N  Blndr   prace    race     atk   prime    anch
  --------------------------------------------------------------------------------------
  ep22_fixed_w018_k16                0.65   2000      4    0.07    1.16    0.40    0.56    0.92

  (N per plan)                                              236     401     573     350     440

EVAL ACCURACY (R^2 / MSE on predicted vs reference cubeless equity)

  Engine                             R2(rollout)      MSE        N        R2(3T)      MSE        N        R2(3P)      MSE        N       R2(all)      MSE        N
  --------------------------------------------------------------------------------------------------------------
  ep22_fixed_w018_k16                     0.9970   0.0018    22397        0.9940   0.0019     7695        0.9948   0.0014    15763        0.9962   0.0017    45855

Saving results to experiments/exp022-contact/results/
  Saved: experiments/exp022-contact/results/ep22_fixed_w018_k16.json
  Saved: experiments/exp022-contact/results/summary.json
=== ep22_smooth_isocost starting 2026-08-21T11:12:26+02:00 ===
Loading benchmark: /home/lasse/python-projects/raccoon/data/bgsage/money_benchmark/benchmark.json.gz
  14693 checker decisions from 500 games
  (random subsample: 2000 decisions, seed 21)

Search: d1_k16_k22_w0.02-0.36_g0.08

Scoring raccoon: ep22_smooth_isocost (experiments/exp018-distill/checkpoints/ep22.pt)...
  [ep22_smooth_isocost] 500/2000 (2998s, ~8994s remaining)
  [ep22_smooth_isocost] 1000/2000 (5911s, ~5911s remaining)
  [ep22_smooth_isocost] 1500/2000 (9186s, ~3062s remaining)
  [ep22_smooth_isocost] 2000/2000 (12015s, ~0s remaining)
  [ep22_smooth_isocost] Done: 2000 decisions in 12015.1s
  [ep22_smooth_isocost] Saved predictions: experiments/exp022-contact/dumps/ep22_smooth_isocost.npz


==========================================================================================
BGSage Money Benchmark - Checker-only, cubeless reference
Positions: 2000 checker decisions from 500 games
Reference: cubeless_equity (Sage 3P / 3T / Rollout)
==========================================================================================

MOVE SELECTION (PR = mean error x 500, lower is better)

  Engine                               PR      N  Blndr   prace    race     atk   prime    anch
  --------------------------------------------------------------------------------------
  ep22_smooth_isocost                0.66   2000      4    0.07    1.18    0.40    0.56    0.92

  (N per plan)                                              236     401     573     350     440

EVAL ACCURACY (R^2 / MSE on predicted vs reference cubeless equity)

  Engine                             R2(rollout)      MSE        N        R2(3T)      MSE        N        R2(3P)      MSE        N       R2(all)      MSE        N
  --------------------------------------------------------------------------------------------------------------
  ep22_smooth_isocost                     0.9970   0.0018    22397        0.9941   0.0019     7695        0.9948   0.0014    15763        0.9962   0.0017    45855

Saving results to experiments/exp022-contact/results/
  Saved: experiments/exp022-contact/results/ep22_smooth_isocost.json
  Saved: experiments/exp022-contact/results/summary.json
=== extension finished 2026-08-21T14:32:46+02:00 ===
