=== d2 k8 k22 t0.16 g0.08 started 2026-08-18T14:50:15+02:00 ===
Loading benchmark: /home/lasse/python-projects/raccoon/data/bgsage/money_benchmark/benchmark.json.gz
  14693 checker decisions from 500 games
  (random subsample: 2000 decisions, seed 21)

Search: d2_k8_k22_t0.16_g0.08

Scoring raccoon: ep22_d2_k8_k22_t0.16_g0.08 (experiments/exp018-distill/checkpoints/ep22.pt)...
  [ep22_d2_k8_k22_t0.16_g0.08] 500/2000 (14527s, ~43581s remaining)
  [ep22_d2_k8_k22_t0.16_g0.08] 1000/2000 (29106s, ~29106s remaining)
  [ep22_d2_k8_k22_t0.16_g0.08] 1500/2000 (44112s, ~14704s remaining)
  [ep22_d2_k8_k22_t0.16_g0.08] 2000/2000 (58577s, ~0s remaining)
  [ep22_d2_k8_k22_t0.16_g0.08] Done: 2000 decisions in 58577.3s


==========================================================================================
BGSage Money Benchmark - Checker-only, cubeless reference
Positions: 2000 checker decisions from 500 games
Reference: cubeless_equity (Sage 3P / 3T / Rollout)
==========================================================================================

MOVE SELECTION (PR = mean error x 500, lower is better)

  Engine                               PR      N  Blndr   prace    race     atk   prime    anch
  --------------------------------------------------------------------------------------
  ep22_d2_k8_k22_t0.16_g0.08         0.43   2000      2    0.18    0.53    0.16    0.40    0.83

  (N per plan)                                              236     401     573     350     440

EVAL ACCURACY (R^2 / MSE on predicted vs reference cubeless equity)

  Engine                             R2(rollout)      MSE        N        R2(3T)      MSE        N        R2(3P)      MSE        N       R2(all)      MSE        N
  --------------------------------------------------------------------------------------------------------------
  ep22_d2_k8_k22_t0.16_g0.08              0.9969   0.0018    22397        0.9940   0.0019     7695        0.9948   0.0014    15763        0.9962   0.0017    45855

Saving results to experiments/exp021-search/results/
  Saved: experiments/exp021-search/results/ep22_d2_k8_k22_t0_16_g0_08.json
  Saved: experiments/exp021-search/results/summary.json
=== d1 k16 k22 t0.32 g0.08 started 2026-08-19T07:06:37+02:00 ===
Loading benchmark: /home/lasse/python-projects/raccoon/data/bgsage/money_benchmark/benchmark.json.gz
  14693 checker decisions from 500 games
  (random subsample: 2000 decisions, seed 21)

Search: d1_k16_k22_t0.32_g0.08

Scoring raccoon: ep22_d1_k16_k22_t0.32_g0.08 (experiments/exp018-distill/checkpoints/ep22.pt)...
  [ep22_d1_k16_k22_t0.32_g0.08] 500/2000 (3385s, ~10155s remaining)
  [ep22_d1_k16_k22_t0.32_g0.08] 1000/2000 (6863s, ~6863s remaining)
  [ep22_d1_k16_k22_t0.32_g0.08] 1500/2000 (10765s, ~3588s remaining)
  [ep22_d1_k16_k22_t0.32_g0.08] 2000/2000 (14369s, ~0s remaining)
  [ep22_d1_k16_k22_t0.32_g0.08] Done: 2000 decisions in 14368.7s


==========================================================================================
BGSage Money Benchmark - Checker-only, cubeless reference
Positions: 2000 checker decisions from 500 games
Reference: cubeless_equity (Sage 3P / 3T / Rollout)
==========================================================================================

MOVE SELECTION (PR = mean error x 500, lower is better)

  Engine                               PR      N  Blndr   prace    race     atk   prime    anch
  --------------------------------------------------------------------------------------
  ep22_d1_k16_k22_t0.32_g0.08        0.65   2000      4    0.07    1.16    0.40    0.56    0.92

  (N per plan)                                              236     401     573     350     440

EVAL ACCURACY (R^2 / MSE on predicted vs reference cubeless equity)

  Engine                             R2(rollout)      MSE        N        R2(3T)      MSE        N        R2(3P)      MSE        N       R2(all)      MSE        N
  --------------------------------------------------------------------------------------------------------------
  ep22_d1_k16_k22_t0.32_g0.08             0.9970   0.0018    22397        0.9941   0.0019     7695        0.9949   0.0014    15763        0.9962   0.0017    45855

Saving results to experiments/exp021-search/results/
  Saved: experiments/exp021-search/results/ep22_d1_k16_k22_t0_32_g0_08.json
  Saved: experiments/exp021-search/results/summary.json
=== d1 k8 k22 t0.16 g0.05 started 2026-08-19T11:06:10+02:00 ===
Loading benchmark: /home/lasse/python-projects/raccoon/data/bgsage/money_benchmark/benchmark.json.gz
  14693 checker decisions from 500 games
  (random subsample: 2000 decisions, seed 21)

Search: d1_k8_k22_t0.16_g0.05

Scoring raccoon: ep22_d1_k8_k22_t0.16_g0.05 (experiments/exp018-distill/checkpoints/ep22.pt)...
  [ep22_d1_k8_k22_t0.16_g0.05] 500/2000 (1691s, ~5073s remaining)
  [ep22_d1_k8_k22_t0.16_g0.05] 1000/2000 (3360s, ~3360s remaining)
  [ep22_d1_k8_k22_t0.16_g0.05] 1500/2000 (5198s, ~1733s remaining)
  [ep22_d1_k8_k22_t0.16_g0.05] 2000/2000 (6949s, ~0s remaining)
  [ep22_d1_k8_k22_t0.16_g0.05] Done: 2000 decisions in 6948.9s


==========================================================================================
BGSage Money Benchmark - Checker-only, cubeless reference
Positions: 2000 checker decisions from 500 games
Reference: cubeless_equity (Sage 3P / 3T / Rollout)
==========================================================================================

MOVE SELECTION (PR = mean error x 500, lower is better)

  Engine                               PR      N  Blndr   prace    race     atk   prime    anch
  --------------------------------------------------------------------------------------
  ep22_d1_k8_k22_t0.16_g0.05         0.73   2000      4    0.07    1.39    0.40    0.67    0.98

  (N per plan)                                              236     401     573     350     440

EVAL ACCURACY (R^2 / MSE on predicted vs reference cubeless equity)

  Engine                             R2(rollout)      MSE        N        R2(3T)      MSE        N        R2(3P)      MSE        N       R2(all)      MSE        N
  --------------------------------------------------------------------------------------------------------------
  ep22_d1_k8_k22_t0.16_g0.05              0.9969   0.0018    22397        0.9940   0.0019     7695        0.9948   0.0014    15763        0.9962   0.0017    45855

Saving results to experiments/exp021-search/results/
  Saved: experiments/exp021-search/results/ep22_d1_k8_k22_t0_16_g0_05.json
  Saved: experiments/exp021-search/results/summary.json
exp021 remaining sweep finished 2026-08-19T13:02:04+02:00
