Loading benchmark: /home/lasse/python-projects/raccoon/data/bgsage/money_benchmark/benchmark.json.gz
  14693 checker decisions from 500 games

Scoring raccoon: width2x_e1 (experiments/exp030-capacity/width2x/checkpoints/ep1.pt)...
  [width2x_e1] 500/14693 (2s, ~63s remaining)
  [width2x_e1] 1000/14693 (4s, ~58s remaining)
  [width2x_e1] 1500/14693 (6s, ~56s remaining)
  [width2x_e1] 2000/14693 (8s, ~53s remaining)
  [width2x_e1] 2500/14693 (10s, ~51s remaining)
  [width2x_e1] 3000/14693 (13s, ~49s remaining)
  [width2x_e1] 3500/14693 (15s, ~47s remaining)
  [width2x_e1] 4000/14693 (17s, ~44s remaining)
  [width2x_e1] 4500/14693 (19s, ~42s remaining)
  [width2x_e1] 5000/14693 (21s, ~40s remaining)
  [width2x_e1] 5500/14693 (23s, ~38s remaining)
  [width2x_e1] 6000/14693 (24s, ~35s remaining)
  [width2x_e1] 6500/14693 (26s, ~33s remaining)
  [width2x_e1] 7000/14693 (29s, ~31s remaining)
  [width2x_e1] 7500/14693 (31s, ~30s remaining)
  [width2x_e1] 8000/14693 (33s, ~28s remaining)
  [width2x_e1] 8500/14693 (35s, ~26s remaining)
  [width2x_e1] 9000/14693 (37s, ~24s remaining)
  [width2x_e1] 9500/14693 (39s, ~22s remaining)
  [width2x_e1] 10000/14693 (41s, ~19s remaining)
  [width2x_e1] 10500/14693 (43s, ~17s remaining)
  [width2x_e1] 11000/14693 (45s, ~15s remaining)
  [width2x_e1] 11500/14693 (47s, ~13s remaining)
  [width2x_e1] 12000/14693 (50s, ~11s remaining)
  [width2x_e1] 12500/14693 (52s, ~9s remaining)
  [width2x_e1] 13000/14693 (54s, ~7s remaining)
  [width2x_e1] 13500/14693 (56s, ~5s remaining)
  [width2x_e1] 14000/14693 (58s, ~3s remaining)
  [width2x_e1] 14500/14693 (60s, ~1s remaining)
  [width2x_e1] Done: 14693 decisions in 60.7s
  [width2x_e1] Saved per-decision errors: experiments/exp030-capacity/dumps/width2x_e1.npz


==========================================================================================
BGSage Money Benchmark - Checker-only, cubeless reference
Positions: 14693 checker decisions from 500 games
Reference: cubeless_equity (Sage 3P / 3T / Rollout)
Engines rank candidates by: cubeless equity
==========================================================================================

MOVE SELECTION (PR = mean error x 500, lower is better)

  Engine                               PR      N  Blndr   prace    race     atk   prime    anch
  --------------------------------------------------------------------------------------
  width2x_e1                         2.08  14693     82    1.14    2.54    1.97    2.21    2.21

  (N per plan)                                             1816    3120    4111    2453    3193

EVAL ACCURACY (R^2 / MSE on predicted vs reference cubeless equity)

  Engine                             R2(rollout)      MSE        N        R2(3T)      MSE        N        R2(3P)      MSE        N       R2(all)      MSE        N
  --------------------------------------------------------------------------------------------------------------
  width2x_e1                              0.9946   0.0033   149113        0.9898   0.0032    61917        0.9880   0.0033   116421        0.9925   0.0033   327451

Saving results to experiments/exp030-capacity/scratch/
  Saved: experiments/exp030-capacity/scratch/width2x_e1.json
  Saved: experiments/exp030-capacity/scratch/summary.json
Loading benchmark: /home/lasse/python-projects/raccoon/data/bgsage/money_benchmark/benchmark.json.gz
  14693 checker decisions from 500 games

Scoring raccoon: width2x_e2 (experiments/exp030-capacity/width2x/checkpoints/ep2.pt)...
  [width2x_e2] 500/14693 (2s, ~62s remaining)
  [width2x_e2] 1000/14693 (4s, ~58s remaining)
  [width2x_e2] 1500/14693 (6s, ~55s remaining)
  [width2x_e2] 2000/14693 (8s, ~53s remaining)
  [width2x_e2] 2500/14693 (10s, ~51s remaining)
  [width2x_e2] 3000/14693 (12s, ~48s remaining)
  [width2x_e2] 3500/14693 (14s, ~46s remaining)
  [width2x_e2] 4000/14693 (16s, ~44s remaining)
  [width2x_e2] 4500/14693 (18s, ~42s remaining)
  [width2x_e2] 5000/14693 (21s, ~40s remaining)
  [width2x_e2] 5500/14693 (22s, ~37s remaining)
  [width2x_e2] 6000/14693 (24s, ~35s remaining)
  [width2x_e2] 6500/14693 (26s, ~33s remaining)
  [width2x_e2] 7000/14693 (28s, ~31s remaining)
  [width2x_e2] 7500/14693 (31s, ~29s remaining)
  [width2x_e2] 8000/14693 (33s, ~27s remaining)
  [width2x_e2] 8500/14693 (35s, ~25s remaining)
  [width2x_e2] 9000/14693 (37s, ~23s remaining)
  [width2x_e2] 9500/14693 (39s, ~21s remaining)
  [width2x_e2] 10000/14693 (41s, ~19s remaining)
  [width2x_e2] 10500/14693 (43s, ~17s remaining)
  [width2x_e2] 11000/14693 (45s, ~15s remaining)
  [width2x_e2] 11500/14693 (47s, ~13s remaining)
  [width2x_e2] 12000/14693 (49s, ~11s remaining)
  [width2x_e2] 12500/14693 (51s, ~9s remaining)
  [width2x_e2] 13000/14693 (53s, ~7s remaining)
  [width2x_e2] 13500/14693 (55s, ~5s remaining)
  [width2x_e2] 14000/14693 (57s, ~3s remaining)
  [width2x_e2] 14500/14693 (59s, ~1s remaining)
  [width2x_e2] Done: 14693 decisions in 60.3s
  [width2x_e2] Saved per-decision errors: experiments/exp030-capacity/dumps/width2x_e2.npz


==========================================================================================
BGSage Money Benchmark - Checker-only, cubeless reference
Positions: 14693 checker decisions from 500 games
Reference: cubeless_equity (Sage 3P / 3T / Rollout)
Engines rank candidates by: cubeless equity
==========================================================================================

MOVE SELECTION (PR = mean error x 500, lower is better)

  Engine                               PR      N  Blndr   prace    race     atk   prime    anch
  --------------------------------------------------------------------------------------
  width2x_e2                         1.72  14693     60    0.80    1.86    1.72    1.83    2.05

  (N per plan)                                             1816    3120    4111    2453    3193

EVAL ACCURACY (R^2 / MSE on predicted vs reference cubeless equity)

  Engine                             R2(rollout)      MSE        N        R2(3T)      MSE        N        R2(3P)      MSE        N       R2(all)      MSE        N
  --------------------------------------------------------------------------------------------------------------
  width2x_e2                              0.9952   0.0029   149113        0.9907   0.0030    61917        0.9899   0.0028   116421        0.9934   0.0029   327451

Saving results to experiments/exp030-capacity/scratch/
  Saved: experiments/exp030-capacity/scratch/width2x_e2.json
  Saved: experiments/exp030-capacity/scratch/summary.json
Loading benchmark: /home/lasse/python-projects/raccoon/data/bgsage/money_benchmark/benchmark.json.gz
  14693 checker decisions from 500 games

Scoring raccoon: width2x_e3 (experiments/exp030-capacity/width2x/checkpoints/ep3.pt)...
  [width2x_e3] 500/14693 (2s, ~65s remaining)
  [width2x_e3] 1000/14693 (4s, ~60s remaining)
  [width2x_e3] 1500/14693 (7s, ~58s remaining)
  [width2x_e3] 2000/14693 (9s, ~55s remaining)
  [width2x_e3] 2500/14693 (11s, ~53s remaining)
  [width2x_e3] 3000/14693 (13s, ~51s remaining)
  [width2x_e3] 3500/14693 (15s, ~48s remaining)
  [width2x_e3] 4000/14693 (17s, ~46s remaining)
  [width2x_e3] 4500/14693 (19s, ~44s remaining)
  [width2x_e3] 5000/14693 (21s, ~42s remaining)
  [width2x_e3] 5500/14693 (23s, ~39s remaining)
  [width2x_e3] 6000/14693 (25s, ~37s remaining)
  [width2x_e3] 6500/14693 (27s, ~35s remaining)
  [width2x_e3] 7000/14693 (30s, ~33s remaining)
  [width2x_e3] 7500/14693 (32s, ~31s remaining)
  [width2x_e3] 8000/14693 (34s, ~29s remaining)
  [width2x_e3] 8500/14693 (36s, ~27s remaining)
  [width2x_e3] 9000/14693 (39s, ~24s remaining)
  [width2x_e3] 9500/14693 (41s, ~22s remaining)
  [width2x_e3] 10000/14693 (43s, ~20s remaining)
  [width2x_e3] 10500/14693 (45s, ~18s remaining)
  [width2x_e3] 11000/14693 (47s, ~16s remaining)
  [width2x_e3] 11500/14693 (49s, ~14s remaining)
  [width2x_e3] 12000/14693 (51s, ~12s remaining)
  [width2x_e3] 12500/14693 (54s, ~9s remaining)
  [width2x_e3] 13000/14693 (56s, ~7s remaining)
  [width2x_e3] 13500/14693 (58s, ~5s remaining)
  [width2x_e3] 14000/14693 (60s, ~3s remaining)
  [width2x_e3] 14500/14693 (62s, ~1s remaining)
  [width2x_e3] Done: 14693 decisions in 62.9s
  [width2x_e3] Saved per-decision errors: experiments/exp030-capacity/dumps/width2x_e3.npz


==========================================================================================
BGSage Money Benchmark - Checker-only, cubeless reference
Positions: 14693 checker decisions from 500 games
Reference: cubeless_equity (Sage 3P / 3T / Rollout)
Engines rank candidates by: cubeless equity
==========================================================================================

MOVE SELECTION (PR = mean error x 500, lower is better)

  Engine                               PR      N  Blndr   prace    race     atk   prime    anch
  --------------------------------------------------------------------------------------
  width2x_e3                         1.64  14693     44    0.78    1.90    1.58    1.83    1.82

  (N per plan)                                             1816    3120    4111    2453    3193

EVAL ACCURACY (R^2 / MSE on predicted vs reference cubeless equity)

  Engine                             R2(rollout)      MSE        N        R2(3T)      MSE        N        R2(3P)      MSE        N       R2(all)      MSE        N
  --------------------------------------------------------------------------------------------------------------
  width2x_e3                              0.9957   0.0026   149113        0.9919   0.0026    61917        0.9909   0.0025   116421        0.9941   0.0026   327451

Saving results to experiments/exp030-capacity/scratch/
  Saved: experiments/exp030-capacity/scratch/width2x_e3.json
  Saved: experiments/exp030-capacity/scratch/summary.json
Loading benchmark: /home/lasse/python-projects/raccoon/data/bgsage/money_benchmark/benchmark.json.gz
  14693 checker decisions from 500 games

Scoring raccoon: width2x_e4 (experiments/exp030-capacity/width2x/checkpoints/ep4.pt)...
  [width2x_e4] 500/14693 (2s, ~63s remaining)
  [width2x_e4] 1000/14693 (4s, ~59s remaining)
  [width2x_e4] 1500/14693 (6s, ~57s remaining)
  [width2x_e4] 2000/14693 (9s, ~54s remaining)
  [width2x_e4] 2500/14693 (11s, ~52s remaining)
  [width2x_e4] 3000/14693 (13s, ~50s remaining)
  [width2x_e4] 3500/14693 (15s, ~47s remaining)
  [width2x_e4] 4000/14693 (17s, ~45s remaining)
  [width2x_e4] 4500/14693 (19s, ~43s remaining)
  [width2x_e4] 5000/14693 (21s, ~41s remaining)
  [width2x_e4] 5500/14693 (23s, ~38s remaining)
  [width2x_e4] 6000/14693 (25s, ~36s remaining)
  [width2x_e4] 6500/14693 (27s, ~34s remaining)
  [width2x_e4] 7000/14693 (29s, ~32s remaining)
  [width2x_e4] 7500/14693 (31s, ~30s remaining)
  [width2x_e4] 8000/14693 (34s, ~28s remaining)
  [width2x_e4] 8500/14693 (36s, ~26s remaining)
  [width2x_e4] 9000/14693 (38s, ~24s remaining)
  [width2x_e4] 9500/14693 (40s, ~22s remaining)
  [width2x_e4] 10000/14693 (42s, ~20s remaining)
  [width2x_e4] 10500/14693 (44s, ~18s remaining)
  [width2x_e4] 11000/14693 (46s, ~16s remaining)
  [width2x_e4] 11500/14693 (48s, ~13s remaining)
  [width2x_e4] 12000/14693 (51s, ~11s remaining)
  [width2x_e4] 12500/14693 (53s, ~9s remaining)
  [width2x_e4] 13000/14693 (55s, ~7s remaining)
  [width2x_e4] 13500/14693 (57s, ~5s remaining)
  [width2x_e4] 14000/14693 (59s, ~3s remaining)
  [width2x_e4] 14500/14693 (61s, ~1s remaining)
  [width2x_e4] Done: 14693 decisions in 62.0s
  [width2x_e4] Saved per-decision errors: experiments/exp030-capacity/dumps/width2x_e4.npz


==========================================================================================
BGSage Money Benchmark - Checker-only, cubeless reference
Positions: 14693 checker decisions from 500 games
Reference: cubeless_equity (Sage 3P / 3T / Rollout)
Engines rank candidates by: cubeless equity
==========================================================================================

MOVE SELECTION (PR = mean error x 500, lower is better)

  Engine                               PR      N  Blndr   prace    race     atk   prime    anch
  --------------------------------------------------------------------------------------
  width2x_e4                         1.60  14693     42    0.80    1.81    1.54    1.69    1.84

  (N per plan)                                             1816    3120    4111    2453    3193

EVAL ACCURACY (R^2 / MSE on predicted vs reference cubeless equity)

  Engine                             R2(rollout)      MSE        N        R2(3T)      MSE        N        R2(3P)      MSE        N       R2(all)      MSE        N
  --------------------------------------------------------------------------------------------------------------
  width2x_e4                              0.9957   0.0026   149113        0.9916   0.0027    61917        0.9905   0.0026   116421        0.9940   0.0026   327451

Saving results to experiments/exp030-capacity/scratch/
  Saved: experiments/exp030-capacity/scratch/width2x_e4.json
  Saved: experiments/exp030-capacity/scratch/summary.json
Loading benchmark: /home/lasse/python-projects/raccoon/data/bgsage/money_benchmark/benchmark.json.gz
  14693 checker decisions from 500 games

Scoring raccoon: width2x_e5 (experiments/exp030-capacity/width2x/checkpoints/ep5.pt)...
  [width2x_e5] 500/14693 (2s, ~64s remaining)
  [width2x_e5] 1000/14693 (4s, ~60s remaining)
  [width2x_e5] 1500/14693 (7s, ~58s remaining)
  [width2x_e5] 2000/14693 (9s, ~55s remaining)
  [width2x_e5] 2500/14693 (11s, ~53s remaining)
  [width2x_e5] 3000/14693 (13s, ~50s remaining)
  [width2x_e5] 3500/14693 (15s, ~48s remaining)
  [width2x_e5] 4000/14693 (17s, ~46s remaining)
  [width2x_e5] 4500/14693 (19s, ~44s remaining)
  [width2x_e5] 5000/14693 (21s, ~41s remaining)
  [width2x_e5] 5500/14693 (23s, ~39s remaining)
  [width2x_e5] 6000/14693 (25s, ~37s remaining)
  [width2x_e5] 6500/14693 (27s, ~34s remaining)
  [width2x_e5] 7000/14693 (30s, ~32s remaining)
  [width2x_e5] 7500/14693 (32s, ~31s remaining)
  [width2x_e5] 8000/14693 (34s, ~29s remaining)
  [width2x_e5] 8500/14693 (36s, ~26s remaining)
  [width2x_e5] 9000/14693 (39s, ~24s remaining)
  [width2x_e5] 9500/14693 (41s, ~22s remaining)
  [width2x_e5] 10000/14693 (43s, ~20s remaining)
  [width2x_e5] 10500/14693 (45s, ~18s remaining)
  [width2x_e5] 11000/14693 (47s, ~16s remaining)
  [width2x_e5] 11500/14693 (49s, ~14s remaining)
  [width2x_e5] 12000/14693 (51s, ~11s remaining)
  [width2x_e5] 12500/14693 (53s, ~9s remaining)
  [width2x_e5] 13000/14693 (55s, ~7s remaining)
  [width2x_e5] 13500/14693 (58s, ~5s remaining)
  [width2x_e5] 14000/14693 (60s, ~3s remaining)
  [width2x_e5] 14500/14693 (62s, ~1s remaining)
  [width2x_e5] Done: 14693 decisions in 62.5s
  [width2x_e5] Saved per-decision errors: experiments/exp030-capacity/dumps/width2x_e5.npz


==========================================================================================
BGSage Money Benchmark - Checker-only, cubeless reference
Positions: 14693 checker decisions from 500 games
Reference: cubeless_equity (Sage 3P / 3T / Rollout)
Engines rank candidates by: cubeless equity
==========================================================================================

MOVE SELECTION (PR = mean error x 500, lower is better)

  Engine                               PR      N  Blndr   prace    race     atk   prime    anch
  --------------------------------------------------------------------------------------
  width2x_e5                         1.50  14693     41    0.61    1.68    1.40    1.69    1.80

  (N per plan)                                             1816    3120    4111    2453    3193

EVAL ACCURACY (R^2 / MSE on predicted vs reference cubeless equity)

  Engine                             R2(rollout)      MSE        N        R2(3T)      MSE        N        R2(3P)      MSE        N       R2(all)      MSE        N
  --------------------------------------------------------------------------------------------------------------
  width2x_e5                              0.9961   0.0024   149113        0.9926   0.0024    61917        0.9920   0.0022   116421        0.9947   0.0023   327451

Saving results to experiments/exp030-capacity/scratch/
  Saved: experiments/exp030-capacity/scratch/width2x_e5.json
  Saved: experiments/exp030-capacity/scratch/summary.json
Loading benchmark: /home/lasse/python-projects/raccoon/data/bgsage/money_benchmark/benchmark.json.gz
  14693 checker decisions from 500 games

Scoring raccoon: width2x_e6 (experiments/exp030-capacity/width2x/checkpoints/ep6.pt)...
  [width2x_e6] 500/14693 (2s, ~64s remaining)
  [width2x_e6] 1000/14693 (4s, ~59s remaining)
  [width2x_e6] 1500/14693 (6s, ~57s remaining)
  [width2x_e6] 2000/14693 (9s, ~54s remaining)
  [width2x_e6] 2500/14693 (11s, ~52s remaining)
  [width2x_e6] 3000/14693 (13s, ~50s remaining)
  [width2x_e6] 3500/14693 (15s, ~47s remaining)
  [width2x_e6] 4000/14693 (17s, ~45s remaining)
  [width2x_e6] 4500/14693 (19s, ~43s remaining)
  [width2x_e6] 5000/14693 (21s, ~41s remaining)
  [width2x_e6] 5500/14693 (23s, ~38s remaining)
  [width2x_e6] 6000/14693 (25s, ~36s remaining)
  [width2x_e6] 6500/14693 (27s, ~34s remaining)
  [width2x_e6] 7000/14693 (29s, ~32s remaining)
  [width2x_e6] 7500/14693 (31s, ~30s remaining)
  [width2x_e6] 8000/14693 (34s, ~28s remaining)
  [width2x_e6] 8500/14693 (36s, ~26s remaining)
  [width2x_e6] 9000/14693 (38s, ~24s remaining)
  [width2x_e6] 9500/14693 (40s, ~22s remaining)
  [width2x_e6] 10000/14693 (42s, ~20s remaining)
  [width2x_e6] 10500/14693 (44s, ~18s remaining)
  [width2x_e6] 11000/14693 (46s, ~16s remaining)
  [width2x_e6] 11500/14693 (48s, ~13s remaining)
  [width2x_e6] 12000/14693 (50s, ~11s remaining)
  [width2x_e6] 12500/14693 (53s, ~9s remaining)
  [width2x_e6] 13000/14693 (55s, ~7s remaining)
  [width2x_e6] 13500/14693 (57s, ~5s remaining)
  [width2x_e6] 14000/14693 (59s, ~3s remaining)
  [width2x_e6] 14500/14693 (61s, ~1s remaining)
  [width2x_e6] Done: 14693 decisions in 61.7s
  [width2x_e6] Saved per-decision errors: experiments/exp030-capacity/dumps/width2x_e6.npz


==========================================================================================
BGSage Money Benchmark - Checker-only, cubeless reference
Positions: 14693 checker decisions from 500 games
Reference: cubeless_equity (Sage 3P / 3T / Rollout)
Engines rank candidates by: cubeless equity
==========================================================================================

MOVE SELECTION (PR = mean error x 500, lower is better)

  Engine                               PR      N  Blndr   prace    race     atk   prime    anch
  --------------------------------------------------------------------------------------
  width2x_e6                         1.48  14693     44    0.66    1.70    1.31    1.61    1.84

  (N per plan)                                             1816    3120    4111    2453    3193

EVAL ACCURACY (R^2 / MSE on predicted vs reference cubeless equity)

  Engine                             R2(rollout)      MSE        N        R2(3T)      MSE        N        R2(3P)      MSE        N       R2(all)      MSE        N
  --------------------------------------------------------------------------------------------------------------
  width2x_e6                              0.9959   0.0025   149113        0.9922   0.0025    61917        0.9911   0.0025   116421        0.9943   0.0025   327451

Saving results to experiments/exp030-capacity/scratch/
  Saved: experiments/exp030-capacity/scratch/width2x_e6.json
  Saved: experiments/exp030-capacity/scratch/summary.json
Loading benchmark: /home/lasse/python-projects/raccoon/data/bgsage/money_benchmark/benchmark.json.gz
  14693 checker decisions from 500 games

Scoring raccoon: width2x_e7 (experiments/exp030-capacity/width2x/checkpoints/ep7.pt)...
  [width2x_e7] 500/14693 (2s, ~66s remaining)
  [width2x_e7] 1000/14693 (4s, ~61s remaining)
  [width2x_e7] 1500/14693 (7s, ~59s remaining)
  [width2x_e7] 2000/14693 (9s, ~56s remaining)
  [width2x_e7] 2500/14693 (11s, ~53s remaining)
  [width2x_e7] 3000/14693 (13s, ~51s remaining)
  [width2x_e7] 3500/14693 (15s, ~49s remaining)
  [width2x_e7] 4000/14693 (17s, ~47s remaining)
  [width2x_e7] 4500/14693 (20s, ~44s remaining)
  [width2x_e7] 5000/14693 (22s, ~42s remaining)
  [width2x_e7] 5500/14693 (24s, ~40s remaining)
  [width2x_e7] 6000/14693 (26s, ~37s remaining)
  [width2x_e7] 6500/14693 (28s, ~35s remaining)
  [width2x_e7] 7000/14693 (30s, ~33s remaining)
  [width2x_e7] 7500/14693 (33s, ~31s remaining)
  [width2x_e7] 8000/14693 (35s, ~29s remaining)
  [width2x_e7] 8500/14693 (37s, ~27s remaining)
  [width2x_e7] 9000/14693 (40s, ~25s remaining)
  [width2x_e7] 9500/14693 (42s, ~23s remaining)
  [width2x_e7] 10000/14693 (44s, ~21s remaining)
  [width2x_e7] 10500/14693 (46s, ~18s remaining)
  [width2x_e7] 11000/14693 (48s, ~16s remaining)
  [width2x_e7] 11500/14693 (50s, ~14s remaining)
  [width2x_e7] 12000/14693 (52s, ~12s remaining)
  [width2x_e7] 12500/14693 (55s, ~10s remaining)
  [width2x_e7] 13000/14693 (57s, ~7s remaining)
  [width2x_e7] 13500/14693 (59s, ~5s remaining)
  [width2x_e7] 14000/14693 (61s, ~3s remaining)
  [width2x_e7] 14500/14693 (63s, ~1s remaining)
  [width2x_e7] Done: 14693 decisions in 64.1s
  [width2x_e7] Saved per-decision errors: experiments/exp030-capacity/dumps/width2x_e7.npz


==========================================================================================
BGSage Money Benchmark - Checker-only, cubeless reference
Positions: 14693 checker decisions from 500 games
Reference: cubeless_equity (Sage 3P / 3T / Rollout)
Engines rank candidates by: cubeless equity
==========================================================================================

MOVE SELECTION (PR = mean error x 500, lower is better)

  Engine                               PR      N  Blndr   prace    race     atk   prime    anch
  --------------------------------------------------------------------------------------
  width2x_e7                         1.42  14693     41    0.60    1.72    1.31    1.47    1.69

  (N per plan)                                             1816    3120    4111    2453    3193

EVAL ACCURACY (R^2 / MSE on predicted vs reference cubeless equity)

  Engine                             R2(rollout)      MSE        N        R2(3T)      MSE        N        R2(3P)      MSE        N       R2(all)      MSE        N
  --------------------------------------------------------------------------------------------------------------
  width2x_e7                              0.9963   0.0022   149113        0.9929   0.0023    61917        0.9920   0.0022   116421        0.9949   0.0022   327451

Saving results to experiments/exp030-capacity/scratch/
  Saved: experiments/exp030-capacity/scratch/width2x_e7.json
  Saved: experiments/exp030-capacity/scratch/summary.json
Loading benchmark: /home/lasse/python-projects/raccoon/data/bgsage/money_benchmark/benchmark.json.gz
  14693 checker decisions from 500 games

Scoring raccoon: width2x_e8 (experiments/exp030-capacity/width2x/checkpoints/ep8.pt)...
  [width2x_e8] 500/14693 (2s, ~65s remaining)
  [width2x_e8] 1000/14693 (4s, ~60s remaining)
  [width2x_e8] 1500/14693 (7s, ~58s remaining)
  [width2x_e8] 2000/14693 (9s, ~56s remaining)
  [width2x_e8] 2500/14693 (11s, ~53s remaining)
  [width2x_e8] 3000/14693 (13s, ~51s remaining)
  [width2x_e8] 3500/14693 (15s, ~48s remaining)
  [width2x_e8] 4000/14693 (17s, ~46s remaining)
  [width2x_e8] 4500/14693 (19s, ~44s remaining)
  [width2x_e8] 5000/14693 (22s, ~42s remaining)
  [width2x_e8] 5500/14693 (23s, ~39s remaining)
  [width2x_e8] 6000/14693 (26s, ~37s remaining)
  [width2x_e8] 6500/14693 (28s, ~35s remaining)
  [width2x_e8] 7000/14693 (30s, ~33s remaining)
  [width2x_e8] 7500/14693 (32s, ~31s remaining)
  [width2x_e8] 8000/14693 (34s, ~29s remaining)
  [width2x_e8] 8500/14693 (37s, ~27s remaining)
  [width2x_e8] 9000/14693 (39s, ~25s remaining)
  [width2x_e8] 9500/14693 (41s, ~22s remaining)
  [width2x_e8] 10000/14693 (43s, ~20s remaining)
  [width2x_e8] 10500/14693 (45s, ~18s remaining)
  [width2x_e8] 11000/14693 (47s, ~16s remaining)
  [width2x_e8] 11500/14693 (49s, ~14s remaining)
  [width2x_e8] 12000/14693 (52s, ~12s remaining)
  [width2x_e8] 12500/14693 (54s, ~9s remaining)
  [width2x_e8] 13000/14693 (56s, ~7s remaining)
  [width2x_e8] 13500/14693 (58s, ~5s remaining)
  [width2x_e8] 14000/14693 (60s, ~3s remaining)
  [width2x_e8] 14500/14693 (62s, ~1s remaining)
  [width2x_e8] Done: 14693 decisions in 63.1s
  [width2x_e8] Saved per-decision errors: experiments/exp030-capacity/dumps/width2x_e8.npz


==========================================================================================
BGSage Money Benchmark - Checker-only, cubeless reference
Positions: 14693 checker decisions from 500 games
Reference: cubeless_equity (Sage 3P / 3T / Rollout)
Engines rank candidates by: cubeless equity
==========================================================================================

MOVE SELECTION (PR = mean error x 500, lower is better)

  Engine                               PR      N  Blndr   prace    race     atk   prime    anch
  --------------------------------------------------------------------------------------
  width2x_e8                         1.38  14693     37    0.67    1.60    1.29    1.51    1.59

  (N per plan)                                             1816    3120    4111    2453    3193

EVAL ACCURACY (R^2 / MSE on predicted vs reference cubeless equity)

  Engine                             R2(rollout)      MSE        N        R2(3T)      MSE        N        R2(3P)      MSE        N       R2(all)      MSE        N
  --------------------------------------------------------------------------------------------------------------
  width2x_e8                              0.9963   0.0022   149113        0.9931   0.0022    61917        0.9923   0.0021   116421        0.9950   0.0022   327451

Saving results to experiments/exp030-capacity/scratch/
  Saved: experiments/exp030-capacity/scratch/width2x_e8.json
  Saved: experiments/exp030-capacity/scratch/summary.json
Loading benchmark: /home/lasse/python-projects/raccoon/data/bgsage/money_benchmark/benchmark.json.gz
  14693 checker decisions from 500 games

Scoring raccoon: width2x_e9 (experiments/exp030-capacity/width2x/checkpoints/ep9.pt)...
  [width2x_e9] 500/14693 (2s, ~62s remaining)
  [width2x_e9] 1000/14693 (4s, ~58s remaining)
  [width2x_e9] 1500/14693 (6s, ~55s remaining)
  [width2x_e9] 2000/14693 (8s, ~53s remaining)
  [width2x_e9] 2500/14693 (10s, ~51s remaining)
  [width2x_e9] 3000/14693 (12s, ~49s remaining)
  [width2x_e9] 3500/14693 (14s, ~46s remaining)
  [width2x_e9] 4000/14693 (17s, ~44s remaining)
  [width2x_e9] 4500/14693 (19s, ~42s remaining)
  [width2x_e9] 5000/14693 (21s, ~40s remaining)
  [width2x_e9] 5500/14693 (22s, ~38s remaining)
  [width2x_e9] 6000/14693 (24s, ~35s remaining)
  [width2x_e9] 6500/14693 (26s, ~33s remaining)
  [width2x_e9] 7000/14693 (28s, ~31s remaining)
  [width2x_e9] 7500/14693 (31s, ~29s remaining)
  [width2x_e9] 8000/14693 (33s, ~28s remaining)
  [width2x_e9] 8500/14693 (35s, ~25s remaining)
  [width2x_e9] 9000/14693 (37s, ~24s remaining)
  [width2x_e9] 9500/14693 (39s, ~21s remaining)
  [width2x_e9] 10000/14693 (41s, ~19s remaining)
  [width2x_e9] 10500/14693 (43s, ~17s remaining)
  [width2x_e9] 11000/14693 (45s, ~15s remaining)
  [width2x_e9] 11500/14693 (47s, ~13s remaining)
  [width2x_e9] 12000/14693 (49s, ~11s remaining)
  [width2x_e9] 12500/14693 (51s, ~9s remaining)
  [width2x_e9] 13000/14693 (53s, ~7s remaining)
  [width2x_e9] 13500/14693 (56s, ~5s remaining)
  [width2x_e9] 14000/14693 (58s, ~3s remaining)
  [width2x_e9] 14500/14693 (60s, ~1s remaining)
  [width2x_e9] Done: 14693 decisions in 60.4s
  [width2x_e9] Saved per-decision errors: experiments/exp030-capacity/dumps/width2x_e9.npz


==========================================================================================
BGSage Money Benchmark - Checker-only, cubeless reference
Positions: 14693 checker decisions from 500 games
Reference: cubeless_equity (Sage 3P / 3T / Rollout)
Engines rank candidates by: cubeless equity
==========================================================================================

MOVE SELECTION (PR = mean error x 500, lower is better)

  Engine                               PR      N  Blndr   prace    race     atk   prime    anch
  --------------------------------------------------------------------------------------
  width2x_e9                         1.37  14693     39    0.54    1.58    1.33    1.44    1.63

  (N per plan)                                             1816    3120    4111    2453    3193

EVAL ACCURACY (R^2 / MSE on predicted vs reference cubeless equity)

  Engine                             R2(rollout)      MSE        N        R2(3T)      MSE        N        R2(3P)      MSE        N       R2(all)      MSE        N
  --------------------------------------------------------------------------------------------------------------
  width2x_e9                              0.9964   0.0022   149113        0.9930   0.0022    61917        0.9930   0.0019   116421        0.9952   0.0021   327451

Saving results to experiments/exp030-capacity/scratch/
  Saved: experiments/exp030-capacity/scratch/width2x_e9.json
  Saved: experiments/exp030-capacity/scratch/summary.json
Loading benchmark: /home/lasse/python-projects/raccoon/data/bgsage/money_benchmark/benchmark.json.gz
  14693 checker decisions from 500 games

Scoring raccoon: width2x_e10 (experiments/exp030-capacity/width2x/checkpoints/ep10.pt)...
  [width2x_e10] 500/14693 (2s, ~62s remaining)
  [width2x_e10] 1000/14693 (4s, ~58s remaining)
  [width2x_e10] 1500/14693 (6s, ~55s remaining)
  [width2x_e10] 2000/14693 (8s, ~53s remaining)
  [width2x_e10] 2500/14693 (10s, ~51s remaining)
  [width2x_e10] 3000/14693 (12s, ~48s remaining)
  [width2x_e10] 3500/14693 (14s, ~46s remaining)
  [width2x_e10] 4000/14693 (16s, ~44s remaining)
  [width2x_e10] 4500/14693 (18s, ~42s remaining)
  [width2x_e10] 5000/14693 (21s, ~40s remaining)
  [width2x_e10] 5500/14693 (22s, ~37s remaining)
  [width2x_e10] 6000/14693 (24s, ~35s remaining)
  [width2x_e10] 6500/14693 (26s, ~33s remaining)
  [width2x_e10] 7000/14693 (28s, ~31s remaining)
  [width2x_e10] 7500/14693 (31s, ~29s remaining)
  [width2x_e10] 8000/14693 (33s, ~27s remaining)
  [width2x_e10] 8500/14693 (35s, ~25s remaining)
  [width2x_e10] 9000/14693 (37s, ~23s remaining)
  [width2x_e10] 9500/14693 (39s, ~21s remaining)
  [width2x_e10] 10000/14693 (41s, ~19s remaining)
  [width2x_e10] 10500/14693 (43s, ~17s remaining)
  [width2x_e10] 11000/14693 (45s, ~15s remaining)
  [width2x_e10] 11500/14693 (47s, ~13s remaining)
  [width2x_e10] 12000/14693 (49s, ~11s remaining)
  [width2x_e10] 12500/14693 (51s, ~9s remaining)
  [width2x_e10] 13000/14693 (53s, ~7s remaining)
  [width2x_e10] 13500/14693 (55s, ~5s remaining)
  [width2x_e10] 14000/14693 (58s, ~3s remaining)
  [width2x_e10] 14500/14693 (59s, ~1s remaining)
  [width2x_e10] Done: 14693 decisions in 60.3s
  [width2x_e10] Saved per-decision errors: experiments/exp030-capacity/dumps/width2x_e10.npz


==========================================================================================
BGSage Money Benchmark - Checker-only, cubeless reference
Positions: 14693 checker decisions from 500 games
Reference: cubeless_equity (Sage 3P / 3T / Rollout)
Engines rank candidates by: cubeless equity
==========================================================================================

MOVE SELECTION (PR = mean error x 500, lower is better)

  Engine                               PR      N  Blndr   prace    race     atk   prime    anch
  --------------------------------------------------------------------------------------
  width2x_e10                        1.34  14693     35    0.60    1.60    1.27    1.45    1.54

  (N per plan)                                             1816    3120    4111    2453    3193

EVAL ACCURACY (R^2 / MSE on predicted vs reference cubeless equity)

  Engine                             R2(rollout)      MSE        N        R2(3T)      MSE        N        R2(3P)      MSE        N       R2(all)      MSE        N
  --------------------------------------------------------------------------------------------------------------
  width2x_e10                             0.9965   0.0021   149113        0.9934   0.0021    61917        0.9932   0.0019   116421        0.9954   0.0020   327451

Saving results to experiments/exp030-capacity/scratch/
  Saved: experiments/exp030-capacity/scratch/width2x_e10.json
  Saved: experiments/exp030-capacity/scratch/summary.json
Loading benchmark: /home/lasse/python-projects/raccoon/data/bgsage/money_benchmark/benchmark.json.gz
  14693 checker decisions from 500 games

Scoring raccoon: width2x_e11 (experiments/exp030-capacity/width2x/checkpoints/ep11.pt)...
  [width2x_e11] 500/14693 (2s, ~63s remaining)
  [width2x_e11] 1000/14693 (4s, ~59s remaining)
  [width2x_e11] 1500/14693 (6s, ~57s remaining)
  [width2x_e11] 2000/14693 (9s, ~54s remaining)
  [width2x_e11] 2500/14693 (11s, ~52s remaining)
  [width2x_e11] 3000/14693 (13s, ~50s remaining)
  [width2x_e11] 3500/14693 (15s, ~47s remaining)
  [width2x_e11] 4000/14693 (17s, ~45s remaining)
  [width2x_e11] 4500/14693 (19s, ~43s remaining)
  [width2x_e11] 5000/14693 (21s, ~41s remaining)
  [width2x_e11] 5500/14693 (23s, ~38s remaining)
  [width2x_e11] 6000/14693 (25s, ~36s remaining)
  [width2x_e11] 6500/14693 (27s, ~34s remaining)
  [width2x_e11] 7000/14693 (29s, ~32s remaining)
  [width2x_e11] 7500/14693 (31s, ~30s remaining)
  [width2x_e11] 8000/14693 (34s, ~28s remaining)
  [width2x_e11] 8500/14693 (36s, ~26s remaining)
  [width2x_e11] 9000/14693 (38s, ~24s remaining)
  [width2x_e11] 9500/14693 (40s, ~22s remaining)
  [width2x_e11] 10000/14693 (42s, ~20s remaining)
  [width2x_e11] 10500/14693 (44s, ~18s remaining)
  [width2x_e11] 11000/14693 (46s, ~15s remaining)
  [width2x_e11] 11500/14693 (48s, ~13s remaining)
  [width2x_e11] 12000/14693 (50s, ~11s remaining)
  [width2x_e11] 12500/14693 (52s, ~9s remaining)
  [width2x_e11] 13000/14693 (54s, ~7s remaining)
  [width2x_e11] 13500/14693 (57s, ~5s remaining)
  [width2x_e11] 14000/14693 (59s, ~3s remaining)
  [width2x_e11] 14500/14693 (61s, ~1s remaining)
  [width2x_e11] Done: 14693 decisions in 61.5s
  [width2x_e11] Saved per-decision errors: experiments/exp030-capacity/dumps/width2x_e11.npz


==========================================================================================
BGSage Money Benchmark - Checker-only, cubeless reference
Positions: 14693 checker decisions from 500 games
Reference: cubeless_equity (Sage 3P / 3T / Rollout)
Engines rank candidates by: cubeless equity
==========================================================================================

MOVE SELECTION (PR = mean error x 500, lower is better)

  Engine                               PR      N  Blndr   prace    race     atk   prime    anch
  --------------------------------------------------------------------------------------
  width2x_e11                        1.32  14693     37    0.54    1.54    1.26    1.45    1.53

  (N per plan)                                             1816    3120    4111    2453    3193

EVAL ACCURACY (R^2 / MSE on predicted vs reference cubeless equity)

  Engine                             R2(rollout)      MSE        N        R2(3T)      MSE        N        R2(3P)      MSE        N       R2(all)      MSE        N
  --------------------------------------------------------------------------------------------------------------
  width2x_e11                             0.9965   0.0021   149113        0.9934   0.0021    61917        0.9935   0.0018   116421        0.9954   0.0020   327451

Saving results to experiments/exp030-capacity/scratch/
  Saved: experiments/exp030-capacity/scratch/width2x_e11.json
  Saved: experiments/exp030-capacity/scratch/summary.json
Loading benchmark: /home/lasse/python-projects/raccoon/data/bgsage/money_benchmark/benchmark.json.gz
  14693 checker decisions from 500 games

Scoring raccoon: width2x_e12 (experiments/exp030-capacity/width2x/checkpoints/ep12.pt)...
  [width2x_e12] 500/14693 (2s, ~64s remaining)
  [width2x_e12] 1000/14693 (4s, ~59s remaining)
  [width2x_e12] 1500/14693 (6s, ~56s remaining)
  [width2x_e12] 2000/14693 (8s, ~54s remaining)
  [width2x_e12] 2500/14693 (10s, ~51s remaining)
  [width2x_e12] 3000/14693 (13s, ~49s remaining)
  [width2x_e12] 3500/14693 (15s, ~46s remaining)
  [width2x_e12] 4000/14693 (17s, ~44s remaining)
  [width2x_e12] 4500/14693 (19s, ~42s remaining)
  [width2x_e12] 5000/14693 (21s, ~40s remaining)
  [width2x_e12] 5500/14693 (22s, ~38s remaining)
  [width2x_e12] 6000/14693 (24s, ~35s remaining)
  [width2x_e12] 6500/14693 (26s, ~33s remaining)
  [width2x_e12] 7000/14693 (28s, ~31s remaining)
  [width2x_e12] 7500/14693 (31s, ~29s remaining)
  [width2x_e12] 8000/14693 (33s, ~27s remaining)
  [width2x_e12] 8500/14693 (35s, ~25s remaining)
  [width2x_e12] 9000/14693 (37s, ~23s remaining)
  [width2x_e12] 9500/14693 (39s, ~21s remaining)
  [width2x_e12] 10000/14693 (41s, ~19s remaining)
  [width2x_e12] 10500/14693 (43s, ~17s remaining)
  [width2x_e12] 11000/14693 (45s, ~15s remaining)
  [width2x_e12] 11500/14693 (47s, ~13s remaining)
  [width2x_e12] 12000/14693 (49s, ~11s remaining)
  [width2x_e12] 12500/14693 (51s, ~9s remaining)
  [width2x_e12] 13000/14693 (53s, ~7s remaining)
  [width2x_e12] 13500/14693 (55s, ~5s remaining)
  [width2x_e12] 14000/14693 (57s, ~3s remaining)
  [width2x_e12] 14500/14693 (59s, ~1s remaining)
  [width2x_e12] Done: 14693 decisions in 60.2s
  [width2x_e12] Saved per-decision errors: experiments/exp030-capacity/dumps/width2x_e12.npz


==========================================================================================
BGSage Money Benchmark - Checker-only, cubeless reference
Positions: 14693 checker decisions from 500 games
Reference: cubeless_equity (Sage 3P / 3T / Rollout)
Engines rank candidates by: cubeless equity
==========================================================================================

MOVE SELECTION (PR = mean error x 500, lower is better)

  Engine                               PR      N  Blndr   prace    race     atk   prime    anch
  --------------------------------------------------------------------------------------
  width2x_e12                        1.36  14693     40    0.60    1.59    1.29    1.38    1.64

  (N per plan)                                             1816    3120    4111    2453    3193

EVAL ACCURACY (R^2 / MSE on predicted vs reference cubeless equity)

  Engine                             R2(rollout)      MSE        N        R2(3T)      MSE        N        R2(3P)      MSE        N       R2(all)      MSE        N
  --------------------------------------------------------------------------------------------------------------
  width2x_e12                             0.9963   0.0022   149113        0.9930   0.0022    61917        0.9928   0.0020   116421        0.9951   0.0021   327451

Saving results to experiments/exp030-capacity/scratch/
  Saved: experiments/exp030-capacity/scratch/width2x_e12.json
  Saved: experiments/exp030-capacity/scratch/summary.json
Loading benchmark: /home/lasse/python-projects/raccoon/data/bgsage/money_benchmark/benchmark.json.gz
  14693 checker decisions from 500 games

Scoring raccoon: width2x_e13 (experiments/exp030-capacity/width2x/checkpoints/ep13.pt)...
  [width2x_e13] 500/14693 (2s, ~64s remaining)
  [width2x_e13] 1000/14693 (4s, ~59s remaining)
  [width2x_e13] 1500/14693 (6s, ~57s remaining)
  [width2x_e13] 2000/14693 (9s, ~54s remaining)
  [width2x_e13] 2500/14693 (11s, ~52s remaining)
  [width2x_e13] 3000/14693 (13s, ~50s remaining)
  [width2x_e13] 3500/14693 (15s, ~47s remaining)
  [width2x_e13] 4000/14693 (17s, ~45s remaining)
  [width2x_e13] 4500/14693 (19s, ~43s remaining)
  [width2x_e13] 5000/14693 (21s, ~41s remaining)
  [width2x_e13] 5500/14693 (23s, ~38s remaining)
  [width2x_e13] 6000/14693 (25s, ~36s remaining)
  [width2x_e13] 6500/14693 (27s, ~34s remaining)
  [width2x_e13] 7000/14693 (29s, ~32s remaining)
  [width2x_e13] 7500/14693 (31s, ~30s remaining)
  [width2x_e13] 8000/14693 (34s, ~28s remaining)
  [width2x_e13] 8500/14693 (36s, ~26s remaining)
  [width2x_e13] 9000/14693 (38s, ~24s remaining)
  [width2x_e13] 9500/14693 (40s, ~22s remaining)
  [width2x_e13] 10000/14693 (42s, ~20s remaining)
  [width2x_e13] 10500/14693 (44s, ~18s remaining)
  [width2x_e13] 11000/14693 (46s, ~16s remaining)
  [width2x_e13] 11500/14693 (48s, ~13s remaining)
  [width2x_e13] 12000/14693 (51s, ~11s remaining)
  [width2x_e13] 12500/14693 (53s, ~9s remaining)
  [width2x_e13] 13000/14693 (55s, ~7s remaining)
  [width2x_e13] 13500/14693 (57s, ~5s remaining)
  [width2x_e13] 14000/14693 (59s, ~3s remaining)
  [width2x_e13] 14500/14693 (61s, ~1s remaining)
  [width2x_e13] Done: 14693 decisions in 61.9s
  [width2x_e13] Saved per-decision errors: experiments/exp030-capacity/dumps/width2x_e13.npz


==========================================================================================
BGSage Money Benchmark - Checker-only, cubeless reference
Positions: 14693 checker decisions from 500 games
Reference: cubeless_equity (Sage 3P / 3T / Rollout)
Engines rank candidates by: cubeless equity
==========================================================================================

MOVE SELECTION (PR = mean error x 500, lower is better)

  Engine                               PR      N  Blndr   prace    race     atk   prime    anch
  --------------------------------------------------------------------------------------
  width2x_e13                        1.28  14693     33    0.48    1.53    1.22    1.34    1.52

  (N per plan)                                             1816    3120    4111    2453    3193

EVAL ACCURACY (R^2 / MSE on predicted vs reference cubeless equity)

  Engine                             R2(rollout)      MSE        N        R2(3T)      MSE        N        R2(3P)      MSE        N       R2(all)      MSE        N
  --------------------------------------------------------------------------------------------------------------
  width2x_e13                             0.9965   0.0021   149113        0.9934   0.0021    61917        0.9933   0.0018   116421        0.9954   0.0020   327451

Saving results to experiments/exp030-capacity/scratch/
  Saved: experiments/exp030-capacity/scratch/width2x_e13.json
  Saved: experiments/exp030-capacity/scratch/summary.json
Loading benchmark: /home/lasse/python-projects/raccoon/data/bgsage/money_benchmark/benchmark.json.gz
  14693 checker decisions from 500 games

Scoring raccoon: width2x_e14 (experiments/exp030-capacity/width2x/checkpoints/ep14.pt)...
  [width2x_e14] 500/14693 (2s, ~63s remaining)
  [width2x_e14] 1000/14693 (4s, ~59s remaining)
  [width2x_e14] 1500/14693 (6s, ~56s remaining)
  [width2x_e14] 2000/14693 (8s, ~54s remaining)
  [width2x_e14] 2500/14693 (11s, ~51s remaining)
  [width2x_e14] 3000/14693 (13s, ~49s remaining)
  [width2x_e14] 3500/14693 (15s, ~47s remaining)
  [width2x_e14] 4000/14693 (17s, ~45s remaining)
  [width2x_e14] 4500/14693 (19s, ~43s remaining)
  [width2x_e14] 5000/14693 (21s, ~40s remaining)
  [width2x_e14] 5500/14693 (23s, ~38s remaining)
  [width2x_e14] 6000/14693 (25s, ~36s remaining)
  [width2x_e14] 6500/14693 (27s, ~34s remaining)
  [width2x_e14] 7000/14693 (29s, ~32s remaining)
  [width2x_e14] 7500/14693 (31s, ~30s remaining)
  [width2x_e14] 8000/14693 (33s, ~28s remaining)
  [width2x_e14] 8500/14693 (35s, ~26s remaining)
  [width2x_e14] 9000/14693 (38s, ~24s remaining)
  [width2x_e14] 9500/14693 (40s, ~22s remaining)
  [width2x_e14] 10000/14693 (42s, ~20s remaining)
  [width2x_e14] 10500/14693 (44s, ~17s remaining)
  [width2x_e14] 11000/14693 (46s, ~15s remaining)
  [width2x_e14] 11500/14693 (48s, ~13s remaining)
  [width2x_e14] 12000/14693 (50s, ~11s remaining)
  [width2x_e14] 12500/14693 (52s, ~9s remaining)
  [width2x_e14] 13000/14693 (54s, ~7s remaining)
  [width2x_e14] 13500/14693 (56s, ~5s remaining)
  [width2x_e14] 14000/14693 (58s, ~3s remaining)
  [width2x_e14] 14500/14693 (60s, ~1s remaining)
  [width2x_e14] Done: 14693 decisions in 61.1s
  [width2x_e14] Saved per-decision errors: experiments/exp030-capacity/dumps/width2x_e14.npz


==========================================================================================
BGSage Money Benchmark - Checker-only, cubeless reference
Positions: 14693 checker decisions from 500 games
Reference: cubeless_equity (Sage 3P / 3T / Rollout)
Engines rank candidates by: cubeless equity
==========================================================================================

MOVE SELECTION (PR = mean error x 500, lower is better)

  Engine                               PR      N  Blndr   prace    race     atk   prime    anch
  --------------------------------------------------------------------------------------
  width2x_e14                        1.30  14693     38    0.49    1.51    1.20    1.40    1.61

  (N per plan)                                             1816    3120    4111    2453    3193

EVAL ACCURACY (R^2 / MSE on predicted vs reference cubeless equity)

  Engine                             R2(rollout)      MSE        N        R2(3T)      MSE        N        R2(3P)      MSE        N       R2(all)      MSE        N
  --------------------------------------------------------------------------------------------------------------
  width2x_e14                             0.9963   0.0022   149113        0.9933   0.0021    61917        0.9934   0.0018   116421        0.9953   0.0021   327451

Saving results to experiments/exp030-capacity/scratch/
  Saved: experiments/exp030-capacity/scratch/width2x_e14.json
  Saved: experiments/exp030-capacity/scratch/summary.json
Loading benchmark: /home/lasse/python-projects/raccoon/data/bgsage/money_benchmark/benchmark.json.gz
  14693 checker decisions from 500 games

Scoring raccoon: width2x_e15 (experiments/exp030-capacity/width2x/checkpoints/ep15.pt)...
  [width2x_e15] 500/14693 (2s, ~62s remaining)
  [width2x_e15] 1000/14693 (4s, ~58s remaining)
  [width2x_e15] 1500/14693 (6s, ~55s remaining)
  [width2x_e15] 2000/14693 (8s, ~53s remaining)
  [width2x_e15] 2500/14693 (10s, ~51s remaining)
  [width2x_e15] 3000/14693 (12s, ~49s remaining)
  [width2x_e15] 3500/14693 (14s, ~46s remaining)
  [width2x_e15] 4000/14693 (16s, ~44s remaining)
  [width2x_e15] 4500/14693 (18s, ~42s remaining)
  [width2x_e15] 5000/14693 (21s, ~40s remaining)
  [width2x_e15] 5500/14693 (22s, ~37s remaining)
  [width2x_e15] 6000/14693 (24s, ~35s remaining)
  [width2x_e15] 6500/14693 (26s, ~33s remaining)
  [width2x_e15] 7000/14693 (28s, ~31s remaining)
  [width2x_e15] 7500/14693 (31s, ~29s remaining)
  [width2x_e15] 8000/14693 (33s, ~27s remaining)
  [width2x_e15] 8500/14693 (35s, ~25s remaining)
  [width2x_e15] 9000/14693 (37s, ~23s remaining)
  [width2x_e15] 9500/14693 (39s, ~21s remaining)
  [width2x_e15] 10000/14693 (41s, ~19s remaining)
  [width2x_e15] 10500/14693 (43s, ~17s remaining)
  [width2x_e15] 11000/14693 (45s, ~15s remaining)
  [width2x_e15] 11500/14693 (47s, ~13s remaining)
  [width2x_e15] 12000/14693 (49s, ~11s remaining)
  [width2x_e15] 12500/14693 (51s, ~9s remaining)
  [width2x_e15] 13000/14693 (53s, ~7s remaining)
  [width2x_e15] 13500/14693 (55s, ~5s remaining)
  [width2x_e15] 14000/14693 (57s, ~3s remaining)
  [width2x_e15] 14500/14693 (59s, ~1s remaining)
  [width2x_e15] Done: 14693 decisions in 60.2s
  [width2x_e15] Saved per-decision errors: experiments/exp030-capacity/dumps/width2x_e15.npz


==========================================================================================
BGSage Money Benchmark - Checker-only, cubeless reference
Positions: 14693 checker decisions from 500 games
Reference: cubeless_equity (Sage 3P / 3T / Rollout)
Engines rank candidates by: cubeless equity
==========================================================================================

MOVE SELECTION (PR = mean error x 500, lower is better)

  Engine                               PR      N  Blndr   prace    race     atk   prime    anch
  --------------------------------------------------------------------------------------
  width2x_e15                        1.30  14693     39    0.46    1.58    1.19    1.43    1.54

  (N per plan)                                             1816    3120    4111    2453    3193

EVAL ACCURACY (R^2 / MSE on predicted vs reference cubeless equity)

  Engine                             R2(rollout)      MSE        N        R2(3T)      MSE        N        R2(3P)      MSE        N       R2(all)      MSE        N
  --------------------------------------------------------------------------------------------------------------
  width2x_e15                             0.9965   0.0021   149113        0.9935   0.0021    61917        0.9935   0.0018   116421        0.9954   0.0020   327451

Saving results to experiments/exp030-capacity/scratch/
  Saved: experiments/exp030-capacity/scratch/width2x_e15.json
  Saved: experiments/exp030-capacity/scratch/summary.json
Loading benchmark: /home/lasse/python-projects/raccoon/data/bgsage/money_benchmark/benchmark.json.gz
  14693 checker decisions from 500 games

Scoring raccoon: width2x_e16 (experiments/exp030-capacity/width2x/checkpoints/ep16.pt)...
  [width2x_e16] 500/14693 (2s, ~63s remaining)
  [width2x_e16] 1000/14693 (4s, ~59s remaining)
  [width2x_e16] 1500/14693 (6s, ~56s remaining)
  [width2x_e16] 2000/14693 (9s, ~54s remaining)
  [width2x_e16] 2500/14693 (11s, ~52s remaining)
  [width2x_e16] 3000/14693 (13s, ~49s remaining)
  [width2x_e16] 3500/14693 (15s, ~47s remaining)
  [width2x_e16] 4000/14693 (17s, ~45s remaining)
  [width2x_e16] 4500/14693 (19s, ~43s remaining)
  [width2x_e16] 5000/14693 (21s, ~41s remaining)
  [width2x_e16] 5500/14693 (23s, ~38s remaining)
  [width2x_e16] 6000/14693 (25s, ~36s remaining)
  [width2x_e16] 6500/14693 (27s, ~34s remaining)
  [width2x_e16] 7000/14693 (29s, ~32s remaining)
  [width2x_e16] 7500/14693 (31s, ~30s remaining)
  [width2x_e16] 8000/14693 (33s, ~28s remaining)
  [width2x_e16] 8500/14693 (36s, ~26s remaining)
  [width2x_e16] 9000/14693 (38s, ~24s remaining)
  [width2x_e16] 9500/14693 (40s, ~22s remaining)
  [width2x_e16] 10000/14693 (42s, ~20s remaining)
  [width2x_e16] 10500/14693 (44s, ~18s remaining)
  [width2x_e16] 11000/14693 (46s, ~16s remaining)
  [width2x_e16] 11500/14693 (48s, ~13s remaining)
  [width2x_e16] 12000/14693 (50s, ~11s remaining)
  [width2x_e16] 12500/14693 (53s, ~9s remaining)
  [width2x_e16] 13000/14693 (55s, ~7s remaining)
  [width2x_e16] 13500/14693 (57s, ~5s remaining)
  [width2x_e16] 14000/14693 (59s, ~3s remaining)
  [width2x_e16] 14500/14693 (61s, ~1s remaining)
  [width2x_e16] Done: 14693 decisions in 61.7s
  [width2x_e16] Saved per-decision errors: experiments/exp030-capacity/dumps/width2x_e16.npz


==========================================================================================
BGSage Money Benchmark - Checker-only, cubeless reference
Positions: 14693 checker decisions from 500 games
Reference: cubeless_equity (Sage 3P / 3T / Rollout)
Engines rank candidates by: cubeless equity
==========================================================================================

MOVE SELECTION (PR = mean error x 500, lower is better)

  Engine                               PR      N  Blndr   prace    race     atk   prime    anch
  --------------------------------------------------------------------------------------
  width2x_e16                        1.27  14693     32    0.47    1.52    1.21    1.37    1.49

  (N per plan)                                             1816    3120    4111    2453    3193

EVAL ACCURACY (R^2 / MSE on predicted vs reference cubeless equity)

  Engine                             R2(rollout)      MSE        N        R2(3T)      MSE        N        R2(3P)      MSE        N       R2(all)      MSE        N
  --------------------------------------------------------------------------------------------------------------
  width2x_e16                             0.9965   0.0021   149113        0.9935   0.0021    61917        0.9935   0.0018   116421        0.9955   0.0020   327451

Saving results to experiments/exp030-capacity/scratch/
  Saved: experiments/exp030-capacity/scratch/width2x_e16.json
  Saved: experiments/exp030-capacity/scratch/summary.json
Loading benchmark: /home/lasse/python-projects/raccoon/data/bgsage/money_benchmark/benchmark.json.gz
  14693 checker decisions from 500 games

Scoring raccoon: width2x_e17 (experiments/exp030-capacity/width2x/checkpoints/ep17.pt)...
  [width2x_e17] 500/14693 (2s, ~64s remaining)
  [width2x_e17] 1000/14693 (4s, ~59s remaining)
  [width2x_e17] 1500/14693 (6s, ~57s remaining)
  [width2x_e17] 2000/14693 (9s, ~54s remaining)
  [width2x_e17] 2500/14693 (11s, ~52s remaining)
  [width2x_e17] 3000/14693 (13s, ~50s remaining)
  [width2x_e17] 3500/14693 (15s, ~48s remaining)
  [width2x_e17] 4000/14693 (17s, ~45s remaining)
  [width2x_e17] 4500/14693 (19s, ~43s remaining)
  [width2x_e17] 5000/14693 (21s, ~41s remaining)
  [width2x_e17] 5500/14693 (23s, ~38s remaining)
  [width2x_e17] 6000/14693 (25s, ~36s remaining)
  [width2x_e17] 6500/14693 (27s, ~34s remaining)
  [width2x_e17] 7000/14693 (29s, ~32s remaining)
  [width2x_e17] 7500/14693 (32s, ~30s remaining)
  [width2x_e17] 8000/14693 (34s, ~28s remaining)
  [width2x_e17] 8500/14693 (36s, ~26s remaining)
  [width2x_e17] 9000/14693 (38s, ~24s remaining)
  [width2x_e17] 9500/14693 (40s, ~22s remaining)
  [width2x_e17] 10000/14693 (42s, ~20s remaining)
  [width2x_e17] 10500/14693 (44s, ~18s remaining)
  [width2x_e17] 11000/14693 (47s, ~16s remaining)
  [width2x_e17] 11500/14693 (49s, ~13s remaining)
  [width2x_e17] 12000/14693 (51s, ~11s remaining)
  [width2x_e17] 12500/14693 (53s, ~9s remaining)
  [width2x_e17] 13000/14693 (55s, ~7s remaining)
  [width2x_e17] 13500/14693 (57s, ~5s remaining)
  [width2x_e17] 14000/14693 (59s, ~3s remaining)
  [width2x_e17] 14500/14693 (61s, ~1s remaining)
  [width2x_e17] Done: 14693 decisions in 62.1s
  [width2x_e17] Saved per-decision errors: experiments/exp030-capacity/dumps/width2x_e17.npz


==========================================================================================
BGSage Money Benchmark - Checker-only, cubeless reference
Positions: 14693 checker decisions from 500 games
Reference: cubeless_equity (Sage 3P / 3T / Rollout)
Engines rank candidates by: cubeless equity
==========================================================================================

MOVE SELECTION (PR = mean error x 500, lower is better)

  Engine                               PR      N  Blndr   prace    race     atk   prime    anch
  --------------------------------------------------------------------------------------
  width2x_e17                        1.28  14693     33    0.48    1.57    1.20    1.38    1.47

  (N per plan)                                             1816    3120    4111    2453    3193

EVAL ACCURACY (R^2 / MSE on predicted vs reference cubeless equity)

  Engine                             R2(rollout)      MSE        N        R2(3T)      MSE        N        R2(3P)      MSE        N       R2(all)      MSE        N
  --------------------------------------------------------------------------------------------------------------
  width2x_e17                             0.9964   0.0022   149113        0.9934   0.0021    61917        0.9936   0.0018   116421        0.9954   0.0020   327451

Saving results to experiments/exp030-capacity/scratch/
  Saved: experiments/exp030-capacity/scratch/width2x_e17.json
  Saved: experiments/exp030-capacity/scratch/summary.json
Loading benchmark: /home/lasse/python-projects/raccoon/data/bgsage/money_benchmark/benchmark.json.gz
  14693 checker decisions from 500 games

Scoring raccoon: width2x_e18 (experiments/exp030-capacity/width2x/checkpoints/ep18.pt)...
  [width2x_e18] 500/14693 (2s, ~65s remaining)
  [width2x_e18] 1000/14693 (4s, ~60s remaining)
  [width2x_e18] 1500/14693 (7s, ~58s remaining)
  [width2x_e18] 2000/14693 (9s, ~55s remaining)
  [width2x_e18] 2500/14693 (11s, ~53s remaining)
  [width2x_e18] 3000/14693 (13s, ~51s remaining)
  [width2x_e18] 3500/14693 (15s, ~48s remaining)
  [width2x_e18] 4000/14693 (17s, ~46s remaining)
  [width2x_e18] 4500/14693 (19s, ~44s remaining)
  [width2x_e18] 5000/14693 (22s, ~42s remaining)
  [width2x_e18] 5500/14693 (23s, ~39s remaining)
  [width2x_e18] 6000/14693 (25s, ~37s remaining)
  [width2x_e18] 6500/14693 (28s, ~35s remaining)
  [width2x_e18] 7000/14693 (30s, ~33s remaining)
  [width2x_e18] 7500/14693 (32s, ~31s remaining)
  [width2x_e18] 8000/14693 (34s, ~29s remaining)
  [width2x_e18] 8500/14693 (37s, ~27s remaining)
  [width2x_e18] 9000/14693 (39s, ~25s remaining)
  [width2x_e18] 9500/14693 (41s, ~22s remaining)
  [width2x_e18] 10000/14693 (43s, ~20s remaining)
  [width2x_e18] 10500/14693 (45s, ~18s remaining)
  [width2x_e18] 11000/14693 (47s, ~16s remaining)
  [width2x_e18] 11500/14693 (49s, ~14s remaining)
  [width2x_e18] 12000/14693 (52s, ~12s remaining)
  [width2x_e18] 12500/14693 (54s, ~9s remaining)
  [width2x_e18] 13000/14693 (56s, ~7s remaining)
  [width2x_e18] 13500/14693 (58s, ~5s remaining)
  [width2x_e18] 14000/14693 (60s, ~3s remaining)
  [width2x_e18] 14500/14693 (62s, ~1s remaining)
  [width2x_e18] Done: 14693 decisions in 63.1s
  [width2x_e18] Saved per-decision errors: experiments/exp030-capacity/dumps/width2x_e18.npz


==========================================================================================
BGSage Money Benchmark - Checker-only, cubeless reference
Positions: 14693 checker decisions from 500 games
Reference: cubeless_equity (Sage 3P / 3T / Rollout)
Engines rank candidates by: cubeless equity
==========================================================================================

MOVE SELECTION (PR = mean error x 500, lower is better)

  Engine                               PR      N  Blndr   prace    race     atk   prime    anch
  --------------------------------------------------------------------------------------
  width2x_e18                        1.27  14693     32    0.51    1.56    1.19    1.33    1.48

  (N per plan)                                             1816    3120    4111    2453    3193

EVAL ACCURACY (R^2 / MSE on predicted vs reference cubeless equity)

  Engine                             R2(rollout)      MSE        N        R2(3T)      MSE        N        R2(3P)      MSE        N       R2(all)      MSE        N
  --------------------------------------------------------------------------------------------------------------
  width2x_e18                             0.9964   0.0021   149113        0.9935   0.0021    61917        0.9937   0.0017   116421        0.9954   0.0020   327451

Saving results to experiments/exp030-capacity/scratch/
  Saved: experiments/exp030-capacity/scratch/width2x_e18.json
  Saved: experiments/exp030-capacity/scratch/summary.json
Loading benchmark: /home/lasse/python-projects/raccoon/data/bgsage/money_benchmark/benchmark.json.gz
  14693 checker decisions from 500 games

Scoring raccoon: width2x_e19 (experiments/exp030-capacity/width2x/checkpoints/ep19.pt)...
  [width2x_e19] 500/14693 (2s, ~62s remaining)
  [width2x_e19] 1000/14693 (4s, ~58s remaining)
  [width2x_e19] 1500/14693 (6s, ~56s remaining)
  [width2x_e19] 2000/14693 (8s, ~53s remaining)
  [width2x_e19] 2500/14693 (10s, ~51s remaining)
  [width2x_e19] 3000/14693 (13s, ~49s remaining)
  [width2x_e19] 3500/14693 (15s, ~47s remaining)
  [width2x_e19] 4000/14693 (17s, ~44s remaining)
  [width2x_e19] 4500/14693 (19s, ~42s remaining)
  [width2x_e19] 5000/14693 (21s, ~40s remaining)
  [width2x_e19] 5500/14693 (23s, ~38s remaining)
  [width2x_e19] 6000/14693 (25s, ~36s remaining)
  [width2x_e19] 6500/14693 (26s, ~33s remaining)
  [width2x_e19] 7000/14693 (29s, ~31s remaining)
  [width2x_e19] 7500/14693 (31s, ~30s remaining)
  [width2x_e19] 8000/14693 (33s, ~28s remaining)
  [width2x_e19] 8500/14693 (35s, ~26s remaining)
  [width2x_e19] 9000/14693 (37s, ~24s remaining)
  [width2x_e19] 9500/14693 (39s, ~21s remaining)
  [width2x_e19] 10000/14693 (41s, ~19s remaining)
  [width2x_e19] 10500/14693 (43s, ~17s remaining)
  [width2x_e19] 11000/14693 (45s, ~15s remaining)
  [width2x_e19] 11500/14693 (47s, ~13s remaining)
  [width2x_e19] 12000/14693 (50s, ~11s remaining)
  [width2x_e19] 12500/14693 (52s, ~9s remaining)
  [width2x_e19] 13000/14693 (54s, ~7s remaining)
  [width2x_e19] 13500/14693 (56s, ~5s remaining)
  [width2x_e19] 14000/14693 (58s, ~3s remaining)
  [width2x_e19] 14500/14693 (60s, ~1s remaining)
  [width2x_e19] Done: 14693 decisions in 60.6s
  [width2x_e19] Saved per-decision errors: experiments/exp030-capacity/dumps/width2x_e19.npz


==========================================================================================
BGSage Money Benchmark - Checker-only, cubeless reference
Positions: 14693 checker decisions from 500 games
Reference: cubeless_equity (Sage 3P / 3T / Rollout)
Engines rank candidates by: cubeless equity
==========================================================================================

MOVE SELECTION (PR = mean error x 500, lower is better)

  Engine                               PR      N  Blndr   prace    race     atk   prime    anch
  --------------------------------------------------------------------------------------
  width2x_e19                        1.28  14693     32    0.49    1.59    1.19    1.32    1.50

  (N per plan)                                             1816    3120    4111    2453    3193

EVAL ACCURACY (R^2 / MSE on predicted vs reference cubeless equity)

  Engine                             R2(rollout)      MSE        N        R2(3T)      MSE        N        R2(3P)      MSE        N       R2(all)      MSE        N
  --------------------------------------------------------------------------------------------------------------
  width2x_e19                             0.9965   0.0021   149113        0.9935   0.0021    61917        0.9936   0.0018   116421        0.9954   0.0020   327451

Saving results to experiments/exp030-capacity/scratch/
  Saved: experiments/exp030-capacity/scratch/width2x_e19.json
  Saved: experiments/exp030-capacity/scratch/summary.json
Loading benchmark: /home/lasse/python-projects/raccoon/data/bgsage/money_benchmark/benchmark.json.gz
  14693 checker decisions from 500 games

Scoring raccoon: width2x_e20 (experiments/exp030-capacity/width2x/checkpoints/ep20.pt)...
  [width2x_e20] 500/14693 (2s, ~61s remaining)
  [width2x_e20] 1000/14693 (4s, ~57s remaining)
  [width2x_e20] 1500/14693 (6s, ~55s remaining)
  [width2x_e20] 2000/14693 (8s, ~53s remaining)
  [width2x_e20] 2500/14693 (10s, ~50s remaining)
  [width2x_e20] 3000/14693 (12s, ~48s remaining)
  [width2x_e20] 3500/14693 (14s, ~46s remaining)
  [width2x_e20] 4000/14693 (16s, ~44s remaining)
  [width2x_e20] 4500/14693 (18s, ~42s remaining)
  [width2x_e20] 5000/14693 (20s, ~40s remaining)
  [width2x_e20] 5500/14693 (22s, ~37s remaining)
  [width2x_e20] 6000/14693 (24s, ~35s remaining)
  [width2x_e20] 6500/14693 (26s, ~33s remaining)
  [width2x_e20] 7000/14693 (28s, ~31s remaining)
  [width2x_e20] 7500/14693 (30s, ~29s remaining)
  [width2x_e20] 8000/14693 (33s, ~27s remaining)
  [width2x_e20] 8500/14693 (35s, ~25s remaining)
  [width2x_e20] 9000/14693 (37s, ~23s remaining)
  [width2x_e20] 9500/14693 (39s, ~21s remaining)
  [width2x_e20] 10000/14693 (41s, ~19s remaining)
  [width2x_e20] 10500/14693 (43s, ~17s remaining)
  [width2x_e20] 11000/14693 (45s, ~15s remaining)
  [width2x_e20] 11500/14693 (47s, ~13s remaining)
  [width2x_e20] 12000/14693 (49s, ~11s remaining)
  [width2x_e20] 12500/14693 (51s, ~9s remaining)
  [width2x_e20] 13000/14693 (53s, ~7s remaining)
  [width2x_e20] 13500/14693 (55s, ~5s remaining)
  [width2x_e20] 14000/14693 (57s, ~3s remaining)
  [width2x_e20] 14500/14693 (59s, ~1s remaining)
  [width2x_e20] Done: 14693 decisions in 60.0s
  [width2x_e20] Saved per-decision errors: experiments/exp030-capacity/dumps/width2x_e20.npz


==========================================================================================
BGSage Money Benchmark - Checker-only, cubeless reference
Positions: 14693 checker decisions from 500 games
Reference: cubeless_equity (Sage 3P / 3T / Rollout)
Engines rank candidates by: cubeless equity
==========================================================================================

MOVE SELECTION (PR = mean error x 500, lower is better)

  Engine                               PR      N  Blndr   prace    race     atk   prime    anch
  --------------------------------------------------------------------------------------
  width2x_e20                        1.28  14693     32    0.48    1.59    1.20    1.34    1.49

  (N per plan)                                             1816    3120    4111    2453    3193

EVAL ACCURACY (R^2 / MSE on predicted vs reference cubeless equity)

  Engine                             R2(rollout)      MSE        N        R2(3T)      MSE        N        R2(3P)      MSE        N       R2(all)      MSE        N
  --------------------------------------------------------------------------------------------------------------
  width2x_e20                             0.9965   0.0021   149113        0.9935   0.0021    61917        0.9936   0.0018   116421        0.9955   0.0020   327451

Saving results to experiments/exp030-capacity/scratch/
  Saved: experiments/exp030-capacity/scratch/width2x_e20.json
  Saved: experiments/exp030-capacity/scratch/summary.json
