Loading benchmark: /home/lasse/python-projects/raccoon/data/bgsage/money_benchmark/benchmark.json.gz
  14693 checker decisions from 500 games

Scoring raccoon: mlp_h512 (experiments/exp028-mlp/mlp_h512/checkpoints/best.pt)...
  [mlp_h512] 500/14693 (2s, ~48s remaining)
  [mlp_h512] 1000/14693 (3s, ~45s remaining)
  [mlp_h512] 1500/14693 (5s, ~43s remaining)
  [mlp_h512] 2000/14693 (6s, ~41s remaining)
  [mlp_h512] 2500/14693 (8s, ~39s remaining)
  [mlp_h512] 3000/14693 (10s, ~37s remaining)
  [mlp_h512] 3500/14693 (11s, ~35s remaining)
  [mlp_h512] 4000/14693 (13s, ~34s remaining)
  [mlp_h512] 4500/14693 (14s, ~32s remaining)
  [mlp_h512] 5000/14693 (16s, ~30s remaining)
  [mlp_h512] 5500/14693 (17s, ~29s remaining)
  [mlp_h512] 6000/14693 (19s, ~27s remaining)
  [mlp_h512] 6500/14693 (20s, ~25s remaining)
  [mlp_h512] 7000/14693 (22s, ~24s remaining)
  [mlp_h512] 7500/14693 (23s, ~22s remaining)
  [mlp_h512] 8000/14693 (25s, ~21s remaining)
  [mlp_h512] 8500/14693 (27s, ~19s remaining)
  [mlp_h512] 9000/14693 (28s, ~18s remaining)
  [mlp_h512] 9500/14693 (30s, ~16s remaining)
  [mlp_h512] 10000/14693 (31s, ~15s remaining)
  [mlp_h512] 10500/14693 (33s, ~13s remaining)
  [mlp_h512] 11000/14693 (35s, ~12s remaining)
  [mlp_h512] 11500/14693 (36s, ~10s remaining)
  [mlp_h512] 12000/14693 (38s, ~8s remaining)
  [mlp_h512] 12500/14693 (39s, ~7s remaining)
  [mlp_h512] 13000/14693 (41s, ~5s remaining)
  [mlp_h512] 13500/14693 (42s, ~4s remaining)
  [mlp_h512] 14000/14693 (44s, ~2s remaining)
  [mlp_h512] 14500/14693 (45s, ~1s remaining)
  [mlp_h512] Done: 14693 decisions in 46.0s


==========================================================================================
BGSage Money Benchmark - Checker-only, cubeless reference
Positions: 14693 checker decisions from 500 games
Reference: cubeless_equity (Sage 3P / 3T / Rollout)
Engines rank candidates by: cubeless equity
==========================================================================================

MOVE SELECTION (PR = mean error x 500, lower is better)

  Engine                               PR      N  Blndr   prace    race     atk   prime    anch
  --------------------------------------------------------------------------------------
  mlp_h512                           4.89  14693    401    1.84    5.42    4.57    6.08    5.60

  (N per plan)                                             1816    3120    4111    2453    3193

EVAL ACCURACY (R^2 / MSE on predicted vs reference cubeless equity)

  Engine                             R2(rollout)      MSE        N        R2(3T)      MSE        N        R2(3P)      MSE        N       R2(all)      MSE        N
  --------------------------------------------------------------------------------------------------------------
  mlp_h512                                0.9851   0.0089   149113        0.9699   0.0096    61917        0.9582   0.0115   116421        0.9771   0.0100   327451

Saving results to experiments/exp028-mlp/results/
  Saved: experiments/exp028-mlp/results/mlp_h512.json
  Saved: experiments/exp028-mlp/results/summary.json
