Loading benchmark: /home/lasse/python-projects/raccoon/data/bgsage/money_benchmark/benchmark.json.gz
  14693 checker decisions from 500 games
  (limiting to first 4000 decisions)
  (random subsample: 4000 decisions, seed 21)

Scoring raccoon: debroadcast_base_ep1 (experiments/exp028-mlp/debroadcast_base/checkpoints/ep1.pt)...
  [debroadcast_base_ep1] 500/4000 (2s, ~15s remaining)
  [debroadcast_base_ep1] 1000/4000 (4s, ~11s remaining)
  [debroadcast_base_ep1] 1500/4000 (6s, ~9s remaining)
  [debroadcast_base_ep1] 2000/4000 (8s, ~8s remaining)
  [debroadcast_base_ep1] 2500/4000 (9s, ~6s remaining)
  [debroadcast_base_ep1] 3000/4000 (11s, ~4s remaining)
  [debroadcast_base_ep1] 3500/4000 (13s, ~2s remaining)
  [debroadcast_base_ep1] 4000/4000 (15s, ~0s remaining)
  [debroadcast_base_ep1] Done: 4000 decisions in 15.1s


==========================================================================================
BGSage Money Benchmark - Checker-only, cubeless reference
Positions: 4000 checker decisions from 500 games
Reference: cubeless_equity (Sage 3P / 3T / Rollout)
Engines rank candidates by: cubeless equity
==========================================================================================

MOVE SELECTION (PR = mean error x 500, lower is better)

  Engine                               PR      N  Blndr   prace    race     atk   prime    anch
  --------------------------------------------------------------------------------------
  debroadcast_base_ep1               2.18   4000     26    0.73    2.64    2.34    1.95    2.51

  (N per plan)                                              483     833    1130     677     877

EVAL ACCURACY (R^2 / MSE on predicted vs reference cubeless equity)

  Engine                             R2(rollout)      MSE        N        R2(3T)      MSE        N        R2(3P)      MSE        N       R2(all)      MSE        N
  --------------------------------------------------------------------------------------------------------------
  debroadcast_base_ep1                    0.9944   0.0033    41054        0.9881   0.0043    16599        0.9850   0.0044    32119        0.9913   0.0039    89772

Loading benchmark: /home/lasse/python-projects/raccoon/data/bgsage/money_benchmark/benchmark.json.gz
  14693 checker decisions from 500 games
  (limiting to first 4000 decisions)
  (random subsample: 4000 decisions, seed 21)

Scoring raccoon: debroadcast_base_ep2 (experiments/exp028-mlp/debroadcast_base/checkpoints/ep2.pt)...
  [debroadcast_base_ep2] 500/4000 (2s, ~15s remaining)
  [debroadcast_base_ep2] 1000/4000 (4s, ~11s remaining)
  [debroadcast_base_ep2] 1500/4000 (5s, ~9s remaining)
  [debroadcast_base_ep2] 2000/4000 (7s, ~7s remaining)
  [debroadcast_base_ep2] 2500/4000 (9s, ~6s remaining)
  [debroadcast_base_ep2] 3000/4000 (11s, ~4s remaining)
  [debroadcast_base_ep2] 3500/4000 (13s, ~2s remaining)
  [debroadcast_base_ep2] 4000/4000 (15s, ~0s remaining)
  [debroadcast_base_ep2] Done: 4000 decisions in 14.9s


==========================================================================================
BGSage Money Benchmark - Checker-only, cubeless reference
Positions: 4000 checker decisions from 500 games
Reference: cubeless_equity (Sage 3P / 3T / Rollout)
Engines rank candidates by: cubeless equity
==========================================================================================

MOVE SELECTION (PR = mean error x 500, lower is better)

  Engine                               PR      N  Blndr   prace    race     atk   prime    anch
  --------------------------------------------------------------------------------------
  debroadcast_base_ep2               1.90   4000     18    0.69    2.36    1.79    1.72    2.39

  (N per plan)                                              483     833    1130     677     877

EVAL ACCURACY (R^2 / MSE on predicted vs reference cubeless equity)

  Engine                             R2(rollout)      MSE        N        R2(3T)      MSE        N        R2(3P)      MSE        N       R2(all)      MSE        N
  --------------------------------------------------------------------------------------------------------------
  debroadcast_base_ep2                    0.9951   0.0028    41054        0.9923   0.0028    16599        0.9882   0.0034    32119        0.9931   0.0030    89772

Loading benchmark: /home/lasse/python-projects/raccoon/data/bgsage/money_benchmark/benchmark.json.gz
  14693 checker decisions from 500 games
  (limiting to first 4000 decisions)
  (random subsample: 4000 decisions, seed 21)

Scoring raccoon: debroadcast_base_ep3 (experiments/exp028-mlp/debroadcast_base/checkpoints/ep3.pt)...
  [debroadcast_base_ep3] 500/4000 (2s, ~14s remaining)
  [debroadcast_base_ep3] 1000/4000 (4s, ~11s remaining)
  [debroadcast_base_ep3] 1500/4000 (5s, ~9s remaining)
  [debroadcast_base_ep3] 2000/4000 (7s, ~7s remaining)
  [debroadcast_base_ep3] 2500/4000 (9s, ~5s remaining)
  [debroadcast_base_ep3] 3000/4000 (11s, ~4s remaining)
  [debroadcast_base_ep3] 3500/4000 (13s, ~2s remaining)
  [debroadcast_base_ep3] 4000/4000 (14s, ~0s remaining)
  [debroadcast_base_ep3] Done: 4000 decisions in 14.5s


==========================================================================================
BGSage Money Benchmark - Checker-only, cubeless reference
Positions: 4000 checker decisions from 500 games
Reference: cubeless_equity (Sage 3P / 3T / Rollout)
Engines rank candidates by: cubeless equity
==========================================================================================

MOVE SELECTION (PR = mean error x 500, lower is better)

  Engine                               PR      N  Blndr   prace    race     atk   prime    anch
  --------------------------------------------------------------------------------------
  debroadcast_base_ep3               1.83   4000     18    0.69    2.22    2.08    1.56    1.97

  (N per plan)                                              483     833    1130     677     877

EVAL ACCURACY (R^2 / MSE on predicted vs reference cubeless equity)

  Engine                             R2(rollout)      MSE        N        R2(3T)      MSE        N        R2(3P)      MSE        N       R2(all)      MSE        N
  --------------------------------------------------------------------------------------------------------------
  debroadcast_base_ep3                    0.9953   0.0027    41054        0.9922   0.0028    16599        0.9896   0.0030    32119        0.9935   0.0028    89772

Loading benchmark: /home/lasse/python-projects/raccoon/data/bgsage/money_benchmark/benchmark.json.gz
  14693 checker decisions from 500 games
  (limiting to first 4000 decisions)
  (random subsample: 4000 decisions, seed 21)

Scoring raccoon: debroadcast_base_ep4 (experiments/exp028-mlp/debroadcast_base/checkpoints/ep4.pt)...
  [debroadcast_base_ep4] 500/4000 (2s, ~15s remaining)
  [debroadcast_base_ep4] 1000/4000 (4s, ~12s remaining)
  [debroadcast_base_ep4] 1500/4000 (6s, ~9s remaining)
  [debroadcast_base_ep4] 2000/4000 (8s, ~8s remaining)
  [debroadcast_base_ep4] 2500/4000 (10s, ~6s remaining)
  [debroadcast_base_ep4] 3000/4000 (12s, ~4s remaining)
  [debroadcast_base_ep4] 3500/4000 (14s, ~2s remaining)
  [debroadcast_base_ep4] 4000/4000 (15s, ~0s remaining)
  [debroadcast_base_ep4] Done: 4000 decisions in 15.5s


==========================================================================================
BGSage Money Benchmark - Checker-only, cubeless reference
Positions: 4000 checker decisions from 500 games
Reference: cubeless_equity (Sage 3P / 3T / Rollout)
Engines rank candidates by: cubeless equity
==========================================================================================

MOVE SELECTION (PR = mean error x 500, lower is better)

  Engine                               PR      N  Blndr   prace    race     atk   prime    anch
  --------------------------------------------------------------------------------------
  debroadcast_base_ep4               1.77   4000     20    0.91    2.04    1.79    1.76    1.97

  (N per plan)                                              483     833    1130     677     877

EVAL ACCURACY (R^2 / MSE on predicted vs reference cubeless equity)

  Engine                             R2(rollout)      MSE        N        R2(3T)      MSE        N        R2(3P)      MSE        N       R2(all)      MSE        N
  --------------------------------------------------------------------------------------------------------------
  debroadcast_base_ep4                    0.9956   0.0026    41054        0.9929   0.0025    16599        0.9902   0.0028    32119        0.9939   0.0027    89772

Loading benchmark: /home/lasse/python-projects/raccoon/data/bgsage/money_benchmark/benchmark.json.gz
  14693 checker decisions from 500 games
  (limiting to first 4000 decisions)
  (random subsample: 4000 decisions, seed 21)

Scoring raccoon: debroadcast_base_ep5 (experiments/exp028-mlp/debroadcast_base/checkpoints/ep5.pt)...
  [debroadcast_base_ep5] 500/4000 (2s, ~14s remaining)
  [debroadcast_base_ep5] 1000/4000 (4s, ~11s remaining)
  [debroadcast_base_ep5] 1500/4000 (5s, ~9s remaining)
  [debroadcast_base_ep5] 2000/4000 (7s, ~7s remaining)
  [debroadcast_base_ep5] 2500/4000 (9s, ~5s remaining)
  [debroadcast_base_ep5] 3000/4000 (11s, ~4s remaining)
  [debroadcast_base_ep5] 3500/4000 (13s, ~2s remaining)
  [debroadcast_base_ep5] 4000/4000 (14s, ~0s remaining)
  [debroadcast_base_ep5] Done: 4000 decisions in 14.3s


==========================================================================================
BGSage Money Benchmark - Checker-only, cubeless reference
Positions: 4000 checker decisions from 500 games
Reference: cubeless_equity (Sage 3P / 3T / Rollout)
Engines rank candidates by: cubeless equity
==========================================================================================

MOVE SELECTION (PR = mean error x 500, lower is better)

  Engine                               PR      N  Blndr   prace    race     atk   prime    anch
  --------------------------------------------------------------------------------------
  debroadcast_base_ep5               1.98   4000     26    0.53    1.93    2.05    2.47    2.37

  (N per plan)                                              483     833    1130     677     877

EVAL ACCURACY (R^2 / MSE on predicted vs reference cubeless equity)

  Engine                             R2(rollout)      MSE        N        R2(3T)      MSE        N        R2(3P)      MSE        N       R2(all)      MSE        N
  --------------------------------------------------------------------------------------------------------------
  debroadcast_base_ep5                    0.9955   0.0026    41054        0.9924   0.0027    16599        0.9895   0.0031    32119        0.9936   0.0028    89772

Loading benchmark: /home/lasse/python-projects/raccoon/data/bgsage/money_benchmark/benchmark.json.gz
  14693 checker decisions from 500 games
  (limiting to first 4000 decisions)
  (random subsample: 4000 decisions, seed 21)

Scoring raccoon: debroadcast_base_ep6 (experiments/exp028-mlp/debroadcast_base/checkpoints/ep6.pt)...
  [debroadcast_base_ep6] 500/4000 (2s, ~14s remaining)
  [debroadcast_base_ep6] 1000/4000 (4s, ~11s remaining)
  [debroadcast_base_ep6] 1500/4000 (5s, ~9s remaining)
  [debroadcast_base_ep6] 2000/4000 (7s, ~7s remaining)
  [debroadcast_base_ep6] 2500/4000 (9s, ~5s remaining)
  [debroadcast_base_ep6] 3000/4000 (11s, ~4s remaining)
  [debroadcast_base_ep6] 3500/4000 (13s, ~2s remaining)
  [debroadcast_base_ep6] 4000/4000 (14s, ~0s remaining)
  [debroadcast_base_ep6] Done: 4000 decisions in 14.3s


==========================================================================================
BGSage Money Benchmark - Checker-only, cubeless reference
Positions: 4000 checker decisions from 500 games
Reference: cubeless_equity (Sage 3P / 3T / Rollout)
Engines rank candidates by: cubeless equity
==========================================================================================

MOVE SELECTION (PR = mean error x 500, lower is better)

  Engine                               PR      N  Blndr   prace    race     atk   prime    anch
  --------------------------------------------------------------------------------------
  debroadcast_base_ep6               1.87   4000     18    0.53    2.33    1.82    2.02    2.12

  (N per plan)                                              483     833    1130     677     877

EVAL ACCURACY (R^2 / MSE on predicted vs reference cubeless equity)

  Engine                             R2(rollout)      MSE        N        R2(3T)      MSE        N        R2(3P)      MSE        N       R2(all)      MSE        N
  --------------------------------------------------------------------------------------------------------------
  debroadcast_base_ep6                    0.9957   0.0025    41054        0.9932   0.0024    16599        0.9895   0.0031    32119        0.9939   0.0027    89772

Loading benchmark: /home/lasse/python-projects/raccoon/data/bgsage/money_benchmark/benchmark.json.gz
  14693 checker decisions from 500 games
  (limiting to first 4000 decisions)
  (random subsample: 4000 decisions, seed 21)

Scoring raccoon: debroadcast_base_ep7 (experiments/exp028-mlp/debroadcast_base/checkpoints/ep7.pt)...
  [debroadcast_base_ep7] 500/4000 (2s, ~15s remaining)
  [debroadcast_base_ep7] 1000/4000 (4s, ~11s remaining)
  [debroadcast_base_ep7] 1500/4000 (6s, ~9s remaining)
  [debroadcast_base_ep7] 2000/4000 (8s, ~8s remaining)
  [debroadcast_base_ep7] 2500/4000 (9s, ~6s remaining)
  [debroadcast_base_ep7] 3000/4000 (11s, ~4s remaining)
  [debroadcast_base_ep7] 3500/4000 (13s, ~2s remaining)
  [debroadcast_base_ep7] 4000/4000 (15s, ~0s remaining)
  [debroadcast_base_ep7] Done: 4000 decisions in 15.2s


==========================================================================================
BGSage Money Benchmark - Checker-only, cubeless reference
Positions: 4000 checker decisions from 500 games
Reference: cubeless_equity (Sage 3P / 3T / Rollout)
Engines rank candidates by: cubeless equity
==========================================================================================

MOVE SELECTION (PR = mean error x 500, lower is better)

  Engine                               PR      N  Blndr   prace    race     atk   prime    anch
  --------------------------------------------------------------------------------------
  debroadcast_base_ep7               1.75   4000     15    0.55    2.10    1.83    1.55    2.12

  (N per plan)                                              483     833    1130     677     877

EVAL ACCURACY (R^2 / MSE on predicted vs reference cubeless equity)

  Engine                             R2(rollout)      MSE        N        R2(3T)      MSE        N        R2(3P)      MSE        N       R2(all)      MSE        N
  --------------------------------------------------------------------------------------------------------------
  debroadcast_base_ep7                    0.9954   0.0027    41054        0.9920   0.0029    16599        0.9891   0.0032    32119        0.9934   0.0029    89772

