Loading benchmark: /home/lasse/python-projects/raccoon/data/bgsage/money_benchmark/benchmark.json.gz
  14693 checker decisions from 500 games
  (limiting to first 4000 decisions)
  (random subsample: 4000 decisions, seed 21)

Scoring raccoon: mlp_256_256_ep1 (experiments/exp028-mlp/mlp_256_256/checkpoints/ep1.pt)...
  [mlp_256_256_ep1] 500/4000 (2s, ~12s remaining)
  [mlp_256_256_ep1] 1000/4000 (3s, ~9s remaining)
  [mlp_256_256_ep1] 1500/4000 (5s, ~8s remaining)
  [mlp_256_256_ep1] 2000/4000 (6s, ~6s remaining)
  [mlp_256_256_ep1] 2500/4000 (8s, ~5s remaining)
  [mlp_256_256_ep1] 3000/4000 (9s, ~3s remaining)
  [mlp_256_256_ep1] 3500/4000 (11s, ~2s remaining)
  [mlp_256_256_ep1] 4000/4000 (12s, ~0s remaining)
  [mlp_256_256_ep1] Done: 4000 decisions in 12.3s


==========================================================================================
BGSage Money Benchmark - Checker-only, cubeless reference
Positions: 4000 checker decisions from 500 games
Reference: cubeless_equity (Sage 3P / 3T / Rollout)
Engines rank candidates by: cubeless equity
==========================================================================================

MOVE SELECTION (PR = mean error x 500, lower is better)

  Engine                               PR      N  Blndr   prace    race     atk   prime    anch
  --------------------------------------------------------------------------------------
  mlp_256_256_ep1                    3.66   4000     75    0.75    4.74    3.62    4.01    4.01

  (N per plan)                                              483     833    1130     677     877

EVAL ACCURACY (R^2 / MSE on predicted vs reference cubeless equity)

  Engine                             R2(rollout)      MSE        N        R2(3T)      MSE        N        R2(3P)      MSE        N       R2(all)      MSE        N
  --------------------------------------------------------------------------------------------------------------
  mlp_256_256_ep1                         0.9890   0.0064    41054        0.9824   0.0064    16599        0.9741   0.0075    32119        0.9846   0.0068    89772

Loading benchmark: /home/lasse/python-projects/raccoon/data/bgsage/money_benchmark/benchmark.json.gz
  14693 checker decisions from 500 games
  (limiting to first 4000 decisions)
  (random subsample: 4000 decisions, seed 21)

Scoring raccoon: mlp_256_256_ep2 (experiments/exp028-mlp/mlp_256_256/checkpoints/ep2.pt)...
  [mlp_256_256_ep2] 500/4000 (2s, ~12s remaining)
  [mlp_256_256_ep2] 1000/4000 (3s, ~9s remaining)
  [mlp_256_256_ep2] 1500/4000 (5s, ~8s remaining)
  [mlp_256_256_ep2] 2000/4000 (6s, ~6s remaining)
  [mlp_256_256_ep2] 2500/4000 (8s, ~5s remaining)
  [mlp_256_256_ep2] 3000/4000 (9s, ~3s remaining)
  [mlp_256_256_ep2] 3500/4000 (11s, ~2s remaining)
  [mlp_256_256_ep2] 4000/4000 (12s, ~0s remaining)
  [mlp_256_256_ep2] Done: 4000 decisions in 12.3s


==========================================================================================
BGSage Money Benchmark - Checker-only, cubeless reference
Positions: 4000 checker decisions from 500 games
Reference: cubeless_equity (Sage 3P / 3T / Rollout)
Engines rank candidates by: cubeless equity
==========================================================================================

MOVE SELECTION (PR = mean error x 500, lower is better)

  Engine                               PR      N  Blndr   prace    race     atk   prime    anch
  --------------------------------------------------------------------------------------
  mlp_256_256_ep2                    3.30   4000     59    0.67    3.71    3.13    4.15    3.91

  (N per plan)                                              483     833    1130     677     877

EVAL ACCURACY (R^2 / MSE on predicted vs reference cubeless equity)

  Engine                             R2(rollout)      MSE        N        R2(3T)      MSE        N        R2(3P)      MSE        N       R2(all)      MSE        N
  --------------------------------------------------------------------------------------------------------------
  mlp_256_256_ep2                         0.9916   0.0049    41054        0.9848   0.0055    16599        0.9760   0.0070    32119        0.9869   0.0058    89772

Loading benchmark: /home/lasse/python-projects/raccoon/data/bgsage/money_benchmark/benchmark.json.gz
  14693 checker decisions from 500 games
  (limiting to first 4000 decisions)
  (random subsample: 4000 decisions, seed 21)

Scoring raccoon: mlp_256_256_ep3 (experiments/exp028-mlp/mlp_256_256/checkpoints/ep3.pt)...
  [mlp_256_256_ep3] 500/4000 (2s, ~12s remaining)
  [mlp_256_256_ep3] 1000/4000 (3s, ~9s remaining)
  [mlp_256_256_ep3] 1500/4000 (5s, ~8s remaining)
  [mlp_256_256_ep3] 2000/4000 (6s, ~6s remaining)
  [mlp_256_256_ep3] 2500/4000 (8s, ~5s remaining)
  [mlp_256_256_ep3] 3000/4000 (10s, ~3s remaining)
  [mlp_256_256_ep3] 3500/4000 (11s, ~2s remaining)
  [mlp_256_256_ep3] 4000/4000 (13s, ~0s remaining)
  [mlp_256_256_ep3] Done: 4000 decisions in 12.6s


==========================================================================================
BGSage Money Benchmark - Checker-only, cubeless reference
Positions: 4000 checker decisions from 500 games
Reference: cubeless_equity (Sage 3P / 3T / Rollout)
Engines rank candidates by: cubeless equity
==========================================================================================

MOVE SELECTION (PR = mean error x 500, lower is better)

  Engine                               PR      N  Blndr   prace    race     atk   prime    anch
  --------------------------------------------------------------------------------------
  mlp_256_256_ep3                    3.13   4000     55    0.66    3.39    2.71    4.72    3.56

  (N per plan)                                              483     833    1130     677     877

EVAL ACCURACY (R^2 / MSE on predicted vs reference cubeless equity)

  Engine                             R2(rollout)      MSE        N        R2(3T)      MSE        N        R2(3P)      MSE        N       R2(all)      MSE        N
  --------------------------------------------------------------------------------------------------------------
  mlp_256_256_ep3                         0.9923   0.0045    41054        0.9846   0.0056    16599        0.9768   0.0067    32119        0.9875   0.0055    89772

Loading benchmark: /home/lasse/python-projects/raccoon/data/bgsage/money_benchmark/benchmark.json.gz
  14693 checker decisions from 500 games
  (limiting to first 4000 decisions)
  (random subsample: 4000 decisions, seed 21)

Scoring raccoon: mlp_256_256_ep4 (experiments/exp028-mlp/mlp_256_256/checkpoints/ep4.pt)...
  [mlp_256_256_ep4] 500/4000 (2s, ~12s remaining)
  [mlp_256_256_ep4] 1000/4000 (3s, ~9s remaining)
  [mlp_256_256_ep4] 1500/4000 (5s, ~8s remaining)
  [mlp_256_256_ep4] 2000/4000 (6s, ~6s remaining)
  [mlp_256_256_ep4] 2500/4000 (8s, ~5s remaining)
  [mlp_256_256_ep4] 3000/4000 (9s, ~3s remaining)
  [mlp_256_256_ep4] 3500/4000 (11s, ~2s remaining)
  [mlp_256_256_ep4] 4000/4000 (12s, ~0s remaining)
  [mlp_256_256_ep4] Done: 4000 decisions in 12.3s


==========================================================================================
BGSage Money Benchmark - Checker-only, cubeless reference
Positions: 4000 checker decisions from 500 games
Reference: cubeless_equity (Sage 3P / 3T / Rollout)
Engines rank candidates by: cubeless equity
==========================================================================================

MOVE SELECTION (PR = mean error x 500, lower is better)

  Engine                               PR      N  Blndr   prace    race     atk   prime    anch
  --------------------------------------------------------------------------------------
  mlp_256_256_ep4                    2.96   4000     59    0.88    3.75    2.49    3.88    3.25

  (N per plan)                                              483     833    1130     677     877

EVAL ACCURACY (R^2 / MSE on predicted vs reference cubeless equity)

  Engine                             R2(rollout)      MSE        N        R2(3T)      MSE        N        R2(3P)      MSE        N       R2(all)      MSE        N
  --------------------------------------------------------------------------------------------------------------
  mlp_256_256_ep4                         0.9923   0.0045    41054        0.9854   0.0053    16599        0.9801   0.0058    32119        0.9884   0.0051    89772

Loading benchmark: /home/lasse/python-projects/raccoon/data/bgsage/money_benchmark/benchmark.json.gz
  14693 checker decisions from 500 games
  (limiting to first 4000 decisions)
  (random subsample: 4000 decisions, seed 21)

Scoring raccoon: mlp_256_256_ep5 (experiments/exp028-mlp/mlp_256_256/checkpoints/ep5.pt)...
  [mlp_256_256_ep5] 500/4000 (2s, ~13s remaining)
  [mlp_256_256_ep5] 1000/4000 (3s, ~10s remaining)
  [mlp_256_256_ep5] 1500/4000 (5s, ~8s remaining)
  [mlp_256_256_ep5] 2000/4000 (7s, ~7s remaining)
  [mlp_256_256_ep5] 2500/4000 (8s, ~5s remaining)
  [mlp_256_256_ep5] 3000/4000 (10s, ~3s remaining)
  [mlp_256_256_ep5] 3500/4000 (12s, ~2s remaining)
  [mlp_256_256_ep5] 4000/4000 (14s, ~0s remaining)
  [mlp_256_256_ep5] Done: 4000 decisions in 13.5s


==========================================================================================
BGSage Money Benchmark - Checker-only, cubeless reference
Positions: 4000 checker decisions from 500 games
Reference: cubeless_equity (Sage 3P / 3T / Rollout)
Engines rank candidates by: cubeless equity
==========================================================================================

MOVE SELECTION (PR = mean error x 500, lower is better)

  Engine                               PR      N  Blndr   prace    race     atk   prime    anch
  --------------------------------------------------------------------------------------
  mlp_256_256_ep5                    3.07   4000     63    0.78    3.60    2.76    4.28    3.31

  (N per plan)                                              483     833    1130     677     877

EVAL ACCURACY (R^2 / MSE on predicted vs reference cubeless equity)

  Engine                             R2(rollout)      MSE        N        R2(3T)      MSE        N        R2(3P)      MSE        N       R2(all)      MSE        N
  --------------------------------------------------------------------------------------------------------------
  mlp_256_256_ep5                         0.9915   0.0049    41054        0.9860   0.0051    16599        0.9786   0.0062    32119        0.9877   0.0054    89772

Loading benchmark: /home/lasse/python-projects/raccoon/data/bgsage/money_benchmark/benchmark.json.gz
  14693 checker decisions from 500 games
  (limiting to first 4000 decisions)
  (random subsample: 4000 decisions, seed 21)

Scoring raccoon: mlp_256_256_ep6 (experiments/exp028-mlp/mlp_256_256/checkpoints/ep6.pt)...
  [mlp_256_256_ep6] 500/4000 (2s, ~13s remaining)
  [mlp_256_256_ep6] 1000/4000 (3s, ~10s remaining)
  [mlp_256_256_ep6] 1500/4000 (5s, ~8s remaining)
  [mlp_256_256_ep6] 2000/4000 (6s, ~6s remaining)
  [mlp_256_256_ep6] 2500/4000 (8s, ~5s remaining)
  [mlp_256_256_ep6] 3000/4000 (10s, ~3s remaining)
  [mlp_256_256_ep6] 3500/4000 (11s, ~2s remaining)
  [mlp_256_256_ep6] 4000/4000 (13s, ~0s remaining)
  [mlp_256_256_ep6] Done: 4000 decisions in 12.7s


==========================================================================================
BGSage Money Benchmark - Checker-only, cubeless reference
Positions: 4000 checker decisions from 500 games
Reference: cubeless_equity (Sage 3P / 3T / Rollout)
Engines rank candidates by: cubeless equity
==========================================================================================

MOVE SELECTION (PR = mean error x 500, lower is better)

  Engine                               PR      N  Blndr   prace    race     atk   prime    anch
  --------------------------------------------------------------------------------------
  mlp_256_256_ep6                    2.79   4000     48    0.98    3.44    2.37    3.68    3.00

  (N per plan)                                              483     833    1130     677     877

EVAL ACCURACY (R^2 / MSE on predicted vs reference cubeless equity)

  Engine                             R2(rollout)      MSE        N        R2(3T)      MSE        N        R2(3P)      MSE        N       R2(all)      MSE        N
  --------------------------------------------------------------------------------------------------------------
  mlp_256_256_ep6                         0.9931   0.0040    41054        0.9886   0.0041    16599        0.9809   0.0056    32119        0.9896   0.0046    89772

Loading benchmark: /home/lasse/python-projects/raccoon/data/bgsage/money_benchmark/benchmark.json.gz
  14693 checker decisions from 500 games
  (limiting to first 4000 decisions)
  (random subsample: 4000 decisions, seed 21)

Scoring raccoon: mlp_256_256_ep7 (experiments/exp028-mlp/mlp_256_256/checkpoints/ep7.pt)...
  [mlp_256_256_ep7] 500/4000 (2s, ~12s remaining)
  [mlp_256_256_ep7] 1000/4000 (3s, ~9s remaining)
  [mlp_256_256_ep7] 1500/4000 (4s, ~7s remaining)
  [mlp_256_256_ep7] 2000/4000 (6s, ~6s remaining)
  [mlp_256_256_ep7] 2500/4000 (8s, ~5s remaining)
  [mlp_256_256_ep7] 3000/4000 (9s, ~3s remaining)
  [mlp_256_256_ep7] 3500/4000 (11s, ~2s remaining)
  [mlp_256_256_ep7] 4000/4000 (12s, ~0s remaining)
  [mlp_256_256_ep7] Done: 4000 decisions in 12.2s


==========================================================================================
BGSage Money Benchmark - Checker-only, cubeless reference
Positions: 4000 checker decisions from 500 games
Reference: cubeless_equity (Sage 3P / 3T / Rollout)
Engines rank candidates by: cubeless equity
==========================================================================================

MOVE SELECTION (PR = mean error x 500, lower is better)

  Engine                               PR      N  Blndr   prace    race     atk   prime    anch
  --------------------------------------------------------------------------------------
  mlp_256_256_ep7                    2.81   4000     40    0.93    2.96    3.00    3.48    2.95

  (N per plan)                                              483     833    1130     677     877

EVAL ACCURACY (R^2 / MSE on predicted vs reference cubeless equity)

  Engine                             R2(rollout)      MSE        N        R2(3T)      MSE        N        R2(3P)      MSE        N       R2(all)      MSE        N
  --------------------------------------------------------------------------------------------------------------
  mlp_256_256_ep7                         0.9905   0.0056    41054        0.9840   0.0058    16599        0.9763   0.0069    32119        0.9862   0.0061    89772

Loading benchmark: /home/lasse/python-projects/raccoon/data/bgsage/money_benchmark/benchmark.json.gz
  14693 checker decisions from 500 games
  (limiting to first 4000 decisions)
  (random subsample: 4000 decisions, seed 21)

Scoring raccoon: mlp_256_256_ep8 (experiments/exp028-mlp/mlp_256_256/checkpoints/ep8.pt)...
  [mlp_256_256_ep8] 500/4000 (2s, ~13s remaining)
  [mlp_256_256_ep8] 1000/4000 (3s, ~10s remaining)
  [mlp_256_256_ep8] 1500/4000 (5s, ~8s remaining)
  [mlp_256_256_ep8] 2000/4000 (7s, ~7s remaining)
  [mlp_256_256_ep8] 2500/4000 (8s, ~5s remaining)
  [mlp_256_256_ep8] 3000/4000 (10s, ~3s remaining)
  [mlp_256_256_ep8] 3500/4000 (12s, ~2s remaining)
  [mlp_256_256_ep8] 4000/4000 (13s, ~0s remaining)
  [mlp_256_256_ep8] Done: 4000 decisions in 13.3s


==========================================================================================
BGSage Money Benchmark - Checker-only, cubeless reference
Positions: 4000 checker decisions from 500 games
Reference: cubeless_equity (Sage 3P / 3T / Rollout)
Engines rank candidates by: cubeless equity
==========================================================================================

MOVE SELECTION (PR = mean error x 500, lower is better)

  Engine                               PR      N  Blndr   prace    race     atk   prime    anch
  --------------------------------------------------------------------------------------
  mlp_256_256_ep8                    2.70   4000     43    0.72    2.88    2.59    3.58    3.05

  (N per plan)                                              483     833    1130     677     877

EVAL ACCURACY (R^2 / MSE on predicted vs reference cubeless equity)

  Engine                             R2(rollout)      MSE        N        R2(3T)      MSE        N        R2(3P)      MSE        N       R2(all)      MSE        N
  --------------------------------------------------------------------------------------------------------------
  mlp_256_256_ep8                         0.9906   0.0055    41054        0.9837   0.0059    16599        0.9772   0.0066    32119        0.9864   0.0060    89772

Loading benchmark: /home/lasse/python-projects/raccoon/data/bgsage/money_benchmark/benchmark.json.gz
  14693 checker decisions from 500 games
  (limiting to first 4000 decisions)
  (random subsample: 4000 decisions, seed 21)

Scoring raccoon: mlp_256_256_ep9 (experiments/exp028-mlp/mlp_256_256/checkpoints/ep9.pt)...
  [mlp_256_256_ep9] 500/4000 (2s, ~13s remaining)
  [mlp_256_256_ep9] 1000/4000 (3s, ~10s remaining)
  [mlp_256_256_ep9] 1500/4000 (5s, ~8s remaining)
  [mlp_256_256_ep9] 2000/4000 (7s, ~7s remaining)
  [mlp_256_256_ep9] 2500/4000 (8s, ~5s remaining)
  [mlp_256_256_ep9] 3000/4000 (10s, ~3s remaining)
  [mlp_256_256_ep9] 3500/4000 (11s, ~2s remaining)
  [mlp_256_256_ep9] 4000/4000 (13s, ~0s remaining)
  [mlp_256_256_ep9] Done: 4000 decisions in 13.1s


==========================================================================================
BGSage Money Benchmark - Checker-only, cubeless reference
Positions: 4000 checker decisions from 500 games
Reference: cubeless_equity (Sage 3P / 3T / Rollout)
Engines rank candidates by: cubeless equity
==========================================================================================

MOVE SELECTION (PR = mean error x 500, lower is better)

  Engine                               PR      N  Blndr   prace    race     atk   prime    anch
  --------------------------------------------------------------------------------------
  mlp_256_256_ep9                    2.79   4000     42    0.87    2.62    2.55    3.85    3.52

  (N per plan)                                              483     833    1130     677     877

EVAL ACCURACY (R^2 / MSE on predicted vs reference cubeless equity)

  Engine                             R2(rollout)      MSE        N        R2(3T)      MSE        N        R2(3P)      MSE        N       R2(all)      MSE        N
  --------------------------------------------------------------------------------------------------------------
  mlp_256_256_ep9                         0.9926   0.0043    41054        0.9856   0.0052    16599        0.9788   0.0062    32119        0.9883   0.0052    89772

Loading benchmark: /home/lasse/python-projects/raccoon/data/bgsage/money_benchmark/benchmark.json.gz
  14693 checker decisions from 500 games
  (limiting to first 4000 decisions)
  (random subsample: 4000 decisions, seed 21)

Scoring raccoon: mlp_256_256_ep10 (experiments/exp028-mlp/mlp_256_256/checkpoints/ep10.pt)...
  [mlp_256_256_ep10] 500/4000 (2s, ~12s remaining)
  [mlp_256_256_ep10] 1000/4000 (3s, ~9s remaining)
  [mlp_256_256_ep10] 1500/4000 (5s, ~8s remaining)
  [mlp_256_256_ep10] 2000/4000 (6s, ~6s remaining)
  [mlp_256_256_ep10] 2500/4000 (8s, ~5s remaining)
  [mlp_256_256_ep10] 3000/4000 (9s, ~3s remaining)
  [mlp_256_256_ep10] 3500/4000 (11s, ~2s remaining)
  [mlp_256_256_ep10] 4000/4000 (12s, ~0s remaining)
  [mlp_256_256_ep10] Done: 4000 decisions in 12.3s


==========================================================================================
BGSage Money Benchmark - Checker-only, cubeless reference
Positions: 4000 checker decisions from 500 games
Reference: cubeless_equity (Sage 3P / 3T / Rollout)
Engines rank candidates by: cubeless equity
==========================================================================================

MOVE SELECTION (PR = mean error x 500, lower is better)

  Engine                               PR      N  Blndr   prace    race     atk   prime    anch
  --------------------------------------------------------------------------------------
  mlp_256_256_ep10                   3.02   4000     48    0.79    3.15    2.78    3.77    3.83

  (N per plan)                                              483     833    1130     677     877

EVAL ACCURACY (R^2 / MSE on predicted vs reference cubeless equity)

  Engine                             R2(rollout)      MSE        N        R2(3T)      MSE        N        R2(3P)      MSE        N       R2(all)      MSE        N
  --------------------------------------------------------------------------------------------------------------
  mlp_256_256_ep10                        0.9915   0.0049    41054        0.9846   0.0056    16599        0.9775   0.0066    32119        0.9872   0.0056    89772

Loading benchmark: /home/lasse/python-projects/raccoon/data/bgsage/money_benchmark/benchmark.json.gz
  14693 checker decisions from 500 games
  (limiting to first 4000 decisions)
  (random subsample: 4000 decisions, seed 21)

Scoring raccoon: mlp_256_256_ep11 (experiments/exp028-mlp/mlp_256_256/checkpoints/ep11.pt)...
  [mlp_256_256_ep11] 500/4000 (2s, ~12s remaining)
  [mlp_256_256_ep11] 1000/4000 (3s, ~9s remaining)
  [mlp_256_256_ep11] 1500/4000 (5s, ~8s remaining)
  [mlp_256_256_ep11] 2000/4000 (6s, ~6s remaining)
  [mlp_256_256_ep11] 2500/4000 (8s, ~5s remaining)
  [mlp_256_256_ep11] 3000/4000 (9s, ~3s remaining)
  [mlp_256_256_ep11] 3500/4000 (11s, ~2s remaining)
  [mlp_256_256_ep11] 4000/4000 (12s, ~0s remaining)
  [mlp_256_256_ep11] Done: 4000 decisions in 12.3s


==========================================================================================
BGSage Money Benchmark - Checker-only, cubeless reference
Positions: 4000 checker decisions from 500 games
Reference: cubeless_equity (Sage 3P / 3T / Rollout)
Engines rank candidates by: cubeless equity
==========================================================================================

MOVE SELECTION (PR = mean error x 500, lower is better)

  Engine                               PR      N  Blndr   prace    race     atk   prime    anch
  --------------------------------------------------------------------------------------
  mlp_256_256_ep11                   2.80   4000     42    0.63    3.11    2.70    3.41    3.34

  (N per plan)                                              483     833    1130     677     877

EVAL ACCURACY (R^2 / MSE on predicted vs reference cubeless equity)

  Engine                             R2(rollout)      MSE        N        R2(3T)      MSE        N        R2(3P)      MSE        N       R2(all)      MSE        N
  --------------------------------------------------------------------------------------------------------------
  mlp_256_256_ep11                        0.9923   0.0045    41054        0.9861   0.0050    16599        0.9803   0.0057    32119        0.9886   0.0050    89772

Loading benchmark: /home/lasse/python-projects/raccoon/data/bgsage/money_benchmark/benchmark.json.gz
  14693 checker decisions from 500 games
  (limiting to first 4000 decisions)
  (random subsample: 4000 decisions, seed 21)

Scoring raccoon: mlp_256_256_ep12 (experiments/exp028-mlp/mlp_256_256/checkpoints/ep12.pt)...
  [mlp_256_256_ep12] 500/4000 (2s, ~12s remaining)
  [mlp_256_256_ep12] 1000/4000 (3s, ~9s remaining)
  [mlp_256_256_ep12] 1500/4000 (5s, ~8s remaining)
  [mlp_256_256_ep12] 2000/4000 (6s, ~6s remaining)
  [mlp_256_256_ep12] 2500/4000 (8s, ~5s remaining)
  [mlp_256_256_ep12] 3000/4000 (9s, ~3s remaining)
  [mlp_256_256_ep12] 3500/4000 (11s, ~2s remaining)
  [mlp_256_256_ep12] 4000/4000 (12s, ~0s remaining)
  [mlp_256_256_ep12] Done: 4000 decisions in 12.3s


==========================================================================================
BGSage Money Benchmark - Checker-only, cubeless reference
Positions: 4000 checker decisions from 500 games
Reference: cubeless_equity (Sage 3P / 3T / Rollout)
Engines rank candidates by: cubeless equity
==========================================================================================

MOVE SELECTION (PR = mean error x 500, lower is better)

  Engine                               PR      N  Blndr   prace    race     atk   prime    anch
  --------------------------------------------------------------------------------------
  mlp_256_256_ep12                   2.74   4000     40    0.68    3.20    2.61    3.11    3.31

  (N per plan)                                              483     833    1130     677     877

EVAL ACCURACY (R^2 / MSE on predicted vs reference cubeless equity)

  Engine                             R2(rollout)      MSE        N        R2(3T)      MSE        N        R2(3P)      MSE        N       R2(all)      MSE        N
  --------------------------------------------------------------------------------------------------------------
  mlp_256_256_ep12                        0.9927   0.0043    41054        0.9862   0.0050    16599        0.9817   0.0053    32119        0.9892   0.0048    89772

