Loading benchmark: /home/lasse/python-projects/raccoon/data/bgsage/money_benchmark/benchmark.json.gz
  14693 checker decisions from 500 games
  (limiting to first 4000 decisions)
  (random subsample: 4000 decisions, seed 21)

Scoring raccoon: mlp_512_512_256_256_ep1 (experiments/exp028-mlp/mlp_512_512_256_256/checkpoints/ep1.pt)...
  [mlp_512_512_256_256_ep1] 500/4000 (2s, ~13s remaining)
  [mlp_512_512_256_256_ep1] 1000/4000 (3s, ~10s remaining)
  [mlp_512_512_256_256_ep1] 1500/4000 (5s, ~8s remaining)
  [mlp_512_512_256_256_ep1] 2000/4000 (7s, ~7s remaining)
  [mlp_512_512_256_256_ep1] 2500/4000 (8s, ~5s remaining)
  [mlp_512_512_256_256_ep1] 3000/4000 (10s, ~3s remaining)
  [mlp_512_512_256_256_ep1] 3500/4000 (12s, ~2s remaining)
  [mlp_512_512_256_256_ep1] 4000/4000 (13s, ~0s remaining)
  [mlp_512_512_256_256_ep1] Done: 4000 decisions in 13.4s


==========================================================================================
BGSage Money Benchmark - Checker-only, cubeless reference
Positions: 4000 checker decisions from 500 games
Reference: cubeless_equity (Sage 3P / 3T / Rollout)
Engines rank candidates by: cubeless equity
==========================================================================================

MOVE SELECTION (PR = mean error x 500, lower is better)

  Engine                               PR      N  Blndr   prace    race     atk   prime    anch
  --------------------------------------------------------------------------------------
  mlp_512_512_256_256_ep1            2.77   4000     45    1.00    3.44    2.65    3.50    2.68

  (N per plan)                                              483     833    1130     677     877

EVAL ACCURACY (R^2 / MSE on predicted vs reference cubeless equity)

  Engine                             R2(rollout)      MSE        N        R2(3T)      MSE        N        R2(3P)      MSE        N       R2(all)      MSE        N
  --------------------------------------------------------------------------------------------------------------
  mlp_512_512_256_256_ep1                 0.9908   0.0053    41054        0.9835   0.0059    16599        0.9775   0.0066    32119        0.9866   0.0059    89772

Loading benchmark: /home/lasse/python-projects/raccoon/data/bgsage/money_benchmark/benchmark.json.gz
  14693 checker decisions from 500 games
  (limiting to first 4000 decisions)
  (random subsample: 4000 decisions, seed 21)

Scoring raccoon: mlp_512_512_256_256_ep2 (experiments/exp028-mlp/mlp_512_512_256_256/checkpoints/ep2.pt)...
  [mlp_512_512_256_256_ep2] 500/4000 (2s, ~14s remaining)
  [mlp_512_512_256_256_ep2] 1000/4000 (3s, ~10s remaining)
  [mlp_512_512_256_256_ep2] 1500/4000 (5s, ~8s remaining)
  [mlp_512_512_256_256_ep2] 2000/4000 (7s, ~7s remaining)
  [mlp_512_512_256_256_ep2] 2500/4000 (8s, ~5s remaining)
  [mlp_512_512_256_256_ep2] 3000/4000 (10s, ~3s remaining)
  [mlp_512_512_256_256_ep2] 3500/4000 (12s, ~2s remaining)
  [mlp_512_512_256_256_ep2] 4000/4000 (13s, ~0s remaining)
  [mlp_512_512_256_256_ep2] Done: 4000 decisions in 13.5s


==========================================================================================
BGSage Money Benchmark - Checker-only, cubeless reference
Positions: 4000 checker decisions from 500 games
Reference: cubeless_equity (Sage 3P / 3T / Rollout)
Engines rank candidates by: cubeless equity
==========================================================================================

MOVE SELECTION (PR = mean error x 500, lower is better)

  Engine                               PR      N  Blndr   prace    race     atk   prime    anch
  --------------------------------------------------------------------------------------
  mlp_512_512_256_256_ep2            2.16   4000     21    0.65    2.40    2.39    2.22    2.40

  (N per plan)                                              483     833    1130     677     877

EVAL ACCURACY (R^2 / MSE on predicted vs reference cubeless equity)

  Engine                             R2(rollout)      MSE        N        R2(3T)      MSE        N        R2(3P)      MSE        N       R2(all)      MSE        N
  --------------------------------------------------------------------------------------------------------------
  mlp_512_512_256_256_ep2                 0.9939   0.0035    41054        0.9899   0.0037    16599        0.9855   0.0042    32119        0.9914   0.0038    89772

Loading benchmark: /home/lasse/python-projects/raccoon/data/bgsage/money_benchmark/benchmark.json.gz
  14693 checker decisions from 500 games
  (limiting to first 4000 decisions)
  (random subsample: 4000 decisions, seed 21)

Scoring raccoon: mlp_512_512_256_256_ep3 (experiments/exp028-mlp/mlp_512_512_256_256/checkpoints/ep3.pt)...
  [mlp_512_512_256_256_ep3] 500/4000 (2s, ~14s remaining)
  [mlp_512_512_256_256_ep3] 1000/4000 (3s, ~10s remaining)
  [mlp_512_512_256_256_ep3] 1500/4000 (5s, ~8s remaining)
  [mlp_512_512_256_256_ep3] 2000/4000 (7s, ~7s remaining)
  [mlp_512_512_256_256_ep3] 2500/4000 (9s, ~5s remaining)
  [mlp_512_512_256_256_ep3] 3000/4000 (10s, ~3s remaining)
  [mlp_512_512_256_256_ep3] 3500/4000 (12s, ~2s remaining)
  [mlp_512_512_256_256_ep3] 4000/4000 (14s, ~0s remaining)
  [mlp_512_512_256_256_ep3] Done: 4000 decisions in 13.9s


==========================================================================================
BGSage Money Benchmark - Checker-only, cubeless reference
Positions: 4000 checker decisions from 500 games
Reference: cubeless_equity (Sage 3P / 3T / Rollout)
Engines rank candidates by: cubeless equity
==========================================================================================

MOVE SELECTION (PR = mean error x 500, lower is better)

  Engine                               PR      N  Blndr   prace    race     atk   prime    anch
  --------------------------------------------------------------------------------------
  mlp_512_512_256_256_ep3            2.13   4000     30    0.39    2.36    2.26    2.46    2.46

  (N per plan)                                              483     833    1130     677     877

EVAL ACCURACY (R^2 / MSE on predicted vs reference cubeless equity)

  Engine                             R2(rollout)      MSE        N        R2(3T)      MSE        N        R2(3P)      MSE        N       R2(all)      MSE        N
  --------------------------------------------------------------------------------------------------------------
  mlp_512_512_256_256_ep3                 0.9925   0.0044    41054        0.9890   0.0040    16599        0.9832   0.0049    32119        0.9898   0.0045    89772

Loading benchmark: /home/lasse/python-projects/raccoon/data/bgsage/money_benchmark/benchmark.json.gz
  14693 checker decisions from 500 games
  (limiting to first 4000 decisions)
  (random subsample: 4000 decisions, seed 21)

Scoring raccoon: mlp_512_512_256_256_ep4 (experiments/exp028-mlp/mlp_512_512_256_256/checkpoints/ep4.pt)...
  [mlp_512_512_256_256_ep4] 500/4000 (2s, ~13s remaining)
  [mlp_512_512_256_256_ep4] 1000/4000 (3s, ~10s remaining)
  [mlp_512_512_256_256_ep4] 1500/4000 (5s, ~8s remaining)
  [mlp_512_512_256_256_ep4] 2000/4000 (7s, ~7s remaining)
  [mlp_512_512_256_256_ep4] 2500/4000 (8s, ~5s remaining)
  [mlp_512_512_256_256_ep4] 3000/4000 (10s, ~3s remaining)
  [mlp_512_512_256_256_ep4] 3500/4000 (12s, ~2s remaining)
  [mlp_512_512_256_256_ep4] 4000/4000 (13s, ~0s remaining)
  [mlp_512_512_256_256_ep4] Done: 4000 decisions in 13.5s


==========================================================================================
BGSage Money Benchmark - Checker-only, cubeless reference
Positions: 4000 checker decisions from 500 games
Reference: cubeless_equity (Sage 3P / 3T / Rollout)
Engines rank candidates by: cubeless equity
==========================================================================================

MOVE SELECTION (PR = mean error x 500, lower is better)

  Engine                               PR      N  Blndr   prace    race     atk   prime    anch
  --------------------------------------------------------------------------------------
  mlp_512_512_256_256_ep4            2.03   4000     22    0.55    2.21    2.13    2.19    2.41

  (N per plan)                                              483     833    1130     677     877

EVAL ACCURACY (R^2 / MSE on predicted vs reference cubeless equity)

  Engine                             R2(rollout)      MSE        N        R2(3T)      MSE        N        R2(3P)      MSE        N       R2(all)      MSE        N
  --------------------------------------------------------------------------------------------------------------
  mlp_512_512_256_256_ep4                 0.9938   0.0036    41054        0.9905   0.0034    16599        0.9840   0.0046    32119        0.9910   0.0040    89772

Loading benchmark: /home/lasse/python-projects/raccoon/data/bgsage/money_benchmark/benchmark.json.gz
  14693 checker decisions from 500 games
  (limiting to first 4000 decisions)
  (random subsample: 4000 decisions, seed 21)

Scoring raccoon: mlp_512_512_256_256_ep5 (experiments/exp028-mlp/mlp_512_512_256_256/checkpoints/ep5.pt)...
  [mlp_512_512_256_256_ep5] 500/4000 (2s, ~14s remaining)
  [mlp_512_512_256_256_ep5] 1000/4000 (3s, ~10s remaining)
  [mlp_512_512_256_256_ep5] 1500/4000 (5s, ~8s remaining)
  [mlp_512_512_256_256_ep5] 2000/4000 (7s, ~7s remaining)
  [mlp_512_512_256_256_ep5] 2500/4000 (9s, ~5s remaining)
  [mlp_512_512_256_256_ep5] 3000/4000 (10s, ~3s remaining)
  [mlp_512_512_256_256_ep5] 3500/4000 (12s, ~2s remaining)
  [mlp_512_512_256_256_ep5] 4000/4000 (14s, ~0s remaining)
  [mlp_512_512_256_256_ep5] Done: 4000 decisions in 13.9s


==========================================================================================
BGSage Money Benchmark - Checker-only, cubeless reference
Positions: 4000 checker decisions from 500 games
Reference: cubeless_equity (Sage 3P / 3T / Rollout)
Engines rank candidates by: cubeless equity
==========================================================================================

MOVE SELECTION (PR = mean error x 500, lower is better)

  Engine                               PR      N  Blndr   prace    race     atk   prime    anch
  --------------------------------------------------------------------------------------
  mlp_512_512_256_256_ep5            1.90   4000     20    0.38    2.33    1.81    1.92    2.45

  (N per plan)                                              483     833    1130     677     877

EVAL ACCURACY (R^2 / MSE on predicted vs reference cubeless equity)

  Engine                             R2(rollout)      MSE        N        R2(3T)      MSE        N        R2(3P)      MSE        N       R2(all)      MSE        N
  --------------------------------------------------------------------------------------------------------------
  mlp_512_512_256_256_ep5                 0.9951   0.0029    41054        0.9914   0.0031    16599        0.9892   0.0031    32119        0.9932   0.0030    89772

Loading benchmark: /home/lasse/python-projects/raccoon/data/bgsage/money_benchmark/benchmark.json.gz
  14693 checker decisions from 500 games
  (limiting to first 4000 decisions)
  (random subsample: 4000 decisions, seed 21)

Scoring raccoon: mlp_512_512_256_256_ep6 (experiments/exp028-mlp/mlp_512_512_256_256/checkpoints/ep6.pt)...
  [mlp_512_512_256_256_ep6] 500/4000 (2s, ~13s remaining)
  [mlp_512_512_256_256_ep6] 1000/4000 (3s, ~10s remaining)
  [mlp_512_512_256_256_ep6] 1500/4000 (5s, ~8s remaining)
  [mlp_512_512_256_256_ep6] 2000/4000 (7s, ~7s remaining)
  [mlp_512_512_256_256_ep6] 2500/4000 (8s, ~5s remaining)
  [mlp_512_512_256_256_ep6] 3000/4000 (10s, ~3s remaining)
  [mlp_512_512_256_256_ep6] 3500/4000 (12s, ~2s remaining)
  [mlp_512_512_256_256_ep6] 4000/4000 (13s, ~0s remaining)
  [mlp_512_512_256_256_ep6] Done: 4000 decisions in 13.4s


==========================================================================================
BGSage Money Benchmark - Checker-only, cubeless reference
Positions: 4000 checker decisions from 500 games
Reference: cubeless_equity (Sage 3P / 3T / Rollout)
Engines rank candidates by: cubeless equity
==========================================================================================

MOVE SELECTION (PR = mean error x 500, lower is better)

  Engine                               PR      N  Blndr   prace    race     atk   prime    anch
  --------------------------------------------------------------------------------------
  mlp_512_512_256_256_ep6            1.93   4000     21    0.42    2.15    2.19    2.10    2.11

  (N per plan)                                              483     833    1130     677     877

EVAL ACCURACY (R^2 / MSE on predicted vs reference cubeless equity)

  Engine                             R2(rollout)      MSE        N        R2(3T)      MSE        N        R2(3P)      MSE        N       R2(all)      MSE        N
  --------------------------------------------------------------------------------------------------------------
  mlp_512_512_256_256_ep6                 0.9950   0.0029    41054        0.9919   0.0029    16599        0.9882   0.0034    32119        0.9930   0.0031    89772

Loading benchmark: /home/lasse/python-projects/raccoon/data/bgsage/money_benchmark/benchmark.json.gz
  14693 checker decisions from 500 games
  (limiting to first 4000 decisions)
  (random subsample: 4000 decisions, seed 21)

Scoring raccoon: mlp_512_512_256_256_ep7 (experiments/exp028-mlp/mlp_512_512_256_256/checkpoints/ep7.pt)...
  [mlp_512_512_256_256_ep7] 500/4000 (2s, ~13s remaining)
  [mlp_512_512_256_256_ep7] 1000/4000 (3s, ~10s remaining)
  [mlp_512_512_256_256_ep7] 1500/4000 (5s, ~8s remaining)
  [mlp_512_512_256_256_ep7] 2000/4000 (7s, ~7s remaining)
  [mlp_512_512_256_256_ep7] 2500/4000 (8s, ~5s remaining)
  [mlp_512_512_256_256_ep7] 3000/4000 (10s, ~3s remaining)
  [mlp_512_512_256_256_ep7] 3500/4000 (12s, ~2s remaining)
  [mlp_512_512_256_256_ep7] 4000/4000 (13s, ~0s remaining)
  [mlp_512_512_256_256_ep7] Done: 4000 decisions in 13.5s


==========================================================================================
BGSage Money Benchmark - Checker-only, cubeless reference
Positions: 4000 checker decisions from 500 games
Reference: cubeless_equity (Sage 3P / 3T / Rollout)
Engines rank candidates by: cubeless equity
==========================================================================================

MOVE SELECTION (PR = mean error x 500, lower is better)

  Engine                               PR      N  Blndr   prace    race     atk   prime    anch
  --------------------------------------------------------------------------------------
  mlp_512_512_256_256_ep7            1.93   4000     23    0.52    2.25    2.12    1.91    2.19

  (N per plan)                                              483     833    1130     677     877

EVAL ACCURACY (R^2 / MSE on predicted vs reference cubeless equity)

  Engine                             R2(rollout)      MSE        N        R2(3T)      MSE        N        R2(3P)      MSE        N       R2(all)      MSE        N
  --------------------------------------------------------------------------------------------------------------
  mlp_512_512_256_256_ep7                 0.9939   0.0035    41054        0.9906   0.0034    16599        0.9854   0.0042    32119        0.9915   0.0038    89772

Loading benchmark: /home/lasse/python-projects/raccoon/data/bgsage/money_benchmark/benchmark.json.gz
  14693 checker decisions from 500 games
  (limiting to first 4000 decisions)
  (random subsample: 4000 decisions, seed 21)

Scoring raccoon: mlp_512_512_256_256_ep8 (experiments/exp028-mlp/mlp_512_512_256_256/checkpoints/ep8.pt)...
  [mlp_512_512_256_256_ep8] 500/4000 (2s, ~13s remaining)
  [mlp_512_512_256_256_ep8] 1000/4000 (3s, ~10s remaining)
  [mlp_512_512_256_256_ep8] 1500/4000 (5s, ~8s remaining)
  [mlp_512_512_256_256_ep8] 2000/4000 (7s, ~7s remaining)
  [mlp_512_512_256_256_ep8] 2500/4000 (8s, ~5s remaining)
  [mlp_512_512_256_256_ep8] 3000/4000 (10s, ~3s remaining)
  [mlp_512_512_256_256_ep8] 3500/4000 (12s, ~2s remaining)
  [mlp_512_512_256_256_ep8] 4000/4000 (13s, ~0s remaining)
  [mlp_512_512_256_256_ep8] Done: 4000 decisions in 13.5s


==========================================================================================
BGSage Money Benchmark - Checker-only, cubeless reference
Positions: 4000 checker decisions from 500 games
Reference: cubeless_equity (Sage 3P / 3T / Rollout)
Engines rank candidates by: cubeless equity
==========================================================================================

MOVE SELECTION (PR = mean error x 500, lower is better)

  Engine                               PR      N  Blndr   prace    race     atk   prime    anch
  --------------------------------------------------------------------------------------
  mlp_512_512_256_256_ep8            1.81   4000     15    0.52    1.89    2.21    1.83    1.91

  (N per plan)                                              483     833    1130     677     877

EVAL ACCURACY (R^2 / MSE on predicted vs reference cubeless equity)

  Engine                             R2(rollout)      MSE        N        R2(3T)      MSE        N        R2(3P)      MSE        N       R2(all)      MSE        N
  --------------------------------------------------------------------------------------------------------------
  mlp_512_512_256_256_ep8                 0.9941   0.0034    41054        0.9913   0.0031    16599        0.9887   0.0033    32119        0.9925   0.0033    89772

Loading benchmark: /home/lasse/python-projects/raccoon/data/bgsage/money_benchmark/benchmark.json.gz
  14693 checker decisions from 500 games
  (limiting to first 4000 decisions)
  (random subsample: 4000 decisions, seed 21)

Scoring raccoon: mlp_512_512_256_256_ep9 (experiments/exp028-mlp/mlp_512_512_256_256/checkpoints/ep9.pt)...
  [mlp_512_512_256_256_ep9] 500/4000 (2s, ~14s remaining)
  [mlp_512_512_256_256_ep9] 1000/4000 (4s, ~11s remaining)
  [mlp_512_512_256_256_ep9] 1500/4000 (5s, ~9s remaining)
  [mlp_512_512_256_256_ep9] 2000/4000 (7s, ~7s remaining)
  [mlp_512_512_256_256_ep9] 2500/4000 (9s, ~5s remaining)
  [mlp_512_512_256_256_ep9] 3000/4000 (11s, ~4s remaining)
  [mlp_512_512_256_256_ep9] 3500/4000 (12s, ~2s remaining)
  [mlp_512_512_256_256_ep9] 4000/4000 (14s, ~0s remaining)
  [mlp_512_512_256_256_ep9] Done: 4000 decisions in 14.2s


==========================================================================================
BGSage Money Benchmark - Checker-only, cubeless reference
Positions: 4000 checker decisions from 500 games
Reference: cubeless_equity (Sage 3P / 3T / Rollout)
Engines rank candidates by: cubeless equity
==========================================================================================

MOVE SELECTION (PR = mean error x 500, lower is better)

  Engine                               PR      N  Blndr   prace    race     atk   prime    anch
  --------------------------------------------------------------------------------------
  mlp_512_512_256_256_ep9            1.90   4000     20    0.50    2.25    2.01    1.97    2.14

  (N per plan)                                              483     833    1130     677     877

EVAL ACCURACY (R^2 / MSE on predicted vs reference cubeless equity)

  Engine                             R2(rollout)      MSE        N        R2(3T)      MSE        N        R2(3P)      MSE        N       R2(all)      MSE        N
  --------------------------------------------------------------------------------------------------------------
  mlp_512_512_256_256_ep9                 0.9952   0.0028    41054        0.9923   0.0028    16599        0.9890   0.0032    32119        0.9933   0.0029    89772

Loading benchmark: /home/lasse/python-projects/raccoon/data/bgsage/money_benchmark/benchmark.json.gz
  14693 checker decisions from 500 games
  (limiting to first 4000 decisions)
  (random subsample: 4000 decisions, seed 21)

Scoring raccoon: mlp_512_512_256_256_ep10 (experiments/exp028-mlp/mlp_512_512_256_256/checkpoints/ep10.pt)...
  [mlp_512_512_256_256_ep10] 500/4000 (2s, ~14s remaining)
  [mlp_512_512_256_256_ep10] 1000/4000 (3s, ~10s remaining)
  [mlp_512_512_256_256_ep10] 1500/4000 (5s, ~8s remaining)
  [mlp_512_512_256_256_ep10] 2000/4000 (7s, ~7s remaining)
  [mlp_512_512_256_256_ep10] 2500/4000 (9s, ~5s remaining)
  [mlp_512_512_256_256_ep10] 3000/4000 (10s, ~3s remaining)
  [mlp_512_512_256_256_ep10] 3500/4000 (12s, ~2s remaining)
  [mlp_512_512_256_256_ep10] 4000/4000 (14s, ~0s remaining)
  [mlp_512_512_256_256_ep10] Done: 4000 decisions in 13.8s


==========================================================================================
BGSage Money Benchmark - Checker-only, cubeless reference
Positions: 4000 checker decisions from 500 games
Reference: cubeless_equity (Sage 3P / 3T / Rollout)
Engines rank candidates by: cubeless equity
==========================================================================================

MOVE SELECTION (PR = mean error x 500, lower is better)

  Engine                               PR      N  Blndr   prace    race     atk   prime    anch
  --------------------------------------------------------------------------------------
  mlp_512_512_256_256_ep10           1.78   4000     12    0.42    2.18    1.87    1.65    2.14

  (N per plan)                                              483     833    1130     677     877

EVAL ACCURACY (R^2 / MSE on predicted vs reference cubeless equity)

  Engine                             R2(rollout)      MSE        N        R2(3T)      MSE        N        R2(3P)      MSE        N       R2(all)      MSE        N
  --------------------------------------------------------------------------------------------------------------
  mlp_512_512_256_256_ep10                0.9942   0.0034    41054        0.9914   0.0031    16599        0.9867   0.0039    32119        0.9921   0.0035    89772

Loading benchmark: /home/lasse/python-projects/raccoon/data/bgsage/money_benchmark/benchmark.json.gz
  14693 checker decisions from 500 games
  (limiting to first 4000 decisions)
  (random subsample: 4000 decisions, seed 21)

Scoring raccoon: mlp_512_512_256_256_ep11 (experiments/exp028-mlp/mlp_512_512_256_256/checkpoints/ep11.pt)...
  [mlp_512_512_256_256_ep11] 500/4000 (2s, ~14s remaining)
  [mlp_512_512_256_256_ep11] 1000/4000 (4s, ~11s remaining)
  [mlp_512_512_256_256_ep11] 1500/4000 (5s, ~9s remaining)
  [mlp_512_512_256_256_ep11] 2000/4000 (7s, ~7s remaining)
  [mlp_512_512_256_256_ep11] 2500/4000 (9s, ~5s remaining)
  [mlp_512_512_256_256_ep11] 3000/4000 (10s, ~3s remaining)
  [mlp_512_512_256_256_ep11] 3500/4000 (12s, ~2s remaining)
  [mlp_512_512_256_256_ep11] 4000/4000 (14s, ~0s remaining)
  [mlp_512_512_256_256_ep11] Done: 4000 decisions in 13.8s


==========================================================================================
BGSage Money Benchmark - Checker-only, cubeless reference
Positions: 4000 checker decisions from 500 games
Reference: cubeless_equity (Sage 3P / 3T / Rollout)
Engines rank candidates by: cubeless equity
==========================================================================================

MOVE SELECTION (PR = mean error x 500, lower is better)

  Engine                               PR      N  Blndr   prace    race     atk   prime    anch
  --------------------------------------------------------------------------------------
  mlp_512_512_256_256_ep11           1.85   4000     17    0.45    2.07    2.19    1.68    2.12

  (N per plan)                                              483     833    1130     677     877

EVAL ACCURACY (R^2 / MSE on predicted vs reference cubeless equity)

  Engine                             R2(rollout)      MSE        N        R2(3T)      MSE        N        R2(3P)      MSE        N       R2(all)      MSE        N
  --------------------------------------------------------------------------------------------------------------
  mlp_512_512_256_256_ep11                0.9944   0.0033    41054        0.9915   0.0031    16599        0.9870   0.0038    32119        0.9923   0.0034    89772

Loading benchmark: /home/lasse/python-projects/raccoon/data/bgsage/money_benchmark/benchmark.json.gz
  14693 checker decisions from 500 games
  (limiting to first 4000 decisions)
  (random subsample: 4000 decisions, seed 21)

Scoring raccoon: mlp_512_512_256_256_ep12 (experiments/exp028-mlp/mlp_512_512_256_256/checkpoints/ep12.pt)...
  [mlp_512_512_256_256_ep12] 500/4000 (2s, ~13s remaining)
  [mlp_512_512_256_256_ep12] 1000/4000 (3s, ~10s remaining)
  [mlp_512_512_256_256_ep12] 1500/4000 (5s, ~8s remaining)
  [mlp_512_512_256_256_ep12] 2000/4000 (7s, ~7s remaining)
  [mlp_512_512_256_256_ep12] 2500/4000 (8s, ~5s remaining)
  [mlp_512_512_256_256_ep12] 3000/4000 (10s, ~3s remaining)
  [mlp_512_512_256_256_ep12] 3500/4000 (12s, ~2s remaining)
  [mlp_512_512_256_256_ep12] 4000/4000 (13s, ~0s remaining)
  [mlp_512_512_256_256_ep12] Done: 4000 decisions in 13.3s


==========================================================================================
BGSage Money Benchmark - Checker-only, cubeless reference
Positions: 4000 checker decisions from 500 games
Reference: cubeless_equity (Sage 3P / 3T / Rollout)
Engines rank candidates by: cubeless equity
==========================================================================================

MOVE SELECTION (PR = mean error x 500, lower is better)

  Engine                               PR      N  Blndr   prace    race     atk   prime    anch
  --------------------------------------------------------------------------------------
  mlp_512_512_256_256_ep12           1.91   4000     17    0.48    2.04    2.06    2.06    2.25

  (N per plan)                                              483     833    1130     677     877

EVAL ACCURACY (R^2 / MSE on predicted vs reference cubeless equity)

  Engine                             R2(rollout)      MSE        N        R2(3T)      MSE        N        R2(3P)      MSE        N       R2(all)      MSE        N
  --------------------------------------------------------------------------------------------------------------
  mlp_512_512_256_256_ep12                0.9948   0.0030    41054        0.9918   0.0030    16599        0.9866   0.0039    32119        0.9924   0.0033    89772

