Loading benchmark: /home/lasse/python-projects/raccoon/data/bgsage/money_benchmark/benchmark.json.gz
  14693 checker decisions from 500 games
  (limiting to first 4000 decisions)
  (random subsample: 4000 decisions, seed 21)

Scoring raccoon: mlp_512_512_ep1 (experiments/exp028-mlp/mlp_512_512/checkpoints/ep1.pt)...
  [mlp_512_512_ep1] 500/4000 (2s, ~13s remaining)
  [mlp_512_512_ep1] 1000/4000 (3s, ~10s remaining)
  [mlp_512_512_ep1] 1500/4000 (5s, ~8s remaining)
  [mlp_512_512_ep1] 2000/4000 (6s, ~6s remaining)
  [mlp_512_512_ep1] 2500/4000 (8s, ~5s remaining)
  [mlp_512_512_ep1] 3000/4000 (10s, ~3s remaining)
  [mlp_512_512_ep1] 3500/4000 (11s, ~2s remaining)
  [mlp_512_512_ep1] 4000/4000 (13s, ~0s remaining)
  [mlp_512_512_ep1] Done: 4000 decisions in 12.9s


==========================================================================================
BGSage Money Benchmark - Checker-only, cubeless reference
Positions: 4000 checker decisions from 500 games
Reference: cubeless_equity (Sage 3P / 3T / Rollout)
Engines rank candidates by: cubeless equity
==========================================================================================

MOVE SELECTION (PR = mean error x 500, lower is better)

  Engine                               PR      N  Blndr   prace    race     atk   prime    anch
  --------------------------------------------------------------------------------------
  mlp_512_512_ep1                    2.74   4000     45    0.90    3.26    2.42    3.68    2.94

  (N per plan)                                              483     833    1130     677     877

EVAL ACCURACY (R^2 / MSE on predicted vs reference cubeless equity)

  Engine                             R2(rollout)      MSE        N        R2(3T)      MSE        N        R2(3P)      MSE        N       R2(all)      MSE        N
  --------------------------------------------------------------------------------------------------------------
  mlp_512_512_ep1                         0.9929   0.0042    41054        0.9860   0.0050    16599        0.9816   0.0053    32119        0.9892   0.0047    89772

Loading benchmark: /home/lasse/python-projects/raccoon/data/bgsage/money_benchmark/benchmark.json.gz
  14693 checker decisions from 500 games
  (limiting to first 4000 decisions)
  (random subsample: 4000 decisions, seed 21)

Scoring raccoon: mlp_512_512_ep2 (experiments/exp028-mlp/mlp_512_512/checkpoints/ep2.pt)...
  [mlp_512_512_ep2] 500/4000 (2s, ~13s remaining)
  [mlp_512_512_ep2] 1000/4000 (3s, ~10s remaining)
  [mlp_512_512_ep2] 1500/4000 (5s, ~8s remaining)
  [mlp_512_512_ep2] 2000/4000 (7s, ~7s remaining)
  [mlp_512_512_ep2] 2500/4000 (8s, ~5s remaining)
  [mlp_512_512_ep2] 3000/4000 (10s, ~3s remaining)
  [mlp_512_512_ep2] 3500/4000 (11s, ~2s remaining)
  [mlp_512_512_ep2] 4000/4000 (13s, ~0s remaining)
  [mlp_512_512_ep2] Done: 4000 decisions in 13.0s


==========================================================================================
BGSage Money Benchmark - Checker-only, cubeless reference
Positions: 4000 checker decisions from 500 games
Reference: cubeless_equity (Sage 3P / 3T / Rollout)
Engines rank candidates by: cubeless equity
==========================================================================================

MOVE SELECTION (PR = mean error x 500, lower is better)

  Engine                               PR      N  Blndr   prace    race     atk   prime    anch
  --------------------------------------------------------------------------------------
  mlp_512_512_ep2                    2.72   4000     40    0.72    3.38    2.58    3.20    2.98

  (N per plan)                                              483     833    1130     677     877

EVAL ACCURACY (R^2 / MSE on predicted vs reference cubeless equity)

  Engine                             R2(rollout)      MSE        N        R2(3T)      MSE        N        R2(3P)      MSE        N       R2(all)      MSE        N
  --------------------------------------------------------------------------------------------------------------
  mlp_512_512_ep2                         0.9939   0.0036    41054        0.9890   0.0040    16599        0.9843   0.0046    32119        0.9909   0.0040    89772

Loading benchmark: /home/lasse/python-projects/raccoon/data/bgsage/money_benchmark/benchmark.json.gz
  14693 checker decisions from 500 games
  (limiting to first 4000 decisions)
  (random subsample: 4000 decisions, seed 21)

Scoring raccoon: mlp_512_512_ep3 (experiments/exp028-mlp/mlp_512_512/checkpoints/ep3.pt)...
  [mlp_512_512_ep3] 500/4000 (2s, ~13s remaining)
  [mlp_512_512_ep3] 1000/4000 (3s, ~10s remaining)
  [mlp_512_512_ep3] 1500/4000 (5s, ~8s remaining)
  [mlp_512_512_ep3] 2000/4000 (6s, ~6s remaining)
  [mlp_512_512_ep3] 2500/4000 (8s, ~5s remaining)
  [mlp_512_512_ep3] 3000/4000 (10s, ~3s remaining)
  [mlp_512_512_ep3] 3500/4000 (11s, ~2s remaining)
  [mlp_512_512_ep3] 4000/4000 (13s, ~0s remaining)
  [mlp_512_512_ep3] Done: 4000 decisions in 12.8s


==========================================================================================
BGSage Money Benchmark - Checker-only, cubeless reference
Positions: 4000 checker decisions from 500 games
Reference: cubeless_equity (Sage 3P / 3T / Rollout)
Engines rank candidates by: cubeless equity
==========================================================================================

MOVE SELECTION (PR = mean error x 500, lower is better)

  Engine                               PR      N  Blndr   prace    race     atk   prime    anch
  --------------------------------------------------------------------------------------
  mlp_512_512_ep3                    2.58   4000     38    0.53    3.18    2.72    3.01    2.65

  (N per plan)                                              483     833    1130     677     877

EVAL ACCURACY (R^2 / MSE on predicted vs reference cubeless equity)

  Engine                             R2(rollout)      MSE        N        R2(3T)      MSE        N        R2(3P)      MSE        N       R2(all)      MSE        N
  --------------------------------------------------------------------------------------------------------------
  mlp_512_512_ep3                         0.9935   0.0038    41054        0.9883   0.0042    16599        0.9831   0.0049    32119        0.9903   0.0043    89772

Loading benchmark: /home/lasse/python-projects/raccoon/data/bgsage/money_benchmark/benchmark.json.gz
  14693 checker decisions from 500 games
  (limiting to first 4000 decisions)
  (random subsample: 4000 decisions, seed 21)

Scoring raccoon: mlp_512_512_ep4 (experiments/exp028-mlp/mlp_512_512/checkpoints/ep4.pt)...
  [mlp_512_512_ep4] 500/4000 (2s, ~13s remaining)
  [mlp_512_512_ep4] 1000/4000 (3s, ~10s remaining)
  [mlp_512_512_ep4] 1500/4000 (5s, ~8s remaining)
  [mlp_512_512_ep4] 2000/4000 (6s, ~6s remaining)
  [mlp_512_512_ep4] 2500/4000 (8s, ~5s remaining)
  [mlp_512_512_ep4] 3000/4000 (10s, ~3s remaining)
  [mlp_512_512_ep4] 3500/4000 (11s, ~2s remaining)
  [mlp_512_512_ep4] 4000/4000 (13s, ~0s remaining)
  [mlp_512_512_ep4] Done: 4000 decisions in 12.7s


==========================================================================================
BGSage Money Benchmark - Checker-only, cubeless reference
Positions: 4000 checker decisions from 500 games
Reference: cubeless_equity (Sage 3P / 3T / Rollout)
Engines rank candidates by: cubeless equity
==========================================================================================

MOVE SELECTION (PR = mean error x 500, lower is better)

  Engine                               PR      N  Blndr   prace    race     atk   prime    anch
  --------------------------------------------------------------------------------------
  mlp_512_512_ep4                    2.37   4000     34    0.66    2.65    2.36    2.87    2.66

  (N per plan)                                              483     833    1130     677     877

EVAL ACCURACY (R^2 / MSE on predicted vs reference cubeless equity)

  Engine                             R2(rollout)      MSE        N        R2(3T)      MSE        N        R2(3P)      MSE        N       R2(all)      MSE        N
  --------------------------------------------------------------------------------------------------------------
  mlp_512_512_ep4                         0.9938   0.0036    41054        0.9891   0.0039    16599        0.9853   0.0043    32119        0.9911   0.0039    89772

Loading benchmark: /home/lasse/python-projects/raccoon/data/bgsage/money_benchmark/benchmark.json.gz
  14693 checker decisions from 500 games
  (limiting to first 4000 decisions)
  (random subsample: 4000 decisions, seed 21)

Scoring raccoon: mlp_512_512_ep5 (experiments/exp028-mlp/mlp_512_512/checkpoints/ep5.pt)...
  [mlp_512_512_ep5] 500/4000 (2s, ~13s remaining)
  [mlp_512_512_ep5] 1000/4000 (3s, ~10s remaining)
  [mlp_512_512_ep5] 1500/4000 (5s, ~8s remaining)
  [mlp_512_512_ep5] 2000/4000 (6s, ~6s remaining)
  [mlp_512_512_ep5] 2500/4000 (8s, ~5s remaining)
  [mlp_512_512_ep5] 3000/4000 (10s, ~3s remaining)
  [mlp_512_512_ep5] 3500/4000 (11s, ~2s remaining)
  [mlp_512_512_ep5] 4000/4000 (13s, ~0s remaining)
  [mlp_512_512_ep5] Done: 4000 decisions in 12.8s


==========================================================================================
BGSage Money Benchmark - Checker-only, cubeless reference
Positions: 4000 checker decisions from 500 games
Reference: cubeless_equity (Sage 3P / 3T / Rollout)
Engines rank candidates by: cubeless equity
==========================================================================================

MOVE SELECTION (PR = mean error x 500, lower is better)

  Engine                               PR      N  Blndr   prace    race     atk   prime    anch
  --------------------------------------------------------------------------------------
  mlp_512_512_ep5                    2.29   4000     32    0.67    2.71    2.41    2.70    2.30

  (N per plan)                                              483     833    1130     677     877

EVAL ACCURACY (R^2 / MSE on predicted vs reference cubeless equity)

  Engine                             R2(rollout)      MSE        N        R2(3T)      MSE        N        R2(3P)      MSE        N       R2(all)      MSE        N
  --------------------------------------------------------------------------------------------------------------
  mlp_512_512_ep5                         0.9940   0.0035    41054        0.9899   0.0037    16599        0.9851   0.0043    32119        0.9913   0.0038    89772

Loading benchmark: /home/lasse/python-projects/raccoon/data/bgsage/money_benchmark/benchmark.json.gz
  14693 checker decisions from 500 games
  (limiting to first 4000 decisions)
  (random subsample: 4000 decisions, seed 21)

Scoring raccoon: mlp_512_512_ep6 (experiments/exp028-mlp/mlp_512_512/checkpoints/ep6.pt)...
  [mlp_512_512_ep6] 500/4000 (2s, ~13s remaining)
  [mlp_512_512_ep6] 1000/4000 (3s, ~10s remaining)
  [mlp_512_512_ep6] 1500/4000 (5s, ~8s remaining)
  [mlp_512_512_ep6] 2000/4000 (6s, ~6s remaining)
  [mlp_512_512_ep6] 2500/4000 (8s, ~5s remaining)
  [mlp_512_512_ep6] 3000/4000 (10s, ~3s remaining)
  [mlp_512_512_ep6] 3500/4000 (11s, ~2s remaining)
  [mlp_512_512_ep6] 4000/4000 (13s, ~0s remaining)
  [mlp_512_512_ep6] Done: 4000 decisions in 12.7s


==========================================================================================
BGSage Money Benchmark - Checker-only, cubeless reference
Positions: 4000 checker decisions from 500 games
Reference: cubeless_equity (Sage 3P / 3T / Rollout)
Engines rank candidates by: cubeless equity
==========================================================================================

MOVE SELECTION (PR = mean error x 500, lower is better)

  Engine                               PR      N  Blndr   prace    race     atk   prime    anch
  --------------------------------------------------------------------------------------
  mlp_512_512_ep6                    2.65   4000     42    0.42    2.98    2.91    3.39    2.64

  (N per plan)                                              483     833    1130     677     877

EVAL ACCURACY (R^2 / MSE on predicted vs reference cubeless equity)

  Engine                             R2(rollout)      MSE        N        R2(3T)      MSE        N        R2(3P)      MSE        N       R2(all)      MSE        N
  --------------------------------------------------------------------------------------------------------------
  mlp_512_512_ep6                         0.9938   0.0036    41054        0.9893   0.0038    16599        0.9857   0.0042    32119        0.9913   0.0038    89772

Loading benchmark: /home/lasse/python-projects/raccoon/data/bgsage/money_benchmark/benchmark.json.gz
  14693 checker decisions from 500 games
  (limiting to first 4000 decisions)
  (random subsample: 4000 decisions, seed 21)

Scoring raccoon: mlp_512_512_ep7 (experiments/exp028-mlp/mlp_512_512/checkpoints/ep7.pt)...
  [mlp_512_512_ep7] 500/4000 (2s, ~13s remaining)
  [mlp_512_512_ep7] 1000/4000 (3s, ~10s remaining)
  [mlp_512_512_ep7] 1500/4000 (5s, ~8s remaining)
  [mlp_512_512_ep7] 2000/4000 (6s, ~6s remaining)
  [mlp_512_512_ep7] 2500/4000 (8s, ~5s remaining)
  [mlp_512_512_ep7] 3000/4000 (10s, ~3s remaining)
  [mlp_512_512_ep7] 3500/4000 (11s, ~2s remaining)
  [mlp_512_512_ep7] 4000/4000 (13s, ~0s remaining)
  [mlp_512_512_ep7] Done: 4000 decisions in 12.7s


==========================================================================================
BGSage Money Benchmark - Checker-only, cubeless reference
Positions: 4000 checker decisions from 500 games
Reference: cubeless_equity (Sage 3P / 3T / Rollout)
Engines rank candidates by: cubeless equity
==========================================================================================

MOVE SELECTION (PR = mean error x 500, lower is better)

  Engine                               PR      N  Blndr   prace    race     atk   prime    anch
  --------------------------------------------------------------------------------------
  mlp_512_512_ep7                    2.35   4000     34    0.56    2.63    2.28    3.02    2.61

  (N per plan)                                              483     833    1130     677     877

EVAL ACCURACY (R^2 / MSE on predicted vs reference cubeless equity)

  Engine                             R2(rollout)      MSE        N        R2(3T)      MSE        N        R2(3P)      MSE        N       R2(all)      MSE        N
  --------------------------------------------------------------------------------------------------------------
  mlp_512_512_ep7                         0.9943   0.0033    41054        0.9897   0.0037    16599        0.9873   0.0037    32119        0.9920   0.0035    89772

Loading benchmark: /home/lasse/python-projects/raccoon/data/bgsage/money_benchmark/benchmark.json.gz
  14693 checker decisions from 500 games
  (limiting to first 4000 decisions)
  (random subsample: 4000 decisions, seed 21)

Scoring raccoon: mlp_512_512_ep8 (experiments/exp028-mlp/mlp_512_512/checkpoints/ep8.pt)...
  [mlp_512_512_ep8] 500/4000 (2s, ~13s remaining)
  [mlp_512_512_ep8] 1000/4000 (3s, ~10s remaining)
  [mlp_512_512_ep8] 1500/4000 (5s, ~8s remaining)
  [mlp_512_512_ep8] 2000/4000 (7s, ~7s remaining)
  [mlp_512_512_ep8] 2500/4000 (8s, ~5s remaining)
  [mlp_512_512_ep8] 3000/4000 (10s, ~3s remaining)
  [mlp_512_512_ep8] 3500/4000 (11s, ~2s remaining)
  [mlp_512_512_ep8] 4000/4000 (13s, ~0s remaining)
  [mlp_512_512_ep8] Done: 4000 decisions in 13.0s


==========================================================================================
BGSage Money Benchmark - Checker-only, cubeless reference
Positions: 4000 checker decisions from 500 games
Reference: cubeless_equity (Sage 3P / 3T / Rollout)
Engines rank candidates by: cubeless equity
==========================================================================================

MOVE SELECTION (PR = mean error x 500, lower is better)

  Engine                               PR      N  Blndr   prace    race     atk   prime    anch
  --------------------------------------------------------------------------------------
  mlp_512_512_ep8                    2.19   4000     30    0.48    2.43    2.31    2.44    2.52

  (N per plan)                                              483     833    1130     677     877

EVAL ACCURACY (R^2 / MSE on predicted vs reference cubeless equity)

  Engine                             R2(rollout)      MSE        N        R2(3T)      MSE        N        R2(3P)      MSE        N       R2(all)      MSE        N
  --------------------------------------------------------------------------------------------------------------
  mlp_512_512_ep8                         0.9946   0.0031    41054        0.9897   0.0037    16599        0.9885   0.0034    32119        0.9924   0.0033    89772

Loading benchmark: /home/lasse/python-projects/raccoon/data/bgsage/money_benchmark/benchmark.json.gz
  14693 checker decisions from 500 games
  (limiting to first 4000 decisions)
  (random subsample: 4000 decisions, seed 21)

Scoring raccoon: mlp_512_512_ep9 (experiments/exp028-mlp/mlp_512_512/checkpoints/ep9.pt)...
  [mlp_512_512_ep9] 500/4000 (2s, ~13s remaining)
  [mlp_512_512_ep9] 1000/4000 (3s, ~10s remaining)
  [mlp_512_512_ep9] 1500/4000 (5s, ~8s remaining)
  [mlp_512_512_ep9] 2000/4000 (7s, ~7s remaining)
  [mlp_512_512_ep9] 2500/4000 (8s, ~5s remaining)
  [mlp_512_512_ep9] 3000/4000 (10s, ~3s remaining)
  [mlp_512_512_ep9] 3500/4000 (12s, ~2s remaining)
  [mlp_512_512_ep9] 4000/4000 (13s, ~0s remaining)
  [mlp_512_512_ep9] Done: 4000 decisions in 13.2s


==========================================================================================
BGSage Money Benchmark - Checker-only, cubeless reference
Positions: 4000 checker decisions from 500 games
Reference: cubeless_equity (Sage 3P / 3T / Rollout)
Engines rank candidates by: cubeless equity
==========================================================================================

MOVE SELECTION (PR = mean error x 500, lower is better)

  Engine                               PR      N  Blndr   prace    race     atk   prime    anch
  --------------------------------------------------------------------------------------
  mlp_512_512_ep9                    2.21   4000     31    0.49    2.30    2.48    2.58    2.44

  (N per plan)                                              483     833    1130     677     877

EVAL ACCURACY (R^2 / MSE on predicted vs reference cubeless equity)

  Engine                             R2(rollout)      MSE        N        R2(3T)      MSE        N        R2(3P)      MSE        N       R2(all)      MSE        N
  --------------------------------------------------------------------------------------------------------------
  mlp_512_512_ep9                         0.9942   0.0034    41054        0.9897   0.0037    16599        0.9877   0.0036    32119        0.9920   0.0035    89772

Loading benchmark: /home/lasse/python-projects/raccoon/data/bgsage/money_benchmark/benchmark.json.gz
  14693 checker decisions from 500 games
  (limiting to first 4000 decisions)
  (random subsample: 4000 decisions, seed 21)

Scoring raccoon: mlp_512_512_ep10 (experiments/exp028-mlp/mlp_512_512/checkpoints/ep10.pt)...
  [mlp_512_512_ep10] 500/4000 (2s, ~13s remaining)
  [mlp_512_512_ep10] 1000/4000 (3s, ~10s remaining)
  [mlp_512_512_ep10] 1500/4000 (5s, ~8s remaining)
  [mlp_512_512_ep10] 2000/4000 (6s, ~6s remaining)
  [mlp_512_512_ep10] 2500/4000 (8s, ~5s remaining)
  [mlp_512_512_ep10] 3000/4000 (10s, ~3s remaining)
  [mlp_512_512_ep10] 3500/4000 (11s, ~2s remaining)
  [mlp_512_512_ep10] 4000/4000 (13s, ~0s remaining)
  [mlp_512_512_ep10] Done: 4000 decisions in 12.9s


==========================================================================================
BGSage Money Benchmark - Checker-only, cubeless reference
Positions: 4000 checker decisions from 500 games
Reference: cubeless_equity (Sage 3P / 3T / Rollout)
Engines rank candidates by: cubeless equity
==========================================================================================

MOVE SELECTION (PR = mean error x 500, lower is better)

  Engine                               PR      N  Blndr   prace    race     atk   prime    anch
  --------------------------------------------------------------------------------------
  mlp_512_512_ep10                   2.22   4000     32    0.50    2.58    2.39    2.52    2.39

  (N per plan)                                              483     833    1130     677     877

EVAL ACCURACY (R^2 / MSE on predicted vs reference cubeless equity)

  Engine                             R2(rollout)      MSE        N        R2(3T)      MSE        N        R2(3P)      MSE        N       R2(all)      MSE        N
  --------------------------------------------------------------------------------------------------------------
  mlp_512_512_ep10                        0.9943   0.0033    41054        0.9903   0.0035    16599        0.9882   0.0034    32119        0.9923   0.0034    89772

Loading benchmark: /home/lasse/python-projects/raccoon/data/bgsage/money_benchmark/benchmark.json.gz
  14693 checker decisions from 500 games
  (limiting to first 4000 decisions)
  (random subsample: 4000 decisions, seed 21)

Scoring raccoon: mlp_512_512_ep11 (experiments/exp028-mlp/mlp_512_512/checkpoints/ep11.pt)...
  [mlp_512_512_ep11] 500/4000 (2s, ~13s remaining)
  [mlp_512_512_ep11] 1000/4000 (3s, ~10s remaining)
  [mlp_512_512_ep11] 1500/4000 (5s, ~8s remaining)
  [mlp_512_512_ep11] 2000/4000 (7s, ~7s remaining)
  [mlp_512_512_ep11] 2500/4000 (8s, ~5s remaining)
  [mlp_512_512_ep11] 3000/4000 (10s, ~3s remaining)
  [mlp_512_512_ep11] 3500/4000 (12s, ~2s remaining)
  [mlp_512_512_ep11] 4000/4000 (13s, ~0s remaining)
  [mlp_512_512_ep11] Done: 4000 decisions in 13.2s


==========================================================================================
BGSage Money Benchmark - Checker-only, cubeless reference
Positions: 4000 checker decisions from 500 games
Reference: cubeless_equity (Sage 3P / 3T / Rollout)
Engines rank candidates by: cubeless equity
==========================================================================================

MOVE SELECTION (PR = mean error x 500, lower is better)

  Engine                               PR      N  Blndr   prace    race     atk   prime    anch
  --------------------------------------------------------------------------------------
  mlp_512_512_ep11                   2.13   4000     31    0.47    2.52    2.42    2.08    2.36

  (N per plan)                                              483     833    1130     677     877

EVAL ACCURACY (R^2 / MSE on predicted vs reference cubeless equity)

  Engine                             R2(rollout)      MSE        N        R2(3T)      MSE        N        R2(3P)      MSE        N       R2(all)      MSE        N
  --------------------------------------------------------------------------------------------------------------
  mlp_512_512_ep11                        0.9949   0.0030    41054        0.9909   0.0033    16599        0.9888   0.0033    32119        0.9929   0.0031    89772

Loading benchmark: /home/lasse/python-projects/raccoon/data/bgsage/money_benchmark/benchmark.json.gz
  14693 checker decisions from 500 games
  (limiting to first 4000 decisions)
  (random subsample: 4000 decisions, seed 21)

Scoring raccoon: mlp_512_512_ep12 (experiments/exp028-mlp/mlp_512_512/checkpoints/ep12.pt)...
  [mlp_512_512_ep12] 500/4000 (2s, ~13s remaining)
  [mlp_512_512_ep12] 1000/4000 (3s, ~10s remaining)
  [mlp_512_512_ep12] 1500/4000 (5s, ~8s remaining)
  [mlp_512_512_ep12] 2000/4000 (7s, ~7s remaining)
  [mlp_512_512_ep12] 2500/4000 (8s, ~5s remaining)
  [mlp_512_512_ep12] 3000/4000 (10s, ~3s remaining)
  [mlp_512_512_ep12] 3500/4000 (12s, ~2s remaining)
  [mlp_512_512_ep12] 4000/4000 (13s, ~0s remaining)
  [mlp_512_512_ep12] Done: 4000 decisions in 13.1s


==========================================================================================
BGSage Money Benchmark - Checker-only, cubeless reference
Positions: 4000 checker decisions from 500 games
Reference: cubeless_equity (Sage 3P / 3T / Rollout)
Engines rank candidates by: cubeless equity
==========================================================================================

MOVE SELECTION (PR = mean error x 500, lower is better)

  Engine                               PR      N  Blndr   prace    race     atk   prime    anch
  --------------------------------------------------------------------------------------
  mlp_512_512_ep12                   2.18   4000     32    0.51    2.56    2.26    2.38    2.48

  (N per plan)                                              483     833    1130     677     877

EVAL ACCURACY (R^2 / MSE on predicted vs reference cubeless equity)

  Engine                             R2(rollout)      MSE        N        R2(3T)      MSE        N        R2(3P)      MSE        N       R2(all)      MSE        N
  --------------------------------------------------------------------------------------------------------------
  mlp_512_512_ep12                        0.9943   0.0033    41054        0.9901   0.0036    16599        0.9878   0.0035    32119        0.9922   0.0034    89772

