Loading benchmark: /home/lasse/python-projects/raccoon/data/bgsage/money_benchmark/benchmark.json.gz
  14693 checker decisions from 500 games
  (limiting to first 4000 decisions)
  (random subsample: 4000 decisions, seed 21)

Scoring raccoon: debroadcast_all26_ep1 (experiments/exp028-mlp/debroadcast_all26/checkpoints/ep1.pt)...
  [debroadcast_all26_ep1] 500/4000 (3s, ~18s remaining)
  [debroadcast_all26_ep1] 1000/4000 (4s, ~13s remaining)
  [debroadcast_all26_ep1] 1500/4000 (6s, ~10s remaining)
  [debroadcast_all26_ep1] 2000/4000 (8s, ~8s remaining)
  [debroadcast_all26_ep1] 2500/4000 (11s, ~6s remaining)
  [debroadcast_all26_ep1] 3000/4000 (13s, ~4s remaining)
  [debroadcast_all26_ep1] 3500/4000 (15s, ~2s remaining)
  [debroadcast_all26_ep1] 4000/4000 (18s, ~0s remaining)
  [debroadcast_all26_ep1] Done: 4000 decisions in 17.6s


==========================================================================================
BGSage Money Benchmark - Checker-only, cubeless reference
Positions: 4000 checker decisions from 500 games
Reference: cubeless_equity (Sage 3P / 3T / Rollout)
Engines rank candidates by: cubeless equity
==========================================================================================

MOVE SELECTION (PR = mean error x 500, lower is better)

  Engine                               PR      N  Blndr   prace    race     atk   prime    anch
  --------------------------------------------------------------------------------------
  debroadcast_all26_ep1              2.09   4000     17    0.70    2.46    2.04    2.20    2.49

  (N per plan)                                              483     833    1130     677     877

EVAL ACCURACY (R^2 / MSE on predicted vs reference cubeless equity)

  Engine                             R2(rollout)      MSE        N        R2(3T)      MSE        N        R2(3P)      MSE        N       R2(all)      MSE        N
  --------------------------------------------------------------------------------------------------------------
  debroadcast_all26_ep1                   0.9943   0.0033    41054        0.9883   0.0042    16599        0.9844   0.0045    32119        0.9911   0.0039    89772

Loading benchmark: /home/lasse/python-projects/raccoon/data/bgsage/money_benchmark/benchmark.json.gz
  14693 checker decisions from 500 games
  (limiting to first 4000 decisions)
  (random subsample: 4000 decisions, seed 21)

Scoring raccoon: debroadcast_all26_ep2 (experiments/exp028-mlp/debroadcast_all26/checkpoints/ep2.pt)...
  [debroadcast_all26_ep2] 500/4000 (3s, ~18s remaining)
  [debroadcast_all26_ep2] 1000/4000 (5s, ~14s remaining)
  [debroadcast_all26_ep2] 1500/4000 (7s, ~11s remaining)
  [debroadcast_all26_ep2] 2000/4000 (9s, ~9s remaining)
  [debroadcast_all26_ep2] 2500/4000 (11s, ~7s remaining)
  [debroadcast_all26_ep2] 3000/4000 (14s, ~5s remaining)
  [debroadcast_all26_ep2] 3500/4000 (16s, ~2s remaining)
  [debroadcast_all26_ep2] 4000/4000 (18s, ~0s remaining)
  [debroadcast_all26_ep2] Done: 4000 decisions in 18.5s


==========================================================================================
BGSage Money Benchmark - Checker-only, cubeless reference
Positions: 4000 checker decisions from 500 games
Reference: cubeless_equity (Sage 3P / 3T / Rollout)
Engines rank candidates by: cubeless equity
==========================================================================================

MOVE SELECTION (PR = mean error x 500, lower is better)

  Engine                               PR      N  Blndr   prace    race     atk   prime    anch
  --------------------------------------------------------------------------------------
  debroadcast_all26_ep2              1.91   4000     14    0.55    2.40    1.89    2.12    2.08

  (N per plan)                                              483     833    1130     677     877

EVAL ACCURACY (R^2 / MSE on predicted vs reference cubeless equity)

  Engine                             R2(rollout)      MSE        N        R2(3T)      MSE        N        R2(3P)      MSE        N       R2(all)      MSE        N
  --------------------------------------------------------------------------------------------------------------
  debroadcast_all26_ep2                   0.9950   0.0029    41054        0.9917   0.0030    16599        0.9873   0.0037    32119        0.9927   0.0032    89772

Loading benchmark: /home/lasse/python-projects/raccoon/data/bgsage/money_benchmark/benchmark.json.gz
  14693 checker decisions from 500 games
  (limiting to first 4000 decisions)
  (random subsample: 4000 decisions, seed 21)

Scoring raccoon: debroadcast_all26_ep3 (experiments/exp028-mlp/debroadcast_all26/checkpoints/ep3.pt)...
  [debroadcast_all26_ep3] 500/4000 (3s, ~20s remaining)
  [debroadcast_all26_ep3] 1000/4000 (5s, ~15s remaining)
  [debroadcast_all26_ep3] 1500/4000 (8s, ~13s remaining)
  [debroadcast_all26_ep3] 2000/4000 (10s, ~10s remaining)
  [debroadcast_all26_ep3] 2500/4000 (12s, ~7s remaining)
  [debroadcast_all26_ep3] 3000/4000 (14s, ~5s remaining)
  [debroadcast_all26_ep3] 3500/4000 (16s, ~2s remaining)
  [debroadcast_all26_ep3] 4000/4000 (18s, ~0s remaining)
  [debroadcast_all26_ep3] Done: 4000 decisions in 18.5s


==========================================================================================
BGSage Money Benchmark - Checker-only, cubeless reference
Positions: 4000 checker decisions from 500 games
Reference: cubeless_equity (Sage 3P / 3T / Rollout)
Engines rank candidates by: cubeless equity
==========================================================================================

MOVE SELECTION (PR = mean error x 500, lower is better)

  Engine                               PR      N  Blndr   prace    race     atk   prime    anch
  --------------------------------------------------------------------------------------
  debroadcast_all26_ep3              1.81   4000     13    0.47    2.25    1.73    1.92    2.14

  (N per plan)                                              483     833    1130     677     877

EVAL ACCURACY (R^2 / MSE on predicted vs reference cubeless equity)

  Engine                             R2(rollout)      MSE        N        R2(3T)      MSE        N        R2(3P)      MSE        N       R2(all)      MSE        N
  --------------------------------------------------------------------------------------------------------------
  debroadcast_all26_ep3                   0.9953   0.0027    41054        0.9922   0.0028    16599        0.9892   0.0032    32119        0.9934   0.0029    89772

Loading benchmark: /home/lasse/python-projects/raccoon/data/bgsage/money_benchmark/benchmark.json.gz
  14693 checker decisions from 500 games
  (limiting to first 4000 decisions)
  (random subsample: 4000 decisions, seed 21)

Scoring raccoon: debroadcast_all26_ep4 (experiments/exp028-mlp/debroadcast_all26/checkpoints/ep4.pt)...
  [debroadcast_all26_ep4] 500/4000 (2s, ~15s remaining)
  [debroadcast_all26_ep4] 1000/4000 (4s, ~12s remaining)
  [debroadcast_all26_ep4] 1500/4000 (6s, ~10s remaining)
  [debroadcast_all26_ep4] 2000/4000 (8s, ~8s remaining)
  [debroadcast_all26_ep4] 2500/4000 (10s, ~6s remaining)
  [debroadcast_all26_ep4] 3000/4000 (13s, ~4s remaining)
  [debroadcast_all26_ep4] 3500/4000 (16s, ~2s remaining)
  [debroadcast_all26_ep4] 4000/4000 (18s, ~0s remaining)
  [debroadcast_all26_ep4] Done: 4000 decisions in 17.8s


==========================================================================================
BGSage Money Benchmark - Checker-only, cubeless reference
Positions: 4000 checker decisions from 500 games
Reference: cubeless_equity (Sage 3P / 3T / Rollout)
Engines rank candidates by: cubeless equity
==========================================================================================

MOVE SELECTION (PR = mean error x 500, lower is better)

  Engine                               PR      N  Blndr   prace    race     atk   prime    anch
  --------------------------------------------------------------------------------------
  debroadcast_all26_ep4              1.75   4000     16    0.50    1.97    1.86    1.78    2.06

  (N per plan)                                              483     833    1130     677     877

EVAL ACCURACY (R^2 / MSE on predicted vs reference cubeless equity)

  Engine                             R2(rollout)      MSE        N        R2(3T)      MSE        N        R2(3P)      MSE        N       R2(all)      MSE        N
  --------------------------------------------------------------------------------------------------------------
  debroadcast_all26_ep4                   0.9957   0.0025    41054        0.9933   0.0024    16599        0.9902   0.0029    32119        0.9941   0.0026    89772

Loading benchmark: /home/lasse/python-projects/raccoon/data/bgsage/money_benchmark/benchmark.json.gz
  14693 checker decisions from 500 games
  (limiting to first 4000 decisions)
  (random subsample: 4000 decisions, seed 21)

Scoring raccoon: debroadcast_all26_ep5 (experiments/exp028-mlp/debroadcast_all26/checkpoints/ep5.pt)...
  [debroadcast_all26_ep5] 500/4000 (3s, ~20s remaining)
  [debroadcast_all26_ep5] 1000/4000 (5s, ~16s remaining)
  [debroadcast_all26_ep5] 1500/4000 (8s, ~13s remaining)
  [debroadcast_all26_ep5] 2000/4000 (11s, ~11s remaining)
  [debroadcast_all26_ep5] 2500/4000 (13s, ~8s remaining)
  [debroadcast_all26_ep5] 3000/4000 (16s, ~5s remaining)
  [debroadcast_all26_ep5] 3500/4000 (18s, ~3s remaining)
  [debroadcast_all26_ep5] 4000/4000 (20s, ~0s remaining)
  [debroadcast_all26_ep5] Done: 4000 decisions in 20.3s


==========================================================================================
BGSage Money Benchmark - Checker-only, cubeless reference
Positions: 4000 checker decisions from 500 games
Reference: cubeless_equity (Sage 3P / 3T / Rollout)
Engines rank candidates by: cubeless equity
==========================================================================================

MOVE SELECTION (PR = mean error x 500, lower is better)

  Engine                               PR      N  Blndr   prace    race     atk   prime    anch
  --------------------------------------------------------------------------------------
  debroadcast_all26_ep5              1.73   4000     19    0.30    2.00    1.71    2.14    1.95

  (N per plan)                                              483     833    1130     677     877

EVAL ACCURACY (R^2 / MSE on predicted vs reference cubeless equity)

  Engine                             R2(rollout)      MSE        N        R2(3T)      MSE        N        R2(3P)      MSE        N       R2(all)      MSE        N
  --------------------------------------------------------------------------------------------------------------
  debroadcast_all26_ep5                   0.9953   0.0027    41054        0.9928   0.0026    16599        0.9887   0.0033    32119        0.9934   0.0029    89772

Loading benchmark: /home/lasse/python-projects/raccoon/data/bgsage/money_benchmark/benchmark.json.gz
  14693 checker decisions from 500 games
  (limiting to first 4000 decisions)
  (random subsample: 4000 decisions, seed 21)

Scoring raccoon: debroadcast_all26_ep6 (experiments/exp028-mlp/debroadcast_all26/checkpoints/ep6.pt)...
  [debroadcast_all26_ep6] 500/4000 (3s, ~19s remaining)
  [debroadcast_all26_ep6] 1000/4000 (5s, ~15s remaining)
  [debroadcast_all26_ep6] 1500/4000 (7s, ~12s remaining)
  [debroadcast_all26_ep6] 2000/4000 (10s, ~10s remaining)
  [debroadcast_all26_ep6] 2500/4000 (12s, ~7s remaining)
  [debroadcast_all26_ep6] 3000/4000 (15s, ~5s remaining)
  [debroadcast_all26_ep6] 3500/4000 (17s, ~2s remaining)
  [debroadcast_all26_ep6] 4000/4000 (19s, ~0s remaining)
  [debroadcast_all26_ep6] Done: 4000 decisions in 19.4s


==========================================================================================
BGSage Money Benchmark - Checker-only, cubeless reference
Positions: 4000 checker decisions from 500 games
Reference: cubeless_equity (Sage 3P / 3T / Rollout)
Engines rank candidates by: cubeless equity
==========================================================================================

MOVE SELECTION (PR = mean error x 500, lower is better)

  Engine                               PR      N  Blndr   prace    race     atk   prime    anch
  --------------------------------------------------------------------------------------
  debroadcast_all26_ep6              1.66   4000     12    0.43    1.91    1.72    2.03    1.72

  (N per plan)                                              483     833    1130     677     877

EVAL ACCURACY (R^2 / MSE on predicted vs reference cubeless equity)

  Engine                             R2(rollout)      MSE        N        R2(3T)      MSE        N        R2(3P)      MSE        N       R2(all)      MSE        N
  --------------------------------------------------------------------------------------------------------------
  debroadcast_all26_ep6                   0.9958   0.0025    41054        0.9930   0.0025    16599        0.9901   0.0029    32119        0.9940   0.0026    89772

Loading benchmark: /home/lasse/python-projects/raccoon/data/bgsage/money_benchmark/benchmark.json.gz
  14693 checker decisions from 500 games
  (limiting to first 4000 decisions)
  (random subsample: 4000 decisions, seed 21)

Scoring raccoon: debroadcast_all26_ep7 (experiments/exp028-mlp/debroadcast_all26/checkpoints/ep7.pt)...
  [debroadcast_all26_ep7] 500/4000 (3s, ~19s remaining)
  [debroadcast_all26_ep7] 1000/4000 (5s, ~15s remaining)
  [debroadcast_all26_ep7] 1500/4000 (7s, ~12s remaining)
  [debroadcast_all26_ep7] 2000/4000 (10s, ~10s remaining)
  [debroadcast_all26_ep7] 2500/4000 (12s, ~7s remaining)
  [debroadcast_all26_ep7] 3000/4000 (15s, ~5s remaining)
  [debroadcast_all26_ep7] 3500/4000 (17s, ~2s remaining)
  [debroadcast_all26_ep7] 4000/4000 (20s, ~0s remaining)
  [debroadcast_all26_ep7] Done: 4000 decisions in 19.9s


==========================================================================================
BGSage Money Benchmark - Checker-only, cubeless reference
Positions: 4000 checker decisions from 500 games
Reference: cubeless_equity (Sage 3P / 3T / Rollout)
Engines rank candidates by: cubeless equity
==========================================================================================

MOVE SELECTION (PR = mean error x 500, lower is better)

  Engine                               PR      N  Blndr   prace    race     atk   prime    anch
  --------------------------------------------------------------------------------------
  debroadcast_all26_ep7              1.75   4000     19    0.30    2.07    1.71    1.89    2.21

  (N per plan)                                              483     833    1130     677     877

EVAL ACCURACY (R^2 / MSE on predicted vs reference cubeless equity)

  Engine                             R2(rollout)      MSE        N        R2(3T)      MSE        N        R2(3P)      MSE        N       R2(all)      MSE        N
  --------------------------------------------------------------------------------------------------------------
  debroadcast_all26_ep7                   0.9960   0.0024    41054        0.9933   0.0024    16599        0.9908   0.0027    32119        0.9944   0.0025    89772

Loading benchmark: /home/lasse/python-projects/raccoon/data/bgsage/money_benchmark/benchmark.json.gz
  14693 checker decisions from 500 games
  (limiting to first 4000 decisions)
  (random subsample: 4000 decisions, seed 21)

Scoring raccoon: debroadcast_all26_ep8 (experiments/exp028-mlp/debroadcast_all26/checkpoints/ep8.pt)...
  [debroadcast_all26_ep8] 500/4000 (3s, ~19s remaining)
  [debroadcast_all26_ep8] 1000/4000 (5s, ~15s remaining)
  [debroadcast_all26_ep8] 1500/4000 (7s, ~12s remaining)
  [debroadcast_all26_ep8] 2000/4000 (9s, ~9s remaining)
  [debroadcast_all26_ep8] 2500/4000 (11s, ~7s remaining)
  [debroadcast_all26_ep8] 3000/4000 (13s, ~4s remaining)
  [debroadcast_all26_ep8] 3500/4000 (16s, ~2s remaining)
  [debroadcast_all26_ep8] 4000/4000 (18s, ~0s remaining)
  [debroadcast_all26_ep8] Done: 4000 decisions in 18.3s


==========================================================================================
BGSage Money Benchmark - Checker-only, cubeless reference
Positions: 4000 checker decisions from 500 games
Reference: cubeless_equity (Sage 3P / 3T / Rollout)
Engines rank candidates by: cubeless equity
==========================================================================================

MOVE SELECTION (PR = mean error x 500, lower is better)

  Engine                               PR      N  Blndr   prace    race     atk   prime    anch
  --------------------------------------------------------------------------------------
  debroadcast_all26_ep8              1.56   4000     12    0.46    1.82    1.62    1.84    1.63

  (N per plan)                                              483     833    1130     677     877

EVAL ACCURACY (R^2 / MSE on predicted vs reference cubeless equity)

  Engine                             R2(rollout)      MSE        N        R2(3T)      MSE        N        R2(3P)      MSE        N       R2(all)      MSE        N
  --------------------------------------------------------------------------------------------------------------
  debroadcast_all26_ep8                   0.9961   0.0023    41054        0.9938   0.0022    16599        0.9919   0.0024    32119        0.9948   0.0023    89772

