Loading benchmark: /home/lasse/python-projects/raccoon/data/bgsage/money_benchmark/benchmark.json.gz
  14693 checker decisions from 500 games
  (limiting to first 4000 decisions)
  (random subsample: 4000 decisions, seed 21)

Scoring raccoon: h256_long_ep1 (experiments/exp028-mlp/mlp_h256_long/checkpoints/ep1.pt)...
  [h256_long_ep1] 500/4000 (2s, ~12s remaining)
  [h256_long_ep1] 1000/4000 (3s, ~9s remaining)
  [h256_long_ep1] 1500/4000 (5s, ~8s remaining)
  [h256_long_ep1] 2000/4000 (6s, ~6s remaining)
  [h256_long_ep1] 2500/4000 (8s, ~5s remaining)
  [h256_long_ep1] 3000/4000 (9s, ~3s remaining)
  [h256_long_ep1] 3500/4000 (11s, ~2s remaining)
  [h256_long_ep1] 4000/4000 (12s, ~0s remaining)
  [h256_long_ep1] Done: 4000 decisions in 12.4s


==========================================================================================
BGSage Money Benchmark - Checker-only, cubeless reference
Positions: 4000 checker decisions from 500 games
Reference: cubeless_equity (Sage 3P / 3T / Rollout)
Engines rank candidates by: cubeless equity
==========================================================================================

MOVE SELECTION (PR = mean error x 500, lower is better)

  Engine                               PR      N  Blndr   prace    race     atk   prime    anch
  --------------------------------------------------------------------------------------
  h256_long_ep1                      6.21   4000    161    1.92    8.03    5.65    7.14    6.84

  (N per plan)                                              483     833    1130     677     877

EVAL ACCURACY (R^2 / MSE on predicted vs reference cubeless equity)

  Engine                             R2(rollout)      MSE        N        R2(3T)      MSE        N        R2(3P)      MSE        N       R2(all)      MSE        N
  --------------------------------------------------------------------------------------------------------------
  h256_long_ep1                           0.9769   0.0134    41054        0.9611   0.0141    16599        0.9303   0.0203    32119        0.9637   0.0160    89772

Loading benchmark: /home/lasse/python-projects/raccoon/data/bgsage/money_benchmark/benchmark.json.gz
  14693 checker decisions from 500 games
  (limiting to first 4000 decisions)
  (random subsample: 4000 decisions, seed 21)

Scoring raccoon: h256_long_ep2 (experiments/exp028-mlp/mlp_h256_long/checkpoints/ep2.pt)...
  [h256_long_ep2] 500/4000 (2s, ~12s remaining)
  [h256_long_ep2] 1000/4000 (3s, ~9s remaining)
  [h256_long_ep2] 1500/4000 (5s, ~8s remaining)
  [h256_long_ep2] 2000/4000 (6s, ~6s remaining)
  [h256_long_ep2] 2500/4000 (8s, ~5s remaining)
  [h256_long_ep2] 3000/4000 (9s, ~3s remaining)
  [h256_long_ep2] 3500/4000 (11s, ~2s remaining)
  [h256_long_ep2] 4000/4000 (12s, ~0s remaining)
  [h256_long_ep2] Done: 4000 decisions in 12.3s


==========================================================================================
BGSage Money Benchmark - Checker-only, cubeless reference
Positions: 4000 checker decisions from 500 games
Reference: cubeless_equity (Sage 3P / 3T / Rollout)
Engines rank candidates by: cubeless equity
==========================================================================================

MOVE SELECTION (PR = mean error x 500, lower is better)

  Engine                               PR      N  Blndr   prace    race     atk   prime    anch
  --------------------------------------------------------------------------------------
  h256_long_ep2                      5.94   4000    150    2.45    8.34    5.61    6.13    5.86

  (N per plan)                                              483     833    1130     677     877

EVAL ACCURACY (R^2 / MSE on predicted vs reference cubeless equity)

  Engine                             R2(rollout)      MSE        N        R2(3T)      MSE        N        R2(3P)      MSE        N       R2(all)      MSE        N
  --------------------------------------------------------------------------------------------------------------
  h256_long_ep2                           0.9790   0.0122    41054        0.9687   0.0113    16599        0.9464   0.0156    32119        0.9699   0.0133    89772

Loading benchmark: /home/lasse/python-projects/raccoon/data/bgsage/money_benchmark/benchmark.json.gz
  14693 checker decisions from 500 games
  (limiting to first 4000 decisions)
  (random subsample: 4000 decisions, seed 21)

Scoring raccoon: h256_long_ep3 (experiments/exp028-mlp/mlp_h256_long/checkpoints/ep3.pt)...
  [h256_long_ep3] 500/4000 (2s, ~12s remaining)
  [h256_long_ep3] 1000/4000 (3s, ~9s remaining)
  [h256_long_ep3] 1500/4000 (4s, ~7s remaining)
  [h256_long_ep3] 2000/4000 (6s, ~6s remaining)
  [h256_long_ep3] 2500/4000 (8s, ~5s remaining)
  [h256_long_ep3] 3000/4000 (9s, ~3s remaining)
  [h256_long_ep3] 3500/4000 (11s, ~2s remaining)
  [h256_long_ep3] 4000/4000 (12s, ~0s remaining)
  [h256_long_ep3] Done: 4000 decisions in 12.2s


==========================================================================================
BGSage Money Benchmark - Checker-only, cubeless reference
Positions: 4000 checker decisions from 500 games
Reference: cubeless_equity (Sage 3P / 3T / Rollout)
Engines rank candidates by: cubeless equity
==========================================================================================

MOVE SELECTION (PR = mean error x 500, lower is better)

  Engine                               PR      N  Blndr   prace    race     atk   prime    anch
  --------------------------------------------------------------------------------------
  h256_long_ep3                      5.99   4000    158    1.77    7.56    5.54    7.32    6.39

  (N per plan)                                              483     833    1130     677     877

EVAL ACCURACY (R^2 / MSE on predicted vs reference cubeless equity)

  Engine                             R2(rollout)      MSE        N        R2(3T)      MSE        N        R2(3P)      MSE        N       R2(all)      MSE        N
  --------------------------------------------------------------------------------------------------------------
  h256_long_ep3                           0.9770   0.0134    41054        0.9639   0.0130    16599        0.9344   0.0191    32119        0.9651   0.0154    89772

Loading benchmark: /home/lasse/python-projects/raccoon/data/bgsage/money_benchmark/benchmark.json.gz
  14693 checker decisions from 500 games
  (limiting to first 4000 decisions)
  (random subsample: 4000 decisions, seed 21)

Scoring raccoon: h256_long_ep4 (experiments/exp028-mlp/mlp_h256_long/checkpoints/ep4.pt)...
  [h256_long_ep4] 500/4000 (2s, ~12s remaining)
  [h256_long_ep4] 1000/4000 (3s, ~9s remaining)
  [h256_long_ep4] 1500/4000 (5s, ~8s remaining)
  [h256_long_ep4] 2000/4000 (6s, ~6s remaining)
  [h256_long_ep4] 2500/4000 (8s, ~5s remaining)
  [h256_long_ep4] 3000/4000 (9s, ~3s remaining)
  [h256_long_ep4] 3500/4000 (11s, ~2s remaining)
  [h256_long_ep4] 4000/4000 (12s, ~0s remaining)
  [h256_long_ep4] Done: 4000 decisions in 12.3s


==========================================================================================
BGSage Money Benchmark - Checker-only, cubeless reference
Positions: 4000 checker decisions from 500 games
Reference: cubeless_equity (Sage 3P / 3T / Rollout)
Engines rank candidates by: cubeless equity
==========================================================================================

MOVE SELECTION (PR = mean error x 500, lower is better)

  Engine                               PR      N  Blndr   prace    race     atk   prime    anch
  --------------------------------------------------------------------------------------
  h256_long_ep4                      5.50   4000    130    1.96    7.17    4.76    6.48    6.08

  (N per plan)                                              483     833    1130     677     877

EVAL ACCURACY (R^2 / MSE on predicted vs reference cubeless equity)

  Engine                             R2(rollout)      MSE        N        R2(3T)      MSE        N        R2(3P)      MSE        N       R2(all)      MSE        N
  --------------------------------------------------------------------------------------------------------------
  h256_long_ep4                           0.9817   0.0106    41054        0.9700   0.0108    16599        0.9473   0.0153    32119        0.9720   0.0124    89772

Loading benchmark: /home/lasse/python-projects/raccoon/data/bgsage/money_benchmark/benchmark.json.gz
  14693 checker decisions from 500 games
  (limiting to first 4000 decisions)
  (random subsample: 4000 decisions, seed 21)

Scoring raccoon: h256_long_ep5 (experiments/exp028-mlp/mlp_h256_long/checkpoints/ep5.pt)...
  [h256_long_ep5] 500/4000 (2s, ~13s remaining)
  [h256_long_ep5] 1000/4000 (3s, ~9s remaining)
  [h256_long_ep5] 1500/4000 (5s, ~8s remaining)
  [h256_long_ep5] 2000/4000 (6s, ~6s remaining)
  [h256_long_ep5] 2500/4000 (8s, ~5s remaining)
  [h256_long_ep5] 3000/4000 (9s, ~3s remaining)
  [h256_long_ep5] 3500/4000 (11s, ~2s remaining)
  [h256_long_ep5] 4000/4000 (13s, ~0s remaining)
  [h256_long_ep5] Done: 4000 decisions in 12.6s


==========================================================================================
BGSage Money Benchmark - Checker-only, cubeless reference
Positions: 4000 checker decisions from 500 games
Reference: cubeless_equity (Sage 3P / 3T / Rollout)
Engines rank candidates by: cubeless equity
==========================================================================================

MOVE SELECTION (PR = mean error x 500, lower is better)

  Engine                               PR      N  Blndr   prace    race     atk   prime    anch
  --------------------------------------------------------------------------------------
  h256_long_ep5                      5.57   4000    142    1.80    8.00    4.71    6.16    5.97

  (N per plan)                                              483     833    1130     677     877

EVAL ACCURACY (R^2 / MSE on predicted vs reference cubeless equity)

  Engine                             R2(rollout)      MSE        N        R2(3T)      MSE        N        R2(3P)      MSE        N       R2(all)      MSE        N
  --------------------------------------------------------------------------------------------------------------
  h256_long_ep5                           0.9765   0.0137    41054        0.9604   0.0143    16599        0.9329   0.0195    32119        0.9639   0.0159    89772

Loading benchmark: /home/lasse/python-projects/raccoon/data/bgsage/money_benchmark/benchmark.json.gz
  14693 checker decisions from 500 games
  (limiting to first 4000 decisions)
  (random subsample: 4000 decisions, seed 21)

Scoring raccoon: h256_long_ep6 (experiments/exp028-mlp/mlp_h256_long/checkpoints/ep6.pt)...
  [h256_long_ep6] 500/4000 (2s, ~12s remaining)
  [h256_long_ep6] 1000/4000 (3s, ~9s remaining)
  [h256_long_ep6] 1500/4000 (4s, ~7s remaining)
  [h256_long_ep6] 2000/4000 (6s, ~6s remaining)
  [h256_long_ep6] 2500/4000 (7s, ~4s remaining)
  [h256_long_ep6] 3000/4000 (9s, ~3s remaining)
  [h256_long_ep6] 3500/4000 (11s, ~2s remaining)
  [h256_long_ep6] 4000/4000 (12s, ~0s remaining)
  [h256_long_ep6] Done: 4000 decisions in 12.1s


==========================================================================================
BGSage Money Benchmark - Checker-only, cubeless reference
Positions: 4000 checker decisions from 500 games
Reference: cubeless_equity (Sage 3P / 3T / Rollout)
Engines rank candidates by: cubeless equity
==========================================================================================

MOVE SELECTION (PR = mean error x 500, lower is better)

  Engine                               PR      N  Blndr   prace    race     atk   prime    anch
  --------------------------------------------------------------------------------------
  h256_long_ep6                      5.50   4000    145    1.60    7.30    4.97    6.36    5.93

  (N per plan)                                              483     833    1130     677     877

EVAL ACCURACY (R^2 / MSE on predicted vs reference cubeless equity)

  Engine                             R2(rollout)      MSE        N        R2(3T)      MSE        N        R2(3P)      MSE        N       R2(all)      MSE        N
  --------------------------------------------------------------------------------------------------------------
  h256_long_ep6                           0.9793   0.0121    41054        0.9657   0.0124    16599        0.9432   0.0165    32119        0.9689   0.0137    89772

Loading benchmark: /home/lasse/python-projects/raccoon/data/bgsage/money_benchmark/benchmark.json.gz
  14693 checker decisions from 500 games
  (limiting to first 4000 decisions)
  (random subsample: 4000 decisions, seed 21)

Scoring raccoon: h256_long_ep7 (experiments/exp028-mlp/mlp_h256_long/checkpoints/ep7.pt)...
  [h256_long_ep7] 500/4000 (2s, ~12s remaining)
  [h256_long_ep7] 1000/4000 (3s, ~9s remaining)
  [h256_long_ep7] 1500/4000 (4s, ~7s remaining)
  [h256_long_ep7] 2000/4000 (6s, ~6s remaining)
  [h256_long_ep7] 2500/4000 (8s, ~5s remaining)
  [h256_long_ep7] 3000/4000 (9s, ~3s remaining)
  [h256_long_ep7] 3500/4000 (11s, ~2s remaining)
  [h256_long_ep7] 4000/4000 (12s, ~0s remaining)
  [h256_long_ep7] Done: 4000 decisions in 12.2s


==========================================================================================
BGSage Money Benchmark - Checker-only, cubeless reference
Positions: 4000 checker decisions from 500 games
Reference: cubeless_equity (Sage 3P / 3T / Rollout)
Engines rank candidates by: cubeless equity
==========================================================================================

MOVE SELECTION (PR = mean error x 500, lower is better)

  Engine                               PR      N  Blndr   prace    race     atk   prime    anch
  --------------------------------------------------------------------------------------
  h256_long_ep7                      5.63   4000    150    1.94    6.95    5.18    6.34    6.42

  (N per plan)                                              483     833    1130     677     877

EVAL ACCURACY (R^2 / MSE on predicted vs reference cubeless equity)

  Engine                             R2(rollout)      MSE        N        R2(3T)      MSE        N        R2(3P)      MSE        N       R2(all)      MSE        N
  --------------------------------------------------------------------------------------------------------------
  h256_long_ep7                           0.9808   0.0112    41054        0.9668   0.0120    16599        0.9463   0.0156    32119        0.9707   0.0129    89772

Loading benchmark: /home/lasse/python-projects/raccoon/data/bgsage/money_benchmark/benchmark.json.gz
  14693 checker decisions from 500 games
  (limiting to first 4000 decisions)
  (random subsample: 4000 decisions, seed 21)

Scoring raccoon: h256_long_ep8 (experiments/exp028-mlp/mlp_h256_long/checkpoints/ep8.pt)...
  [h256_long_ep8] 500/4000 (2s, ~12s remaining)
  [h256_long_ep8] 1000/4000 (3s, ~9s remaining)
  [h256_long_ep8] 1500/4000 (4s, ~7s remaining)
  [h256_long_ep8] 2000/4000 (6s, ~6s remaining)
  [h256_long_ep8] 2500/4000 (7s, ~4s remaining)
  [h256_long_ep8] 3000/4000 (9s, ~3s remaining)
  [h256_long_ep8] 3500/4000 (11s, ~2s remaining)
  [h256_long_ep8] 4000/4000 (12s, ~0s remaining)
  [h256_long_ep8] Done: 4000 decisions in 12.1s


==========================================================================================
BGSage Money Benchmark - Checker-only, cubeless reference
Positions: 4000 checker decisions from 500 games
Reference: cubeless_equity (Sage 3P / 3T / Rollout)
Engines rank candidates by: cubeless equity
==========================================================================================

MOVE SELECTION (PR = mean error x 500, lower is better)

  Engine                               PR      N  Blndr   prace    race     atk   prime    anch
  --------------------------------------------------------------------------------------
  h256_long_ep8                      5.21   4000    135    1.53    7.28    4.91    5.70    5.28

  (N per plan)                                              483     833    1130     677     877

EVAL ACCURACY (R^2 / MSE on predicted vs reference cubeless equity)

  Engine                             R2(rollout)      MSE        N        R2(3T)      MSE        N        R2(3P)      MSE        N       R2(all)      MSE        N
  --------------------------------------------------------------------------------------------------------------
  h256_long_ep8                           0.9807   0.0112    41054        0.9710   0.0105    16599        0.9506   0.0144    32119        0.9723   0.0122    89772

Loading benchmark: /home/lasse/python-projects/raccoon/data/bgsage/money_benchmark/benchmark.json.gz
  14693 checker decisions from 500 games
  (limiting to first 4000 decisions)
  (random subsample: 4000 decisions, seed 21)

Scoring raccoon: h256_long_ep9 (experiments/exp028-mlp/mlp_h256_long/checkpoints/ep9.pt)...
  [h256_long_ep9] 500/4000 (2s, ~12s remaining)
  [h256_long_ep9] 1000/4000 (3s, ~9s remaining)
  [h256_long_ep9] 1500/4000 (5s, ~8s remaining)
  [h256_long_ep9] 2000/4000 (6s, ~6s remaining)
  [h256_long_ep9] 2500/4000 (8s, ~5s remaining)
  [h256_long_ep9] 3000/4000 (9s, ~3s remaining)
  [h256_long_ep9] 3500/4000 (11s, ~2s remaining)
  [h256_long_ep9] 4000/4000 (12s, ~0s remaining)
  [h256_long_ep9] Done: 4000 decisions in 12.5s


==========================================================================================
BGSage Money Benchmark - Checker-only, cubeless reference
Positions: 4000 checker decisions from 500 games
Reference: cubeless_equity (Sage 3P / 3T / Rollout)
Engines rank candidates by: cubeless equity
==========================================================================================

MOVE SELECTION (PR = mean error x 500, lower is better)

  Engine                               PR      N  Blndr   prace    race     atk   prime    anch
  --------------------------------------------------------------------------------------
  h256_long_ep9                      5.55   4000    150    1.77    8.12    5.33    5.83    5.26

  (N per plan)                                              483     833    1130     677     877

EVAL ACCURACY (R^2 / MSE on predicted vs reference cubeless equity)

  Engine                             R2(rollout)      MSE        N        R2(3T)      MSE        N        R2(3P)      MSE        N       R2(all)      MSE        N
  --------------------------------------------------------------------------------------------------------------
  h256_long_ep9                           0.9813   0.0109    41054        0.9720   0.0101    16599        0.9545   0.0132    32119        0.9737   0.0116    89772

Loading benchmark: /home/lasse/python-projects/raccoon/data/bgsage/money_benchmark/benchmark.json.gz
  14693 checker decisions from 500 games
  (limiting to first 4000 decisions)
  (random subsample: 4000 decisions, seed 21)

Scoring raccoon: h256_long_ep10 (experiments/exp028-mlp/mlp_h256_long/checkpoints/ep10.pt)...
  [h256_long_ep10] 500/4000 (2s, ~12s remaining)
  [h256_long_ep10] 1000/4000 (3s, ~9s remaining)
  [h256_long_ep10] 1500/4000 (4s, ~7s remaining)
  [h256_long_ep10] 2000/4000 (6s, ~6s remaining)
  [h256_long_ep10] 2500/4000 (7s, ~4s remaining)
  [h256_long_ep10] 3000/4000 (9s, ~3s remaining)
  [h256_long_ep10] 3500/4000 (10s, ~1s remaining)
  [h256_long_ep10] 4000/4000 (12s, ~0s remaining)
  [h256_long_ep10] Done: 4000 decisions in 11.9s


==========================================================================================
BGSage Money Benchmark - Checker-only, cubeless reference
Positions: 4000 checker decisions from 500 games
Reference: cubeless_equity (Sage 3P / 3T / Rollout)
Engines rank candidates by: cubeless equity
==========================================================================================

MOVE SELECTION (PR = mean error x 500, lower is better)

  Engine                               PR      N  Blndr   prace    race     atk   prime    anch
  --------------------------------------------------------------------------------------
  h256_long_ep10                     5.32   4000    137    1.38    7.78    5.03    5.53    5.38

  (N per plan)                                              483     833    1130     677     877

EVAL ACCURACY (R^2 / MSE on predicted vs reference cubeless equity)

  Engine                             R2(rollout)      MSE        N        R2(3T)      MSE        N        R2(3P)      MSE        N       R2(all)      MSE        N
  --------------------------------------------------------------------------------------------------------------
  h256_long_ep10                          0.9743   0.0150    41054        0.9641   0.0129    16599        0.9351   0.0189    32119        0.9637   0.0160    89772

Loading benchmark: /home/lasse/python-projects/raccoon/data/bgsage/money_benchmark/benchmark.json.gz
  14693 checker decisions from 500 games
  (limiting to first 4000 decisions)
  (random subsample: 4000 decisions, seed 21)

Scoring raccoon: h256_long_ep11 (experiments/exp028-mlp/mlp_h256_long/checkpoints/ep11.pt)...
  [h256_long_ep11] 500/4000 (2s, ~12s remaining)
  [h256_long_ep11] 1000/4000 (3s, ~9s remaining)
  [h256_long_ep11] 1500/4000 (4s, ~7s remaining)
  [h256_long_ep11] 2000/4000 (6s, ~6s remaining)
  [h256_long_ep11] 2500/4000 (7s, ~4s remaining)
  [h256_long_ep11] 3000/4000 (9s, ~3s remaining)
  [h256_long_ep11] 3500/4000 (11s, ~2s remaining)
  [h256_long_ep11] 4000/4000 (12s, ~0s remaining)
  [h256_long_ep11] Done: 4000 decisions in 12.0s


==========================================================================================
BGSage Money Benchmark - Checker-only, cubeless reference
Positions: 4000 checker decisions from 500 games
Reference: cubeless_equity (Sage 3P / 3T / Rollout)
Engines rank candidates by: cubeless equity
==========================================================================================

MOVE SELECTION (PR = mean error x 500, lower is better)

  Engine                               PR      N  Blndr   prace    race     atk   prime    anch
  --------------------------------------------------------------------------------------
  h256_long_ep11                     5.42   4000    140    1.42    7.57    5.20    6.08    5.37

  (N per plan)                                              483     833    1130     677     877

EVAL ACCURACY (R^2 / MSE on predicted vs reference cubeless equity)

  Engine                             R2(rollout)      MSE        N        R2(3T)      MSE        N        R2(3P)      MSE        N       R2(all)      MSE        N
  --------------------------------------------------------------------------------------------------------------
  h256_long_ep11                          0.9805   0.0114    41054        0.9712   0.0104    16599        0.9516   0.0141    32119        0.9724   0.0122    89772

Loading benchmark: /home/lasse/python-projects/raccoon/data/bgsage/money_benchmark/benchmark.json.gz
  14693 checker decisions from 500 games
  (limiting to first 4000 decisions)
  (random subsample: 4000 decisions, seed 21)

Scoring raccoon: h256_long_ep12 (experiments/exp028-mlp/mlp_h256_long/checkpoints/ep12.pt)...
  [h256_long_ep12] 500/4000 (2s, ~13s remaining)
  [h256_long_ep12] 1000/4000 (3s, ~9s remaining)
  [h256_long_ep12] 1500/4000 (5s, ~8s remaining)
  [h256_long_ep12] 2000/4000 (6s, ~6s remaining)
  [h256_long_ep12] 2500/4000 (8s, ~5s remaining)
  [h256_long_ep12] 3000/4000 (9s, ~3s remaining)
  [h256_long_ep12] 3500/4000 (11s, ~2s remaining)
  [h256_long_ep12] 4000/4000 (13s, ~0s remaining)
  [h256_long_ep12] Done: 4000 decisions in 12.6s


==========================================================================================
BGSage Money Benchmark - Checker-only, cubeless reference
Positions: 4000 checker decisions from 500 games
Reference: cubeless_equity (Sage 3P / 3T / Rollout)
Engines rank candidates by: cubeless equity
==========================================================================================

MOVE SELECTION (PR = mean error x 500, lower is better)

  Engine                               PR      N  Blndr   prace    race     atk   prime    anch
  --------------------------------------------------------------------------------------
  h256_long_ep12                     5.39   4000    138    1.55    7.39    4.83    6.80    5.24

  (N per plan)                                              483     833    1130     677     877

EVAL ACCURACY (R^2 / MSE on predicted vs reference cubeless equity)

  Engine                             R2(rollout)      MSE        N        R2(3T)      MSE        N        R2(3P)      MSE        N       R2(all)      MSE        N
  --------------------------------------------------------------------------------------------------------------
  h256_long_ep12                          0.9805   0.0113    41054        0.9712   0.0104    16599        0.9513   0.0142    32119        0.9723   0.0122    89772

