[arch] mlp hidden [512, 512, 256, 256] in=210, 0.917M params (0.569M deployable)
exp011 outcomes6 [cpu]: 86 shards x 8 epochs, lr=0.001 holdout_frac=0.0 split_seed=14
  ep1 shard 1/688 loss=0.883951  best=-inf wall=0.002h
  ep1 shard 2/688 loss=0.895959  best=-inf wall=0.007h
  ep1 shard 3/688 loss=0.868712  best=-inf wall=0.012h
  ep1 shard 4/688 loss=0.890733  best=-inf wall=0.015h
  ep1 shard 5/688 loss=0.839713  best=-inf wall=0.018h
  ep1 shard 6/688 loss=0.862369  best=-inf wall=0.02h
  ep1 shard 7/688 loss=0.866445  best=-inf wall=0.025h
  ep1 shard 8/688 loss=0.810162  best=-inf wall=0.029h
  ep1 shard 9/688 loss=0.901096  best=-inf wall=0.033h
  ep1 shard 10/688 loss=0.89873  best=-inf wall=0.038h
  ep1 shard 11/688 loss=0.847927  best=-inf wall=0.041h
  ep1 shard 12/688 loss=0.83282  best=-inf wall=0.046h
  ep1 shard 13/688 loss=0.819537  best=-inf wall=0.052h
  ep1 shard 14/688 loss=0.852463  best=-inf wall=0.057h
  ep1 shard 15/688 loss=0.838862  best=-inf wall=0.062h
  ep1 shard 16/688 loss=0.861198  best=-inf wall=0.066h
  ep1 shard 17/688 loss=0.872543  best=-inf wall=0.071h
  ep1 shard 18/688 loss=0.894331  best=-inf wall=0.076h
  ep1 shard 19/688 loss=0.883075  best=-inf wall=0.081h
  ep1 shard 20/688 loss=0.841824  best=-inf wall=0.086h
  ep1 shard 21/688 loss=0.855188  best=-inf wall=0.091h
  ep1 shard 22/688 loss=0.860613  best=-inf wall=0.095h
  ep1 shard 23/688 loss=0.875071  best=-inf wall=0.1h
  ep1 shard 24/688 loss=0.874034  best=-inf wall=0.105h
  ep1 shard 25/688 loss=0.878416  best=-inf wall=0.11h
  ep1 shard 26/688 loss=0.845375  best=-inf wall=0.114h
  ep1 shard 27/688 loss=0.845278  best=-inf wall=0.119h
  ep1 shard 28/688 loss=0.861359  best=-inf wall=0.122h
  ep1 shard 29/688 loss=0.85849  best=-inf wall=0.127h
  ep1 shard 30/688 loss=0.881108  best=-inf wall=0.131h
  ep1 shard 31/688 loss=0.880711  best=-inf wall=0.135h
  ep1 shard 32/688 loss=0.874005  best=-inf wall=0.141h
  ep1 shard 33/688 loss=0.842804  best=-inf wall=0.144h
  ep1 shard 34/688 loss=0.854573  best=-inf wall=0.148h
  ep1 shard 35/688 loss=0.849751  best=-inf wall=0.153h
  ep1 shard 36/688 loss=0.88796  best=-inf wall=0.158h
  ep1 shard 37/688 loss=0.878402  best=-inf wall=0.162h
  ep1 shard 38/688 loss=0.828201  best=-inf wall=0.167h
  ep1 shard 39/688 loss=0.852103  best=-inf wall=0.173h
  ep1 shard 40/688 loss=0.874446  best=-inf wall=0.177h
  ep1 shard 41/688 loss=0.838164  best=-inf wall=0.182h
  ep1 shard 42/688 loss=0.849028  best=-inf wall=0.188h
  ep1 shard 43/688 loss=0.907244  best=-inf wall=0.193h
  ep1 shard 44/688 loss=0.817082  best=-inf wall=0.198h
  ep1 shard 45/688 loss=0.847954  best=-inf wall=0.203h
  ep1 shard 46/688 loss=0.864435  best=-inf wall=0.207h
  ep1 shard 47/688 loss=0.880092  best=-inf wall=0.21h
  ep1 shard 48/688 loss=0.825204  best=-inf wall=0.215h
  ep1 shard 49/688 loss=0.842168  best=-inf wall=0.22h
  ep1 shard 50/688 loss=0.857488  best=-inf wall=0.222h
  ep1 shard 51/688 loss=0.890818  best=-inf wall=0.226h
  ep1 shard 52/688 loss=0.827717  best=-inf wall=0.229h
  ep1 shard 53/688 loss=0.834863  best=-inf wall=0.234h
  ep1 shard 54/688 loss=0.830654  best=-inf wall=0.24h
  ep1 shard 55/688 loss=0.833171  best=-inf wall=0.245h
  ep1 shard 56/688 loss=0.86095  best=-inf wall=0.249h
  ep1 shard 57/688 loss=0.857994  best=-inf wall=0.255h
  ep1 shard 58/688 loss=0.875217  best=-inf wall=0.26h
  ep1 shard 59/688 loss=0.879531  best=-inf wall=0.265h
  ep1 shard 60/688 loss=0.855151  best=-inf wall=0.271h
  ep1 shard 61/688 loss=0.821025  best=-inf wall=0.276h
  ep1 shard 62/688 loss=0.858208  best=-inf wall=0.281h
  ep1 shard 63/688 loss=0.861819  best=-inf wall=0.287h
  ep1 shard 64/688 loss=0.840312  best=-inf wall=0.292h
  ep1 shard 65/688 loss=0.844169  best=-inf wall=0.295h
  ep1 shard 66/688 loss=0.799493  best=-inf wall=0.3h
  ep1 shard 67/688 loss=0.853753  best=-inf wall=0.305h
  ep1 shard 68/688 loss=0.835234  best=-inf wall=0.311h
  ep1 shard 69/688 loss=0.86579  best=-inf wall=0.316h
  ep1 shard 70/688 loss=0.83139  best=-inf wall=0.321h
  ep1 shard 71/688 loss=0.798016  best=-inf wall=0.326h
  ep1 shard 72/688 loss=0.893356  best=-inf wall=0.332h
  ep1 shard 73/688 loss=0.882245  best=-inf wall=0.336h
  ep1 shard 74/688 loss=0.84505  best=-inf wall=0.34h
  ep1 shard 75/688 loss=0.893397  best=-inf wall=0.345h
  ep1 shard 76/688 loss=0.839019  best=-inf wall=0.35h
  ep1 shard 77/688 loss=0.819169  best=-inf wall=0.355h
  ep1 shard 78/688 loss=0.826907  best=-inf wall=0.361h
  ep1 shard 79/688 loss=0.862183  best=-inf wall=0.364h
  ep1 shard 80/688 loss=0.845396  best=-inf wall=0.369h
  ep1 shard 81/688 loss=0.816193  best=-inf wall=0.374h
  ep1 shard 82/688 loss=0.852184  best=-inf wall=0.379h
  ep1 shard 83/688 loss=0.835125  best=-inf wall=0.384h
  ep1 shard 84/688 loss=0.83653  best=-inf wall=0.387h
  ep1 shard 85/688 loss=0.863546  best=-inf wall=0.393h
  ep1 shard 86/688 loss=0.829568  best=-inf wall=0.398h
  saved epoch checkpoint -> experiments/exp028-mlp/debroadcast_all26/checkpoints/ep1.pt
  ep2 shard 87/688 loss=0.820418  best=-inf wall=0.401h
  ep2 shard 88/688 loss=0.86434  best=-inf wall=0.407h
  ep2 shard 89/688 loss=0.860529  best=-inf wall=0.412h
  ep2 shard 90/688 loss=0.856436  best=-inf wall=0.413h
  ep2 shard 91/688 loss=0.866819  best=-inf wall=0.418h
  ep2 shard 92/688 loss=0.85013  best=-inf wall=0.423h
  ep2 shard 93/688 loss=0.911545  best=-inf wall=0.424h
  ep2 shard 94/688 loss=0.840355  best=-inf wall=0.427h
  ep2 shard 95/688 loss=0.90468  best=-inf wall=0.433h
  ep2 shard 96/688 loss=0.810167  best=-inf wall=0.437h
  ep2 shard 97/688 loss=0.827473  best=-inf wall=0.442h
  ep2 shard 98/688 loss=0.889149  best=-inf wall=0.448h
  ep2 shard 99/688 loss=0.862751  best=-inf wall=0.453h
  ep2 shard 100/688 loss=0.826036  best=-inf wall=0.456h
  ep2 shard 101/688 loss=0.86945  best=-inf wall=0.46h
  ep2 shard 102/688 loss=0.842126  best=-inf wall=0.465h
  ep2 shard 103/688 loss=0.812443  best=-inf wall=0.471h
  ep2 shard 104/688 loss=0.86816  best=-inf wall=0.484h
  ep2 shard 105/688 loss=0.832565  best=-inf wall=0.491h
  ep2 shard 106/688 loss=0.876391  best=-inf wall=0.498h
  ep2 shard 107/688 loss=0.901886  best=-inf wall=0.506h
  ep2 shard 108/688 loss=0.845655  best=-inf wall=0.512h
  ep2 shard 109/688 loss=0.816866  best=-inf wall=0.518h
  ep2 shard 110/688 loss=0.854505  best=-inf wall=0.524h
  ep2 shard 111/688 loss=0.841131  best=-inf wall=0.534h
  ep2 shard 112/688 loss=0.872498  best=-inf wall=0.543h
  ep2 shard 113/688 loss=0.851997  best=-inf wall=0.549h
  ep2 shard 114/688 loss=0.837232  best=-inf wall=0.556h
  ep2 shard 115/688 loss=0.899635  best=-inf wall=0.562h
  ep2 shard 116/688 loss=0.862512  best=-inf wall=0.57h
  ep2 shard 117/688 loss=0.836307  best=-inf wall=0.58h
  ep2 shard 118/688 loss=0.852628  best=-inf wall=0.587h
  ep2 shard 119/688 loss=0.876277  best=-inf wall=0.594h
  ep2 shard 120/688 loss=0.889875  best=-inf wall=0.6h
  ep2 shard 121/688 loss=0.847944  best=-inf wall=0.608h
  ep2 shard 122/688 loss=0.879909  best=-inf wall=0.616h
  ep2 shard 123/688 loss=0.827007  best=-inf wall=0.624h
  ep2 shard 124/688 loss=0.824619  best=-inf wall=0.627h
  ep2 shard 125/688 loss=0.833389  best=-inf wall=0.631h
  ep2 shard 126/688 loss=0.883263  best=-inf wall=0.639h
  ep2 shard 127/688 loss=0.878841  best=-inf wall=0.645h
  ep2 shard 128/688 loss=0.844691  best=-inf wall=0.65h
  ep2 shard 129/688 loss=0.903471  best=-inf wall=0.655h
  ep2 shard 130/688 loss=0.878338  best=-inf wall=0.661h
  ep2 shard 131/688 loss=0.880688  best=-inf wall=0.666h
  ep2 shard 132/688 loss=0.803684  best=-inf wall=0.671h
  ep2 shard 133/688 loss=0.8627  best=-inf wall=0.676h
  ep2 shard 134/688 loss=0.827372  best=-inf wall=0.681h
  ep2 shard 135/688 loss=0.863024  best=-inf wall=0.686h
  ep2 shard 136/688 loss=0.887201  best=-inf wall=0.691h
  ep2 shard 137/688 loss=0.854942  best=-inf wall=0.695h
  ep2 shard 138/688 loss=0.809654  best=-inf wall=0.7h
  ep2 shard 139/688 loss=0.879704  best=-inf wall=0.705h
  ep2 shard 140/688 loss=0.826252  best=-inf wall=0.71h
  ep2 shard 141/688 loss=0.865993  best=-inf wall=0.715h
  ep2 shard 142/688 loss=0.887061  best=-inf wall=0.721h
  ep2 shard 143/688 loss=0.879061  best=-inf wall=0.723h
  ep2 shard 144/688 loss=0.829795  best=-inf wall=0.729h
  ep2 shard 145/688 loss=0.85143  best=-inf wall=0.734h
  ep2 shard 146/688 loss=0.857482  best=-inf wall=0.737h
  ep2 shard 147/688 loss=0.813098  best=-inf wall=0.743h
  ep2 shard 148/688 loss=0.82128  best=-inf wall=0.75h
  ep2 shard 149/688 loss=0.884778  best=-inf wall=0.769h
  ep2 shard 150/688 loss=0.822286  best=-inf wall=0.782h
  ep2 shard 151/688 loss=0.87888  best=-inf wall=0.797h
  ep2 shard 152/688 loss=0.88013  best=-inf wall=0.819h
  ep2 shard 153/688 loss=0.791956  best=-inf wall=0.83h
  ep2 shard 154/688 loss=0.884091  best=-inf wall=0.842h
  ep2 shard 155/688 loss=0.863969  best=-inf wall=0.855h
  ep2 shard 156/688 loss=0.837351  best=-inf wall=0.868h
  ep2 shard 157/688 loss=0.868797  best=-inf wall=0.879h
  ep2 shard 158/688 loss=0.829042  best=-inf wall=0.892h
  ep2 shard 159/688 loss=0.901525  best=-inf wall=0.901h
  ep2 shard 160/688 loss=0.907577  best=-inf wall=0.912h
  ep2 shard 161/688 loss=0.816672  best=-inf wall=0.926h
  ep2 shard 162/688 loss=0.860645  best=-inf wall=0.937h
  ep2 shard 163/688 loss=0.881744  best=-inf wall=0.941h
  ep2 shard 164/688 loss=0.823319  best=-inf wall=0.946h
  ep2 shard 165/688 loss=0.820164  best=-inf wall=0.951h
  ep2 shard 166/688 loss=0.85044  best=-inf wall=0.957h
  ep2 shard 167/688 loss=0.851728  best=-inf wall=0.962h
  ep2 shard 168/688 loss=0.834511  best=-inf wall=0.967h
  ep2 shard 169/688 loss=0.839049  best=-inf wall=0.972h
  ep2 shard 170/688 loss=0.85421  best=-inf wall=0.977h
  ep2 shard 171/688 loss=0.876754  best=-inf wall=0.983h
  ep2 shard 172/688 loss=0.856302  best=-inf wall=0.988h
  saved epoch checkpoint -> experiments/exp028-mlp/debroadcast_all26/checkpoints/ep2.pt
  ep3 shard 173/688 loss=0.859589  best=-inf wall=0.993h
  ep3 shard 174/688 loss=0.870998  best=-inf wall=0.998h
  ep3 shard 175/688 loss=0.835253  best=-inf wall=1.003h
  ep3 shard 176/688 loss=0.851179  best=-inf wall=1.008h
  ep3 shard 177/688 loss=0.896713  best=-inf wall=1.013h
  ep3 shard 178/688 loss=0.838405  best=-inf wall=1.015h
  ep3 shard 179/688 loss=0.874946  best=-inf wall=1.02h
  ep3 shard 180/688 loss=0.853779  best=-inf wall=1.026h
  ep3 shard 181/688 loss=0.852506  best=-inf wall=1.031h
  ep3 shard 182/688 loss=0.85085  best=-inf wall=1.036h
  ep3 shard 183/688 loss=0.887404  best=-inf wall=1.041h
  ep3 shard 184/688 loss=0.891962  best=-inf wall=1.046h
  ep3 shard 185/688 loss=0.828862  best=-inf wall=1.051h
  ep3 shard 186/688 loss=0.817537  best=-inf wall=1.056h
  ep3 shard 187/688 loss=0.876103  best=-inf wall=1.061h
  ep3 shard 188/688 loss=0.83987  best=-inf wall=1.065h
  ep3 shard 189/688 loss=0.845356  best=-inf wall=1.066h
  ep3 shard 190/688 loss=0.873098  best=-inf wall=1.071h
  ep3 shard 191/688 loss=0.882  best=-inf wall=1.075h
  ep3 shard 192/688 loss=0.839629  best=-inf wall=1.08h
  ep3 shard 193/688 loss=0.845671  best=-inf wall=1.085h
  ep3 shard 194/688 loss=0.866904  best=-inf wall=1.088h
  ep3 shard 195/688 loss=0.83578  best=-inf wall=1.093h
  ep3 shard 196/688 loss=0.868942  best=-inf wall=1.099h
  ep3 shard 197/688 loss=0.885101  best=-inf wall=1.104h
  ep3 shard 198/688 loss=0.845476  best=-inf wall=1.111h
  ep3 shard 199/688 loss=0.878  best=-inf wall=1.119h
  ep3 shard 200/688 loss=0.872673  best=-inf wall=1.126h
  ep3 shard 201/688 loss=0.900389  best=-inf wall=1.134h
  ep3 shard 202/688 loss=0.936555  best=-inf wall=1.141h
  ep3 shard 203/688 loss=0.854295  best=-inf wall=1.148h
  ep3 shard 204/688 loss=0.819485  best=-inf wall=1.155h
  ep3 shard 205/688 loss=0.848877  best=-inf wall=1.163h
  ep3 shard 206/688 loss=0.839556  best=-inf wall=1.17h
  ep3 shard 207/688 loss=0.861886  best=-inf wall=1.178h
  ep3 shard 208/688 loss=0.882745  best=-inf wall=1.185h
  ep3 shard 209/688 loss=0.874381  best=-inf wall=1.193h
  ep3 shard 210/688 loss=0.857394  best=-inf wall=1.2h
  ep3 shard 211/688 loss=0.836888  best=-inf wall=1.206h
  ep3 shard 212/688 loss=0.848469  best=-inf wall=1.211h
  ep3 shard 213/688 loss=0.809131  best=-inf wall=1.216h
  ep3 shard 214/688 loss=0.821844  best=-inf wall=1.221h
  ep3 shard 215/688 loss=0.830296  best=-inf wall=1.226h
  ep3 shard 216/688 loss=0.87616  best=-inf wall=1.229h
  ep3 shard 217/688 loss=0.872881  best=-inf wall=1.234h
  ep3 shard 218/688 loss=0.888922  best=-inf wall=1.239h
  ep3 shard 219/688 loss=0.846373  best=-inf wall=1.245h
  ep3 shard 220/688 loss=0.865202  best=-inf wall=1.25h
  ep3 shard 221/688 loss=0.875202  best=-inf wall=1.255h
  ep3 shard 222/688 loss=0.880168  best=-inf wall=1.258h
  ep3 shard 223/688 loss=0.871033  best=-inf wall=1.263h
  ep3 shard 224/688 loss=0.859976  best=-inf wall=1.268h
  ep3 shard 225/688 loss=0.854466  best=-inf wall=1.273h
  ep3 shard 226/688 loss=0.857524  best=-inf wall=1.278h
  ep3 shard 227/688 loss=0.832932  best=-inf wall=1.281h
  ep3 shard 228/688 loss=0.823588  best=-inf wall=1.286h
  ep3 shard 229/688 loss=0.873293  best=-inf wall=1.289h
  ep3 shard 230/688 loss=0.844284  best=-inf wall=1.294h
  ep3 shard 231/688 loss=0.842847  best=-inf wall=1.299h
  ep3 shard 232/688 loss=0.814126  best=-inf wall=1.304h
  ep3 shard 233/688 loss=0.885294  best=-inf wall=1.31h
  ep3 shard 234/688 loss=0.821931  best=-inf wall=1.315h
  ep3 shard 235/688 loss=0.828369  best=-inf wall=1.32h
  ep3 shard 236/688 loss=0.870264  best=-inf wall=1.325h
  ep3 shard 237/688 loss=0.901889  best=-inf wall=1.33h
  ep3 shard 238/688 loss=0.863886  best=-inf wall=1.335h
  ep3 shard 239/688 loss=0.864978  best=-inf wall=1.341h
  ep3 shard 240/688 loss=0.834072  best=-inf wall=1.346h
  ep3 shard 241/688 loss=0.823703  best=-inf wall=1.351h
  ep3 shard 242/688 loss=0.825531  best=-inf wall=1.357h
  ep3 shard 243/688 loss=0.849672  best=-inf wall=1.358h
  ep3 shard 244/688 loss=0.782354  best=-inf wall=1.363h
  ep3 shard 245/688 loss=0.83777  best=-inf wall=1.369h
  ep3 shard 246/688 loss=0.840033  best=-inf wall=1.375h
  ep3 shard 247/688 loss=0.856258  best=-inf wall=1.38h
  ep3 shard 248/688 loss=0.823525  best=-inf wall=1.385h
  ep3 shard 249/688 loss=0.892467  best=-inf wall=1.391h
  ep3 shard 250/688 loss=0.830067  best=-inf wall=1.396h
  ep3 shard 251/688 loss=0.811477  best=-inf wall=1.401h
  ep3 shard 252/688 loss=0.867387  best=-inf wall=1.406h
  ep3 shard 253/688 loss=0.890785  best=-inf wall=1.411h
  ep3 shard 254/688 loss=0.843021  best=-inf wall=1.414h
  ep3 shard 255/688 loss=0.819975  best=-inf wall=1.418h
  ep3 shard 256/688 loss=0.852448  best=-inf wall=1.422h
  ep3 shard 257/688 loss=0.8644  best=-inf wall=1.427h
  ep3 shard 258/688 loss=0.896215  best=-inf wall=1.43h
  saved epoch checkpoint -> experiments/exp028-mlp/debroadcast_all26/checkpoints/ep3.pt
  ep4 shard 259/688 loss=0.858889  best=-inf wall=1.435h
  ep4 shard 260/688 loss=0.816764  best=-inf wall=1.44h
  ep4 shard 261/688 loss=0.90679  best=-inf wall=1.445h
  ep4 shard 262/688 loss=0.875932  best=-inf wall=1.45h
  ep4 shard 263/688 loss=0.847835  best=-inf wall=1.453h
  ep4 shard 264/688 loss=0.799967  best=-inf wall=1.458h
  ep4 shard 265/688 loss=0.893139  best=-inf wall=1.459h
  ep4 shard 266/688 loss=0.802043  best=-inf wall=1.465h
  ep4 shard 267/688 loss=0.882762  best=-inf wall=1.47h
  ep4 shard 268/688 loss=0.838673  best=-inf wall=1.473h
  ep4 shard 269/688 loss=0.853965  best=-inf wall=1.478h
  ep4 shard 270/688 loss=0.873577  best=-inf wall=1.483h
  ep4 shard 271/688 loss=0.840871  best=-inf wall=1.488h
  ep4 shard 272/688 loss=0.787137  best=-inf wall=1.493h
  ep4 shard 273/688 loss=0.887438  best=-inf wall=1.498h
  ep4 shard 274/688 loss=0.887836  best=-inf wall=1.503h
  ep4 shard 275/688 loss=0.882415  best=-inf wall=1.508h
  ep4 shard 276/688 loss=0.866235  best=-inf wall=1.514h
  ep4 shard 277/688 loss=0.850059  best=-inf wall=1.519h
  ep4 shard 278/688 loss=0.788409  best=-inf wall=1.524h
  ep4 shard 279/688 loss=0.874666  best=-inf wall=1.529h
  ep4 shard 280/688 loss=0.847352  best=-inf wall=1.533h
  ep4 shard 281/688 loss=0.875448  best=-inf wall=1.539h
  ep4 shard 282/688 loss=0.840314  best=-inf wall=1.544h
  ep4 shard 283/688 loss=0.824789  best=-inf wall=1.55h
  ep4 shard 284/688 loss=0.85266  best=-inf wall=1.555h
  ep4 shard 285/688 loss=0.860386  best=-inf wall=1.56h
  ep4 shard 286/688 loss=0.857295  best=-inf wall=1.565h
  ep4 shard 287/688 loss=0.871594  best=-inf wall=1.568h
  ep4 shard 288/688 loss=0.855038  best=-inf wall=1.573h
  ep4 shard 289/688 loss=0.866076  best=-inf wall=1.578h
  ep4 shard 290/688 loss=0.85621  best=-inf wall=1.583h
  ep4 shard 291/688 loss=0.870296  best=-inf wall=1.588h
  ep4 shard 292/688 loss=0.848964  best=-inf wall=1.593h
  ep4 shard 293/688 loss=0.854245  best=-inf wall=1.598h
  ep4 shard 294/688 loss=0.833789  best=-inf wall=1.603h
  ep4 shard 295/688 loss=0.890009  best=-inf wall=1.609h
  ep4 shard 296/688 loss=0.856841  best=-inf wall=1.614h
  ep4 shard 297/688 loss=0.867868  best=-inf wall=1.617h
  ep4 shard 298/688 loss=0.854842  best=-inf wall=1.622h
  ep4 shard 299/688 loss=0.881065  best=-inf wall=1.627h
  ep4 shard 300/688 loss=0.856158  best=-inf wall=1.632h
  ep4 shard 301/688 loss=0.884305  best=-inf wall=1.635h
  ep4 shard 302/688 loss=0.874269  best=-inf wall=1.638h
  ep4 shard 303/688 loss=0.81852  best=-inf wall=1.643h
  ep4 shard 304/688 loss=0.781212  best=-inf wall=1.649h
  ep4 shard 305/688 loss=0.82957  best=-inf wall=1.654h
  ep4 shard 306/688 loss=0.875367  best=-inf wall=1.659h
  ep4 shard 307/688 loss=0.836743  best=-inf wall=1.664h
  ep4 shard 308/688 loss=0.836756  best=-inf wall=1.669h
  ep4 shard 309/688 loss=0.834881  best=-inf wall=1.675h
  ep4 shard 310/688 loss=0.839654  best=-inf wall=1.68h
  ep4 shard 311/688 loss=0.847517  best=-inf wall=1.685h
  ep4 shard 312/688 loss=0.832578  best=-inf wall=1.69h
  ep4 shard 313/688 loss=0.825689  best=-inf wall=1.695h
  ep4 shard 314/688 loss=0.816611  best=-inf wall=1.7h
  ep4 shard 315/688 loss=0.893663  best=-inf wall=1.706h
  ep4 shard 316/688 loss=0.867657  best=-inf wall=1.711h
  ep4 shard 317/688 loss=0.835101  best=-inf wall=1.716h
  ep4 shard 318/688 loss=0.832995  best=-inf wall=1.72h
  ep4 shard 319/688 loss=0.827203  best=-inf wall=1.726h
  ep4 shard 320/688 loss=0.846354  best=-inf wall=1.731h
  ep4 shard 321/688 loss=0.853127  best=-inf wall=1.733h
  ep4 shard 322/688 loss=0.880613  best=-inf wall=1.738h
  ep4 shard 323/688 loss=0.883915  best=-inf wall=1.743h
  ep4 shard 324/688 loss=0.856369  best=-inf wall=1.748h
  ep4 shard 325/688 loss=0.852852  best=-inf wall=1.751h
  ep4 shard 326/688 loss=0.880296  best=-inf wall=1.754h
  ep4 shard 327/688 loss=0.833273  best=-inf wall=1.759h
  ep4 shard 328/688 loss=0.85108  best=-inf wall=1.761h
  ep4 shard 329/688 loss=0.896978  best=-inf wall=1.766h
  ep4 shard 330/688 loss=0.831799  best=-inf wall=1.771h
  ep4 shard 331/688 loss=0.872685  best=-inf wall=1.776h
  ep4 shard 332/688 loss=0.852199  best=-inf wall=1.779h
  ep4 shard 333/688 loss=0.840461  best=-inf wall=1.784h
  ep4 shard 334/688 loss=0.853456  best=-inf wall=1.79h
  ep4 shard 335/688 loss=0.837601  best=-inf wall=1.795h
  ep4 shard 336/688 loss=0.854131  best=-inf wall=1.8h
  ep4 shard 337/688 loss=0.912883  best=-inf wall=1.804h
  ep4 shard 338/688 loss=0.847856  best=-inf wall=1.809h
  ep4 shard 339/688 loss=0.87467  best=-inf wall=1.815h
  ep4 shard 340/688 loss=0.866198  best=-inf wall=1.82h
  ep4 shard 341/688 loss=0.854  best=-inf wall=1.823h
  ep4 shard 342/688 loss=0.854575  best=-inf wall=1.829h
  ep4 shard 343/688 loss=0.798722  best=-inf wall=1.844h
  ep4 shard 344/688 loss=0.854157  best=-inf wall=1.857h
  saved epoch checkpoint -> experiments/exp028-mlp/debroadcast_all26/checkpoints/ep4.pt
  ep5 shard 345/688 loss=0.879095  best=-inf wall=1.862h
  ep5 shard 346/688 loss=0.832837  best=-inf wall=1.867h
  ep5 shard 347/688 loss=0.886052  best=-inf wall=1.872h
  ep5 shard 348/688 loss=0.864598  best=-inf wall=1.877h
  ep5 shard 349/688 loss=0.880962  best=-inf wall=1.88h
  ep5 shard 350/688 loss=0.89762  best=-inf wall=1.883h
  ep5 shard 351/688 loss=0.877179  best=-inf wall=1.887h
  ep5 shard 352/688 loss=0.826451  best=-inf wall=1.892h
  ep5 shard 353/688 loss=0.814536  best=-inf wall=1.896h
  ep5 shard 354/688 loss=0.854302  best=-inf wall=1.902h
  ep5 shard 355/688 loss=0.864646  best=-inf wall=1.908h
  ep5 shard 356/688 loss=0.870623  best=-inf wall=1.913h
  ep5 shard 357/688 loss=0.844045  best=-inf wall=1.918h
  ep5 shard 358/688 loss=0.867453  best=-inf wall=1.923h
  ep5 shard 359/688 loss=0.853032  best=-inf wall=1.926h
  ep5 shard 360/688 loss=0.816072  best=-inf wall=1.931h
  ep5 shard 361/688 loss=0.899105  best=-inf wall=1.936h
  ep5 shard 362/688 loss=0.868709  best=-inf wall=1.942h
  ep5 shard 363/688 loss=0.854801  best=-inf wall=1.947h
  ep5 shard 364/688 loss=0.815376  best=-inf wall=1.952h
  ep5 shard 365/688 loss=0.846309  best=-inf wall=1.957h
  ep5 shard 366/688 loss=0.910695  best=-inf wall=1.962h
  ep5 shard 367/688 loss=0.857878  best=-inf wall=1.965h
  ep5 shard 368/688 loss=0.845075  best=-inf wall=1.97h
  ep5 shard 369/688 loss=0.873431  best=-inf wall=1.976h
  ep5 shard 370/688 loss=0.811495  best=-inf wall=1.981h
  ep5 shard 371/688 loss=0.825534  best=-inf wall=1.984h
  ep5 shard 372/688 loss=0.892191  best=-inf wall=1.988h
  ep5 shard 373/688 loss=0.832616  best=-inf wall=1.99h
  ep5 shard 374/688 loss=0.886136  best=-inf wall=1.995h
  ep5 shard 375/688 loss=0.856749  best=-inf wall=2.0h
  ep5 shard 376/688 loss=0.90892  best=-inf wall=2.005h
  ep5 shard 377/688 loss=0.867553  best=-inf wall=2.011h
  ep5 shard 378/688 loss=0.841759  best=-inf wall=2.016h
  ep5 shard 379/688 loss=0.831587  best=-inf wall=2.021h
  ep5 shard 380/688 loss=0.898992  best=-inf wall=2.026h
  ep5 shard 381/688 loss=0.869515  best=-inf wall=2.031h
  ep5 shard 382/688 loss=0.833961  best=-inf wall=2.036h
  ep5 shard 383/688 loss=0.895982  best=-inf wall=2.041h
  ep5 shard 384/688 loss=0.84356  best=-inf wall=2.046h
  ep5 shard 385/688 loss=0.8778  best=-inf wall=2.051h
  ep5 shard 386/688 loss=0.878817  best=-inf wall=2.056h
  ep5 shard 387/688 loss=0.86537  best=-inf wall=2.061h
  ep5 shard 388/688 loss=0.883427  best=-inf wall=2.066h
  ep5 shard 389/688 loss=0.813952  best=-inf wall=2.068h
  ep5 shard 390/688 loss=0.813397  best=-inf wall=2.071h
  ep5 shard 391/688 loss=0.815482  best=-inf wall=2.076h
  ep5 shard 392/688 loss=0.826746  best=-inf wall=2.081h
  ep5 shard 393/688 loss=0.891621  best=-inf wall=2.086h
  ep5 shard 394/688 loss=0.891023  best=-inf wall=2.092h
  ep5 shard 395/688 loss=0.899325  best=-inf wall=2.097h
  ep5 shard 396/688 loss=0.800334  best=-inf wall=2.102h
  ep5 shard 397/688 loss=0.887667  best=-inf wall=2.107h
  ep5 shard 398/688 loss=0.817922  best=-inf wall=2.111h
  ep5 shard 399/688 loss=0.813665  best=-inf wall=2.116h
  ep5 shard 400/688 loss=0.805822  best=-inf wall=2.122h
  ep5 shard 401/688 loss=0.877567  best=-inf wall=2.127h
  ep5 shard 402/688 loss=0.84631  best=-inf wall=2.132h
  ep5 shard 403/688 loss=0.87381  best=-inf wall=2.137h
  ep5 shard 404/688 loss=0.854695  best=-inf wall=2.142h
  ep5 shard 405/688 loss=0.85927  best=-inf wall=2.145h
  ep5 shard 406/688 loss=0.878949  best=-inf wall=2.15h
  ep5 shard 407/688 loss=0.875654  best=-inf wall=2.156h
  ep5 shard 408/688 loss=0.873693  best=-inf wall=2.161h
  ep5 shard 409/688 loss=0.871966  best=-inf wall=2.166h
  ep5 shard 410/688 loss=0.837618  best=-inf wall=2.171h
  ep5 shard 411/688 loss=0.834816  best=-inf wall=2.176h
  ep5 shard 412/688 loss=0.864105  best=-inf wall=2.179h
  ep5 shard 413/688 loss=0.843785  best=-inf wall=2.184h
  ep5 shard 414/688 loss=0.854959  best=-inf wall=2.187h
  ep5 shard 415/688 loss=0.854273  best=-inf wall=2.192h
  ep5 shard 416/688 loss=0.847087  best=-inf wall=2.198h
  ep5 shard 417/688 loss=0.860553  best=-inf wall=2.203h
  ep5 shard 418/688 loss=0.867002  best=-inf wall=2.208h
  ep5 shard 419/688 loss=0.869363  best=-inf wall=2.213h
  ep5 shard 420/688 loss=0.89665  best=-inf wall=2.214h
  ep5 shard 421/688 loss=0.848997  best=-inf wall=2.217h
  ep5 shard 422/688 loss=0.846002  best=-inf wall=2.223h
  ep5 shard 423/688 loss=0.893893  best=-inf wall=2.228h
  ep5 shard 424/688 loss=0.847463  best=-inf wall=2.233h
  ep5 shard 425/688 loss=0.86282  best=-inf wall=2.238h
  ep5 shard 426/688 loss=0.832196  best=-inf wall=2.243h
  ep5 shard 427/688 loss=0.871139  best=-inf wall=2.249h
  ep5 shard 428/688 loss=0.842918  best=-inf wall=2.254h
  ep5 shard 429/688 loss=0.822503  best=-inf wall=2.259h
  ep5 shard 430/688 loss=0.833065  best=-inf wall=2.263h
  saved epoch checkpoint -> experiments/exp028-mlp/debroadcast_all26/checkpoints/ep5.pt
  ep6 shard 431/688 loss=0.872119  best=-inf wall=2.268h
  ep6 shard 432/688 loss=0.870458  best=-inf wall=2.273h
  ep6 shard 433/688 loss=0.855794  best=-inf wall=2.275h
  ep6 shard 434/688 loss=0.858742  best=-inf wall=2.277h
  ep6 shard 435/688 loss=0.883008  best=-inf wall=2.282h
  ep6 shard 436/688 loss=0.888564  best=-inf wall=2.287h
  ep6 shard 437/688 loss=0.86319  best=-inf wall=2.292h
  ep6 shard 438/688 loss=0.84982  best=-inf wall=2.297h
  ep6 shard 439/688 loss=0.852392  best=-inf wall=2.3h
  ep6 shard 440/688 loss=0.882649  best=-inf wall=2.305h
  ep6 shard 441/688 loss=0.854168  best=-inf wall=2.31h
  ep6 shard 442/688 loss=0.87647  best=-inf wall=2.315h
  ep6 shard 443/688 loss=0.855007  best=-inf wall=2.32h
  ep6 shard 444/688 loss=0.83268  best=-inf wall=2.325h
  ep6 shard 445/688 loss=0.820619  best=-inf wall=2.331h
  ep6 shard 446/688 loss=0.893651  best=-inf wall=2.336h
  ep6 shard 447/688 loss=0.879201  best=-inf wall=2.341h
  ep6 shard 448/688 loss=0.870036  best=-inf wall=2.346h
  ep6 shard 449/688 loss=0.818984  best=-inf wall=2.351h
  ep6 shard 450/688 loss=0.868707  best=-inf wall=2.356h
  ep6 shard 451/688 loss=0.879162  best=-inf wall=2.359h
  ep6 shard 452/688 loss=0.815215  best=-inf wall=2.364h
  ep6 shard 453/688 loss=0.83212  best=-inf wall=2.369h
  ep6 shard 454/688 loss=0.839194  best=-inf wall=2.374h
  ep6 shard 455/688 loss=0.881624  best=-inf wall=2.379h
  ep6 shard 456/688 loss=0.85407  best=-inf wall=2.384h
  ep6 shard 457/688 loss=0.8933  best=-inf wall=2.39h
  ep6 shard 458/688 loss=0.851448  best=-inf wall=2.395h
  ep6 shard 459/688 loss=0.902241  best=-inf wall=2.4h
  ep6 shard 460/688 loss=0.832377  best=-inf wall=2.406h
  ep6 shard 461/688 loss=0.867194  best=-inf wall=2.411h
  ep6 shard 462/688 loss=0.84574  best=-inf wall=2.416h
  ep6 shard 463/688 loss=0.824626  best=-inf wall=2.421h
  ep6 shard 464/688 loss=0.858348  best=-inf wall=2.426h
  ep6 shard 465/688 loss=0.829192  best=-inf wall=2.432h
  ep6 shard 466/688 loss=0.865947  best=-inf wall=2.437h
  ep6 shard 467/688 loss=0.860076  best=-inf wall=2.44h
  ep6 shard 468/688 loss=0.846428  best=-inf wall=2.445h
  ep6 shard 469/688 loss=0.866942  best=-inf wall=2.45h
  ep6 shard 470/688 loss=0.883887  best=-inf wall=2.455h
  ep6 shard 471/688 loss=0.875565  best=-inf wall=2.458h
  ep6 shard 472/688 loss=0.927255  best=-inf wall=2.463h
  ep6 shard 473/688 loss=0.850897  best=-inf wall=2.468h
  ep6 shard 474/688 loss=0.861877  best=-inf wall=2.474h
  ep6 shard 475/688 loss=0.81307  best=-inf wall=2.479h
  ep6 shard 476/688 loss=0.848271  best=-inf wall=2.484h
  ep6 shard 477/688 loss=0.878476  best=-inf wall=2.489h
  ep6 shard 478/688 loss=0.837392  best=-inf wall=2.494h
  ep6 shard 479/688 loss=0.817374  best=-inf wall=2.5h
  ep6 shard 480/688 loss=0.816697  best=-inf wall=2.505h
  ep6 shard 481/688 loss=0.834365  best=-inf wall=2.509h
  ep6 shard 482/688 loss=0.855303  best=-inf wall=2.512h
  ep6 shard 483/688 loss=0.813576  best=-inf wall=2.516h
  ep6 shard 484/688 loss=0.846776  best=-inf wall=2.521h
  ep6 shard 485/688 loss=0.859583  best=-inf wall=2.526h
  ep6 shard 486/688 loss=0.842514  best=-inf wall=2.532h
  ep6 shard 487/688 loss=0.839284  best=-inf wall=2.537h
  ep6 shard 488/688 loss=0.811791  best=-inf wall=2.542h
  ep6 shard 489/688 loss=0.838883  best=-inf wall=2.547h
  ep6 shard 490/688 loss=0.857172  best=-inf wall=2.552h
  ep6 shard 491/688 loss=0.829594  best=-inf wall=2.557h
  ep6 shard 492/688 loss=0.859993  best=-inf wall=2.563h
  ep6 shard 493/688 loss=0.821534  best=-inf wall=2.568h
  ep6 shard 494/688 loss=0.897168  best=-inf wall=2.572h
  ep6 shard 495/688 loss=0.822799  best=-inf wall=2.575h
  ep6 shard 496/688 loss=0.830848  best=-inf wall=2.58h
  ep6 shard 497/688 loss=0.847549  best=-inf wall=2.583h
  ep6 shard 498/688 loss=0.884644  best=-inf wall=2.588h
  ep6 shard 499/688 loss=0.895708  best=-inf wall=2.593h
  ep6 shard 500/688 loss=0.854671  best=-inf wall=2.598h
  ep6 shard 501/688 loss=0.881052  best=-inf wall=2.603h
  ep6 shard 502/688 loss=0.796887  best=-inf wall=2.608h
  ep6 shard 503/688 loss=0.902314  best=-inf wall=2.613h
  ep6 shard 504/688 loss=0.831661  best=-inf wall=2.618h
  ep6 shard 505/688 loss=0.891002  best=-inf wall=2.621h
  ep6 shard 506/688 loss=0.862827  best=-inf wall=2.626h
  ep6 shard 507/688 loss=0.841577  best=-inf wall=2.631h
  ep6 shard 508/688 loss=0.84096  best=-inf wall=2.637h
  ep6 shard 509/688 loss=0.850634  best=-inf wall=2.64h
  ep6 shard 510/688 loss=0.833233  best=-inf wall=2.641h
  ep6 shard 511/688 loss=0.868229  best=-inf wall=2.646h
  ep6 shard 512/688 loss=0.900417  best=-inf wall=2.651h
  ep6 shard 513/688 loss=0.847134  best=-inf wall=2.656h
  ep6 shard 514/688 loss=0.878084  best=-inf wall=2.661h
  ep6 shard 515/688 loss=0.839337  best=-inf wall=2.666h
  ep6 shard 516/688 loss=0.882697  best=-inf wall=2.669h
  saved epoch checkpoint -> experiments/exp028-mlp/debroadcast_all26/checkpoints/ep6.pt
  ep7 shard 517/688 loss=0.873688  best=-inf wall=2.674h
  ep7 shard 518/688 loss=0.858437  best=-inf wall=2.679h
  ep7 shard 519/688 loss=0.81466  best=-inf wall=2.684h
  ep7 shard 520/688 loss=0.849774  best=-inf wall=2.689h
  ep7 shard 521/688 loss=0.860979  best=-inf wall=2.692h
  ep7 shard 522/688 loss=0.859463  best=-inf wall=2.697h
  ep7 shard 523/688 loss=0.862272  best=-inf wall=2.702h
  ep7 shard 524/688 loss=0.876282  best=-inf wall=2.707h
  ep7 shard 525/688 loss=0.848817  best=-inf wall=2.711h
  ep7 shard 526/688 loss=0.827864  best=-inf wall=2.716h
  ep7 shard 527/688 loss=0.84604  best=-inf wall=2.719h
  ep7 shard 528/688 loss=0.833871  best=-inf wall=2.724h
  ep7 shard 529/688 loss=0.842653  best=-inf wall=2.729h
  ep7 shard 530/688 loss=0.812932  best=-inf wall=2.734h
  ep7 shard 531/688 loss=0.860161  best=-inf wall=2.739h
  ep7 shard 532/688 loss=0.89467  best=-inf wall=2.744h
  ep7 shard 533/688 loss=0.908152  best=-inf wall=2.75h
  ep7 shard 534/688 loss=0.867636  best=-inf wall=2.753h
  ep7 shard 535/688 loss=0.863848  best=-inf wall=2.758h
  ep7 shard 536/688 loss=0.905689  best=-inf wall=2.763h
  ep7 shard 537/688 loss=0.892437  best=-inf wall=2.767h
  ep7 shard 538/688 loss=0.868781  best=-inf wall=2.77h
  ep7 shard 539/688 loss=0.838358  best=-inf wall=2.774h
  ep7 shard 540/688 loss=0.863826  best=-inf wall=2.777h
  ep7 shard 541/688 loss=0.811821  best=-inf wall=2.782h
  ep7 shard 542/688 loss=0.826292  best=-inf wall=2.787h
  ep7 shard 543/688 loss=0.838282  best=-inf wall=2.789h
  ep7 shard 544/688 loss=0.878438  best=-inf wall=2.794h
  ep7 shard 545/688 loss=0.848933  best=-inf wall=2.799h
  ep7 shard 546/688 loss=0.859361  best=-inf wall=2.804h
  ep7 shard 547/688 loss=0.843057  best=-inf wall=2.809h
  ep7 shard 548/688 loss=0.857955  best=-inf wall=2.814h
  ep7 shard 549/688 loss=0.852387  best=-inf wall=2.819h
  ep7 shard 550/688 loss=0.837296  best=-inf wall=2.824h
  ep7 shard 551/688 loss=0.884628  best=-inf wall=2.829h
  ep7 shard 552/688 loss=0.864143  best=-inf wall=2.832h
  ep7 shard 553/688 loss=0.834403  best=-inf wall=2.837h
  ep7 shard 554/688 loss=0.878913  best=-inf wall=2.842h
  ep7 shard 555/688 loss=0.907619  best=-inf wall=2.847h
  ep7 shard 556/688 loss=0.824822  best=-inf wall=2.852h
  ep7 shard 557/688 loss=0.869165  best=-inf wall=2.857h
  ep7 shard 558/688 loss=0.869335  best=-inf wall=2.86h
  ep7 shard 559/688 loss=0.859573  best=-inf wall=2.865h
  ep7 shard 560/688 loss=0.832376  best=-inf wall=2.87h
  ep7 shard 561/688 loss=0.84273  best=-inf wall=2.875h
  ep7 shard 562/688 loss=0.896611  best=-inf wall=2.88h
  ep7 shard 563/688 loss=0.862052  best=-inf wall=2.885h
  ep7 shard 564/688 loss=0.885476  best=-inf wall=2.89h
  ep7 shard 565/688 loss=0.846274  best=-inf wall=2.895h
  ep7 shard 566/688 loss=0.884987  best=-inf wall=2.9h
  ep7 shard 567/688 loss=0.863554  best=-inf wall=2.906h
  ep7 shard 568/688 loss=0.877032  best=-inf wall=2.911h
  ep7 shard 569/688 loss=0.850812  best=-inf wall=2.912h
  ep7 shard 570/688 loss=0.832783  best=-inf wall=2.918h
  ep7 shard 571/688 loss=0.86736  best=-inf wall=2.923h
  ep7 shard 572/688 loss=0.852918  best=-inf wall=2.928h
  ep7 shard 573/688 loss=0.868829  best=-inf wall=2.933h
  ep7 shard 574/688 loss=0.874675  best=-inf wall=2.934h
  ep7 shard 575/688 loss=0.834078  best=-inf wall=2.939h
  ep7 shard 576/688 loss=0.848806  best=-inf wall=2.942h
  ep7 shard 577/688 loss=0.847408  best=-inf wall=2.945h
  ep7 shard 578/688 loss=0.838618  best=-inf wall=2.948h
  ep7 shard 579/688 loss=0.885048  best=-inf wall=2.954h
  ep7 shard 580/688 loss=0.826423  best=-inf wall=2.959h
  ep7 shard 581/688 loss=0.824671  best=-inf wall=2.964h
  ep7 shard 582/688 loss=0.84794  best=-inf wall=2.97h
  ep7 shard 583/688 loss=0.844881  best=-inf wall=2.975h
  ep7 shard 584/688 loss=0.879043  best=-inf wall=2.98h
  ep7 shard 585/688 loss=0.84102  best=-inf wall=2.986h
  ep7 shard 586/688 loss=0.840631  best=-inf wall=2.991h
  ep7 shard 587/688 loss=0.808105  best=-inf wall=2.996h
  ep7 shard 588/688 loss=0.848075  best=-inf wall=3.001h
  ep7 shard 589/688 loss=0.879676  best=-inf wall=3.007h
  ep7 shard 590/688 loss=0.892132  best=-inf wall=3.012h
  ep7 shard 591/688 loss=0.896421  best=-inf wall=3.017h
  ep7 shard 592/688 loss=0.842046  best=-inf wall=3.024h
  ep7 shard 593/688 loss=0.817486  best=-inf wall=3.029h
  ep7 shard 594/688 loss=0.866851  best=-inf wall=3.034h
  ep7 shard 595/688 loss=0.857086  best=-inf wall=3.039h
  ep7 shard 596/688 loss=0.85545  best=-inf wall=3.044h
  ep7 shard 597/688 loss=0.862229  best=-inf wall=3.049h
  ep7 shard 598/688 loss=0.855741  best=-inf wall=3.055h
  ep7 shard 599/688 loss=0.860261  best=-inf wall=3.06h
  ep7 shard 600/688 loss=0.89184  best=-inf wall=3.065h
  ep7 shard 601/688 loss=0.839519  best=-inf wall=3.07h
  ep7 shard 602/688 loss=0.853322  best=-inf wall=3.076h
  saved epoch checkpoint -> experiments/exp028-mlp/debroadcast_all26/checkpoints/ep7.pt
  ep8 shard 603/688 loss=0.886201  best=-inf wall=3.081h
  ep8 shard 604/688 loss=0.841489  best=-inf wall=3.086h
  ep8 shard 605/688 loss=0.874075  best=-inf wall=3.091h
  ep8 shard 606/688 loss=0.887656  best=-inf wall=3.094h
  ep8 shard 607/688 loss=0.856541  best=-inf wall=3.096h
  ep8 shard 608/688 loss=0.792615  best=-inf wall=3.1h
  ep8 shard 609/688 loss=0.830935  best=-inf wall=3.105h
  ep8 shard 610/688 loss=0.840961  best=-inf wall=3.108h
  ep8 shard 611/688 loss=0.909209  best=-inf wall=3.113h
  ep8 shard 612/688 loss=0.880175  best=-inf wall=3.119h
  ep8 shard 613/688 loss=0.871748  best=-inf wall=3.122h
  ep8 shard 614/688 loss=0.879375  best=-inf wall=3.127h
  ep8 shard 615/688 loss=0.858155  best=-inf wall=3.131h
  ep8 shard 616/688 loss=0.860708  best=-inf wall=3.136h
  ep8 shard 617/688 loss=0.899999  best=-inf wall=3.141h
  ep8 shard 618/688 loss=0.846691  best=-inf wall=3.146h
  ep8 shard 619/688 loss=0.888778  best=-inf wall=3.151h
  ep8 shard 620/688 loss=0.855524  best=-inf wall=3.155h
  ep8 shard 621/688 loss=0.851972  best=-inf wall=3.16h
  ep8 shard 622/688 loss=0.901758  best=-inf wall=3.165h
  ep8 shard 623/688 loss=0.862204  best=-inf wall=3.17h
  ep8 shard 624/688 loss=0.879767  best=-inf wall=3.175h
  ep8 shard 625/688 loss=0.865367  best=-inf wall=3.18h
  ep8 shard 626/688 loss=0.830336  best=-inf wall=3.185h
  ep8 shard 627/688 loss=0.885339  best=-inf wall=3.19h
  ep8 shard 628/688 loss=0.908405  best=-inf wall=3.195h
  ep8 shard 629/688 loss=0.849716  best=-inf wall=3.2h
  ep8 shard 630/688 loss=0.893753  best=-inf wall=3.205h
  ep8 shard 631/688 loss=0.897303  best=-inf wall=3.21h
  ep8 shard 632/688 loss=0.875982  best=-inf wall=3.212h
  ep8 shard 633/688 loss=0.829743  best=-inf wall=3.217h
  ep8 shard 634/688 loss=0.871609  best=-inf wall=3.223h
  ep8 shard 635/688 loss=0.867491  best=-inf wall=3.228h
  ep8 shard 636/688 loss=0.850495  best=-inf wall=3.231h
  ep8 shard 637/688 loss=0.863179  best=-inf wall=3.234h
  ep8 shard 638/688 loss=0.858379  best=-inf wall=3.239h
  ep8 shard 639/688 loss=0.878274  best=-inf wall=3.244h
  ep8 shard 640/688 loss=0.830798  best=-inf wall=3.247h
  ep8 shard 641/688 loss=0.844208  best=-inf wall=3.252h
  ep8 shard 642/688 loss=0.864619  best=-inf wall=3.257h
  ep8 shard 643/688 loss=0.85349  best=-inf wall=3.261h
  ep8 shard 644/688 loss=0.852288  best=-inf wall=3.266h
  ep8 shard 645/688 loss=0.831653  best=-inf wall=3.269h
  ep8 shard 646/688 loss=0.851819  best=-inf wall=3.274h
  ep8 shard 647/688 loss=0.913336  best=-inf wall=3.279h
  ep8 shard 648/688 loss=0.847207  best=-inf wall=3.285h
  ep8 shard 649/688 loss=0.879695  best=-inf wall=3.29h
  ep8 shard 650/688 loss=0.840594  best=-inf wall=3.295h
  ep8 shard 651/688 loss=0.888812  best=-inf wall=3.3h
  ep8 shard 652/688 loss=0.860635  best=-inf wall=3.306h
  ep8 shard 653/688 loss=0.820915  best=-inf wall=3.31h
  ep8 shard 654/688 loss=0.873971  best=-inf wall=3.312h
  ep8 shard 655/688 loss=0.884497  best=-inf wall=3.317h
  ep8 shard 656/688 loss=0.856474  best=-inf wall=3.323h
  ep8 shard 657/688 loss=0.889045  best=-inf wall=3.328h
  ep8 shard 658/688 loss=0.845444  best=-inf wall=3.333h
  ep8 shard 659/688 loss=0.828596  best=-inf wall=3.339h
  ep8 shard 660/688 loss=0.831229  best=-inf wall=3.342h
  ep8 shard 661/688 loss=0.854052  best=-inf wall=3.347h
  ep8 shard 662/688 loss=0.883631  best=-inf wall=3.353h
  ep8 shard 663/688 loss=0.862127  best=-inf wall=3.356h
  ep8 shard 664/688 loss=0.83122  best=-inf wall=3.361h
  ep8 shard 665/688 loss=0.829492  best=-inf wall=3.366h
  ep8 shard 666/688 loss=0.870029  best=-inf wall=3.371h
  ep8 shard 667/688 loss=0.851511  best=-inf wall=3.376h
  ep8 shard 668/688 loss=0.861587  best=-inf wall=3.383h
  ep8 shard 669/688 loss=0.864762  best=-inf wall=3.387h
  ep8 shard 670/688 loss=0.882428  best=-inf wall=3.392h
  ep8 shard 671/688 loss=0.84147  best=-inf wall=3.397h
  ep8 shard 672/688 loss=0.848641  best=-inf wall=3.402h
  ep8 shard 673/688 loss=0.807776  best=-inf wall=3.408h
  ep8 shard 674/688 loss=0.873555  best=-inf wall=3.412h
  ep8 shard 675/688 loss=0.7911  best=-inf wall=3.417h
  ep8 shard 676/688 loss=0.782881  best=-inf wall=3.422h
  ep8 shard 677/688 loss=0.858388  best=-inf wall=3.427h
  ep8 shard 678/688 loss=0.888103  best=-inf wall=3.432h
  ep8 shard 679/688 loss=0.861501  best=-inf wall=3.437h
  ep8 shard 680/688 loss=0.833087  best=-inf wall=3.443h
  ep8 shard 681/688 loss=0.88283  best=-inf wall=3.446h
  ep8 shard 682/688 loss=0.905302  best=-inf wall=3.451h
  ep8 shard 683/688 loss=0.832324  best=-inf wall=3.457h
  ep8 shard 684/688 loss=0.861137  best=-inf wall=3.466h
  ep8 shard 685/688 loss=0.865226  best=-inf wall=3.482h
  ep8 shard 686/688 loss=0.895154  best=-inf wall=3.496h
  ep8 shard 687/688 loss=0.909121  best=-inf wall=3.512h
  ep8 shard 688/688 loss=0.845571 gnubg=-0.4 best=-0.400 wall=3.52h
  saved epoch checkpoint -> experiments/exp028-mlp/debroadcast_all26/checkpoints/ep8.pt

===== ARM DONE (outcomes6) reason=epochs_complete best vs GNUBG-0ply = -0.4000 ppg  -> experiments/exp028-mlp/debroadcast_all26/checkpoints/best.pt
