[arch] mlp 1x256 hidden, 0.509M parameters
exp011 outcomes6 [cpu]: 48 shards x 12 epochs, lr=0.001 holdout_frac=0.0 split_seed=14
  ep1 shard 1/576 loss=0.893502  best=-inf wall=0.003h
  ep1 shard 2/576 loss=0.893216  best=-inf wall=0.007h
  ep1 shard 3/576 loss=0.868042  best=-inf wall=0.011h
  ep1 shard 4/576 loss=0.880294  best=-inf wall=0.014h
  ep1 shard 5/576 loss=0.838031  best=-inf wall=0.016h
  ep1 shard 6/576 loss=0.824423  best=-inf wall=0.017h
  ep1 shard 7/576 loss=0.870285  best=-inf wall=0.019h
  ep1 shard 8/576 loss=0.907189  best=-inf wall=0.021h
  ep1 shard 9/576 loss=0.884436  best=-inf wall=0.023h
  ep1 shard 10/576 loss=0.874823  best=-inf wall=0.024h
  ep1 shard 11/576 loss=0.848663  best=-inf wall=0.027h
  ep1 shard 12/576 loss=0.848717  best=-inf wall=0.03h
  ep1 shard 13/576 loss=0.832226  best=-inf wall=0.033h
  ep1 shard 14/576 loss=0.839728  best=-inf wall=0.035h
  ep1 shard 15/576 loss=0.873043  best=-inf wall=0.038h
  ep1 shard 16/576 loss=0.858389  best=-inf wall=0.041h
  ep1 shard 17/576 loss=0.863343  best=-inf wall=0.044h
  ep1 shard 18/576 loss=0.856028  best=-inf wall=0.047h
  ep1 shard 19/576 loss=0.850809  best=-inf wall=0.05h
  ep1 shard 20/576 loss=0.889077  best=-inf wall=0.053h
  ep1 shard 21/576 loss=0.858296  best=-inf wall=0.056h
  ep1 shard 22/576 loss=0.850645  best=-inf wall=0.059h
  ep1 shard 23/576 loss=0.863884  best=-inf wall=0.061h
  ep1 shard 24/576 loss=0.884011  best=-inf wall=0.064h
  ep1 shard 25/576 loss=0.843809  best=-inf wall=0.067h
  ep1 shard 26/576 loss=0.840311  best=-inf wall=0.07h
  ep1 shard 27/576 loss=0.852236  best=-inf wall=0.073h
  ep1 shard 28/576 loss=0.913527  best=-inf wall=0.076h
  ep1 shard 29/576 loss=0.835926  best=-inf wall=0.078h
  ep1 shard 30/576 loss=0.889965  best=-inf wall=0.081h
  ep1 shard 31/576 loss=0.839772  best=-inf wall=0.084h
  ep1 shard 32/576 loss=0.857454  best=-inf wall=0.087h
  ep1 shard 33/576 loss=0.852554  best=-inf wall=0.09h
  ep1 shard 34/576 loss=0.897451  best=-inf wall=0.092h
  ep1 shard 35/576 loss=0.890892  best=-inf wall=0.095h
  ep1 shard 36/576 loss=0.829947  best=-inf wall=0.098h
  ep1 shard 37/576 loss=0.878329  best=-inf wall=0.101h
  ep1 shard 38/576 loss=0.874349  best=-inf wall=0.104h
  ep1 shard 39/576 loss=0.889235  best=-inf wall=0.107h
  ep1 shard 40/576 loss=0.85068  best=-inf wall=0.11h
  ep1 shard 41/576 loss=0.884137  best=-inf wall=0.113h
  ep1 shard 42/576 loss=0.845446  best=-inf wall=0.116h
  ep1 shard 43/576 loss=0.906943  best=-inf wall=0.119h
  ep1 shard 44/576 loss=0.844943  best=-inf wall=0.121h
  ep1 shard 45/576 loss=0.86023  best=-inf wall=0.124h
  ep1 shard 46/576 loss=0.880152  best=-inf wall=0.127h
  ep1 shard 47/576 loss=0.86643  best=-inf wall=0.13h
  ep1 shard 48/576 loss=0.863353  best=-inf wall=0.133h
  saved epoch checkpoint -> experiments/exp028-mlp/mlp_h256_long/checkpoints/ep1.pt
  ep2 shard 49/576 loss=0.885109  best=-inf wall=0.136h
  ep2 shard 50/576 loss=0.887405  best=-inf wall=0.139h
  ep2 shard 51/576 loss=0.858844  best=-inf wall=0.142h
  ep2 shard 52/576 loss=0.87671  best=-inf wall=0.144h
  ep2 shard 53/576 loss=0.877309  best=-inf wall=0.147h
  ep2 shard 54/576 loss=0.867331  best=-inf wall=0.149h
  ep2 shard 55/576 loss=0.881187  best=-inf wall=0.152h
  ep2 shard 56/576 loss=0.838859  best=-inf wall=0.155h
  ep2 shard 57/576 loss=0.871617  best=-inf wall=0.157h
  ep2 shard 58/576 loss=0.78547  best=-inf wall=0.159h
  ep2 shard 59/576 loss=0.875508  best=-inf wall=0.163h
  ep2 shard 60/576 loss=0.884846  best=-inf wall=0.165h
  ep2 shard 61/576 loss=0.824236  best=-inf wall=0.168h
  ep2 shard 62/576 loss=0.853236  best=-inf wall=0.171h
  ep2 shard 63/576 loss=0.89065  best=-inf wall=0.173h
  ep2 shard 64/576 loss=0.854752  best=-inf wall=0.174h
  ep2 shard 65/576 loss=0.856811  best=-inf wall=0.177h
  ep2 shard 66/576 loss=0.853376  best=-inf wall=0.18h
  ep2 shard 67/576 loss=0.858775  best=-inf wall=0.183h
  ep2 shard 68/576 loss=0.837548  best=-inf wall=0.186h
  ep2 shard 69/576 loss=0.850359  best=-inf wall=0.189h
  ep2 shard 70/576 loss=0.873759  best=-inf wall=0.192h
  ep2 shard 71/576 loss=0.849946  best=-inf wall=0.195h
  ep2 shard 72/576 loss=0.852686  best=-inf wall=0.197h
  ep2 shard 73/576 loss=0.873576  best=-inf wall=0.2h
  ep2 shard 74/576 loss=0.849697  best=-inf wall=0.203h
  ep2 shard 75/576 loss=0.833956  best=-inf wall=0.205h
  ep2 shard 76/576 loss=0.853009  best=-inf wall=0.208h
  ep2 shard 77/576 loss=0.856675  best=-inf wall=0.21h
  ep2 shard 78/576 loss=0.844231  best=-inf wall=0.213h
  ep2 shard 79/576 loss=0.85226  best=-inf wall=0.216h
  ep2 shard 80/576 loss=0.85783  best=-inf wall=0.219h
  ep2 shard 81/576 loss=0.88571  best=-inf wall=0.222h
  ep2 shard 82/576 loss=0.87679  best=-inf wall=0.225h
  ep2 shard 83/576 loss=0.833781  best=-inf wall=0.228h
  ep2 shard 84/576 loss=0.845  best=-inf wall=0.231h
  ep2 shard 85/576 loss=0.855201  best=-inf wall=0.234h
  ep2 shard 86/576 loss=0.868163  best=-inf wall=0.235h
  ep2 shard 87/576 loss=0.880091  best=-inf wall=0.237h
  ep2 shard 88/576 loss=0.815748  best=-inf wall=0.24h
  ep2 shard 89/576 loss=0.855143  best=-inf wall=0.243h
  ep2 shard 90/576 loss=0.868804  best=-inf wall=0.245h
  ep2 shard 91/576 loss=0.888361  best=-inf wall=0.247h
  ep2 shard 92/576 loss=0.906117  best=-inf wall=0.249h
  ep2 shard 93/576 loss=0.869279  best=-inf wall=0.252h
  ep2 shard 94/576 loss=0.812116  best=-inf wall=0.255h
  ep2 shard 95/576 loss=0.809598  best=-inf wall=0.258h
  ep2 shard 96/576 loss=0.874149  best=-inf wall=0.261h
  saved epoch checkpoint -> experiments/exp028-mlp/mlp_h256_long/checkpoints/ep2.pt
  ep3 shard 97/576 loss=0.855688  best=-inf wall=0.264h
  ep3 shard 98/576 loss=0.913986  best=-inf wall=0.267h
  ep3 shard 99/576 loss=0.874172  best=-inf wall=0.27h
  ep3 shard 100/576 loss=0.864779  best=-inf wall=0.271h
  ep3 shard 101/576 loss=0.894629  best=-inf wall=0.273h
  ep3 shard 102/576 loss=0.90698  best=-inf wall=0.276h
  ep3 shard 103/576 loss=0.87568  best=-inf wall=0.279h
  ep3 shard 104/576 loss=0.857064  best=-inf wall=0.281h
  ep3 shard 105/576 loss=0.857703  best=-inf wall=0.283h
  ep3 shard 106/576 loss=0.783243  best=-inf wall=0.285h
  ep3 shard 107/576 loss=0.847552  best=-inf wall=0.288h
  ep3 shard 108/576 loss=0.867758  best=-inf wall=0.291h
  ep3 shard 109/576 loss=0.854524  best=-inf wall=0.292h
  ep3 shard 110/576 loss=0.846568  best=-inf wall=0.296h
  ep3 shard 111/576 loss=0.874381  best=-inf wall=0.299h
  ep3 shard 112/576 loss=0.80631  best=-inf wall=0.301h
  ep3 shard 113/576 loss=0.886996  best=-inf wall=0.304h
  ep3 shard 114/576 loss=0.845889  best=-inf wall=0.307h
  ep3 shard 115/576 loss=0.80772  best=-inf wall=0.31h
  ep3 shard 116/576 loss=0.820443  best=-inf wall=0.313h
  ep3 shard 117/576 loss=0.864913  best=-inf wall=0.315h
  ep3 shard 118/576 loss=0.824044  best=-inf wall=0.318h
  ep3 shard 119/576 loss=0.825376  best=-inf wall=0.321h
  ep3 shard 120/576 loss=0.841157  best=-inf wall=0.324h
  ep3 shard 121/576 loss=0.869409  best=-inf wall=0.327h
  ep3 shard 122/576 loss=0.831384  best=-inf wall=0.33h
  ep3 shard 123/576 loss=0.844227  best=-inf wall=0.333h
  ep3 shard 124/576 loss=0.893972  best=-inf wall=0.335h
  ep3 shard 125/576 loss=0.859784  best=-inf wall=0.338h
  ep3 shard 126/576 loss=0.868039  best=-inf wall=0.34h
  ep3 shard 127/576 loss=0.895361  best=-inf wall=0.343h
  ep3 shard 128/576 loss=0.843662  best=-inf wall=0.346h
  ep3 shard 129/576 loss=0.865303  best=-inf wall=0.348h
  ep3 shard 130/576 loss=0.830901  best=-inf wall=0.35h
  ep3 shard 131/576 loss=0.854323  best=-inf wall=0.352h
  ep3 shard 132/576 loss=0.890771  best=-inf wall=0.355h
  ep3 shard 133/576 loss=0.839854  best=-inf wall=0.358h
  ep3 shard 134/576 loss=0.850522  best=-inf wall=0.361h
  ep3 shard 135/576 loss=0.828863  best=-inf wall=0.364h
  ep3 shard 136/576 loss=0.837007  best=-inf wall=0.365h
  ep3 shard 137/576 loss=0.854846  best=-inf wall=0.368h
  ep3 shard 138/576 loss=0.871833  best=-inf wall=0.371h
  ep3 shard 139/576 loss=0.898343  best=-inf wall=0.374h
  ep3 shard 140/576 loss=0.905804  best=-inf wall=0.377h
  ep3 shard 141/576 loss=0.846136  best=-inf wall=0.379h
  ep3 shard 142/576 loss=0.848439  best=-inf wall=0.381h
  ep3 shard 143/576 loss=0.853347  best=-inf wall=0.384h
  ep3 shard 144/576 loss=0.774306  best=-inf wall=0.387h
  saved epoch checkpoint -> experiments/exp028-mlp/mlp_h256_long/checkpoints/ep3.pt
  ep4 shard 145/576 loss=0.836398  best=-inf wall=0.39h
  ep4 shard 146/576 loss=0.871628  best=-inf wall=0.392h
  ep4 shard 147/576 loss=0.839183  best=-inf wall=0.395h
  ep4 shard 148/576 loss=0.86146  best=-inf wall=0.398h
  ep4 shard 149/576 loss=0.824895  best=-inf wall=0.401h
  ep4 shard 150/576 loss=0.87123  best=-inf wall=0.404h
  ep4 shard 151/576 loss=0.814542  best=-inf wall=0.407h
  ep4 shard 152/576 loss=0.883258  best=-inf wall=0.409h
  ep4 shard 153/576 loss=0.86486  best=-inf wall=0.412h
  ep4 shard 154/576 loss=0.886456  best=-inf wall=0.415h
  ep4 shard 155/576 loss=0.872997  best=-inf wall=0.416h
  ep4 shard 156/576 loss=0.915679  best=-inf wall=0.419h
  ep4 shard 157/576 loss=0.865803  best=-inf wall=0.421h
  ep4 shard 158/576 loss=0.894168  best=-inf wall=0.423h
  ep4 shard 159/576 loss=0.873288  best=-inf wall=0.425h
  ep4 shard 160/576 loss=0.90115  best=-inf wall=0.428h
  ep4 shard 161/576 loss=0.878109  best=-inf wall=0.431h
  ep4 shard 162/576 loss=0.851511  best=-inf wall=0.433h
  ep4 shard 163/576 loss=0.864197  best=-inf wall=0.436h
  ep4 shard 164/576 loss=0.870169  best=-inf wall=0.439h
  ep4 shard 165/576 loss=0.898702  best=-inf wall=0.441h
  ep4 shard 166/576 loss=0.867768  best=-inf wall=0.444h
  ep4 shard 167/576 loss=0.885365  best=-inf wall=0.446h
  ep4 shard 168/576 loss=0.876173  best=-inf wall=0.449h
  ep4 shard 169/576 loss=0.874155  best=-inf wall=0.452h
  ep4 shard 170/576 loss=0.870584  best=-inf wall=0.455h
  ep4 shard 171/576 loss=0.800476  best=-inf wall=0.458h
  ep4 shard 172/576 loss=0.850748  best=-inf wall=0.461h
  ep4 shard 173/576 loss=0.822408  best=-inf wall=0.463h
  ep4 shard 174/576 loss=0.864931  best=-inf wall=0.466h
  ep4 shard 175/576 loss=0.86453  best=-inf wall=0.469h
  ep4 shard 176/576 loss=0.838857  best=-inf wall=0.472h
  ep4 shard 177/576 loss=0.868129  best=-inf wall=0.473h
  ep4 shard 178/576 loss=0.885657  best=-inf wall=0.475h
  ep4 shard 179/576 loss=0.847608  best=-inf wall=0.478h
  ep4 shard 180/576 loss=0.820164  best=-inf wall=0.481h
  ep4 shard 181/576 loss=0.830997  best=-inf wall=0.484h
  ep4 shard 182/576 loss=0.886135  best=-inf wall=0.487h
  ep4 shard 183/576 loss=0.851601  best=-inf wall=0.489h
  ep4 shard 184/576 loss=0.874145  best=-inf wall=0.492h
  ep4 shard 185/576 loss=0.852806  best=-inf wall=0.495h
  ep4 shard 186/576 loss=0.821597  best=-inf wall=0.498h
  ep4 shard 187/576 loss=0.894802  best=-inf wall=0.501h
  ep4 shard 188/576 loss=0.864902  best=-inf wall=0.502h
  ep4 shard 189/576 loss=0.853083  best=-inf wall=0.505h
  ep4 shard 190/576 loss=0.904117  best=-inf wall=0.508h
  ep4 shard 191/576 loss=0.839514  best=-inf wall=0.511h
  ep4 shard 192/576 loss=0.846952  best=-inf wall=0.513h
  saved epoch checkpoint -> experiments/exp028-mlp/mlp_h256_long/checkpoints/ep4.pt
  ep5 shard 193/576 loss=0.895713  best=-inf wall=0.515h
  ep5 shard 194/576 loss=0.846857  best=-inf wall=0.517h
  ep5 shard 195/576 loss=0.856883  best=-inf wall=0.52h
  ep5 shard 196/576 loss=0.837747  best=-inf wall=0.522h
  ep5 shard 197/576 loss=0.860983  best=-inf wall=0.525h
  ep5 shard 198/576 loss=0.851973  best=-inf wall=0.528h
  ep5 shard 199/576 loss=0.858146  best=-inf wall=0.531h
  ep5 shard 200/576 loss=0.853403  best=-inf wall=0.534h
  ep5 shard 201/576 loss=0.855719  best=-inf wall=0.536h
  ep5 shard 202/576 loss=0.843359  best=-inf wall=0.539h
  ep5 shard 203/576 loss=0.864129  best=-inf wall=0.542h
  ep5 shard 204/576 loss=0.834363  best=-inf wall=0.545h
  ep5 shard 205/576 loss=0.872416  best=-inf wall=0.548h
  ep5 shard 206/576 loss=0.852815  best=-inf wall=0.55h
  ep5 shard 207/576 loss=0.851268  best=-inf wall=0.553h
  ep5 shard 208/576 loss=0.894693  best=-inf wall=0.556h
  ep5 shard 209/576 loss=0.819952  best=-inf wall=0.559h
  ep5 shard 210/576 loss=0.897891  best=-inf wall=0.56h
  ep5 shard 211/576 loss=0.856372  best=-inf wall=0.563h
  ep5 shard 212/576 loss=0.857814  best=-inf wall=0.566h
  ep5 shard 213/576 loss=0.847462  best=-inf wall=0.568h
  ep5 shard 214/576 loss=0.876922  best=-inf wall=0.57h
  ep5 shard 215/576 loss=0.849643  best=-inf wall=0.573h
  ep5 shard 216/576 loss=0.827582  best=-inf wall=0.576h
  ep5 shard 217/576 loss=0.876139  best=-inf wall=0.577h
  ep5 shard 218/576 loss=0.805346  best=-inf wall=0.579h
  ep5 shard 219/576 loss=0.791935  best=-inf wall=0.582h
  ep5 shard 220/576 loss=0.811382  best=-inf wall=0.584h
  ep5 shard 221/576 loss=0.849075  best=-inf wall=0.587h
  ep5 shard 222/576 loss=0.893442  best=-inf wall=0.589h
  ep5 shard 223/576 loss=0.826697  best=-inf wall=0.592h
  ep5 shard 224/576 loss=0.85238  best=-inf wall=0.594h
  ep5 shard 225/576 loss=0.877279  best=-inf wall=0.597h
  ep5 shard 226/576 loss=0.880209  best=-inf wall=0.6h
  ep5 shard 227/576 loss=0.814212  best=-inf wall=0.602h
  ep5 shard 228/576 loss=0.834  best=-inf wall=0.605h
  ep5 shard 229/576 loss=0.814805  best=-inf wall=0.608h
  ep5 shard 230/576 loss=0.874866  best=-inf wall=0.611h
  ep5 shard 231/576 loss=0.865376  best=-inf wall=0.614h
  ep5 shard 232/576 loss=0.866113  best=-inf wall=0.616h
  ep5 shard 233/576 loss=0.897998  best=-inf wall=0.619h
  ep5 shard 234/576 loss=0.840059  best=-inf wall=0.622h
  ep5 shard 235/576 loss=0.862183  best=-inf wall=0.625h
  ep5 shard 236/576 loss=0.88122  best=-inf wall=0.627h
  ep5 shard 237/576 loss=0.894956  best=-inf wall=0.63h
  ep5 shard 238/576 loss=0.809808  best=-inf wall=0.632h
  ep5 shard 239/576 loss=0.879472  best=-inf wall=0.635h
  ep5 shard 240/576 loss=0.827518  best=-inf wall=0.637h
  saved epoch checkpoint -> experiments/exp028-mlp/mlp_h256_long/checkpoints/ep5.pt
  ep6 shard 241/576 loss=0.888663  best=-inf wall=0.639h
  ep6 shard 242/576 loss=0.909873  best=-inf wall=0.642h
  ep6 shard 243/576 loss=0.848001  best=-inf wall=0.643h
  ep6 shard 244/576 loss=0.841035  best=-inf wall=0.645h
  ep6 shard 245/576 loss=0.850317  best=-inf wall=0.648h
  ep6 shard 246/576 loss=0.847218  best=-inf wall=0.651h
  ep6 shard 247/576 loss=0.873675  best=-inf wall=0.653h
  ep6 shard 248/576 loss=0.870879  best=-inf wall=0.656h
  ep6 shard 249/576 loss=0.903355  best=-inf wall=0.658h
  ep6 shard 250/576 loss=0.866998  best=-inf wall=0.661h
  ep6 shard 251/576 loss=0.873994  best=-inf wall=0.664h
  ep6 shard 252/576 loss=0.828543  best=-inf wall=0.667h
  ep6 shard 253/576 loss=0.826746  best=-inf wall=0.67h
  ep6 shard 254/576 loss=0.896141  best=-inf wall=0.672h
  ep6 shard 255/576 loss=0.883475  best=-inf wall=0.675h
  ep6 shard 256/576 loss=0.861357  best=-inf wall=0.676h
  ep6 shard 257/576 loss=0.831672  best=-inf wall=0.679h
  ep6 shard 258/576 loss=0.873535  best=-inf wall=0.682h
  ep6 shard 259/576 loss=0.880341  best=-inf wall=0.685h
  ep6 shard 260/576 loss=0.837992  best=-inf wall=0.688h
  ep6 shard 261/576 loss=0.846395  best=-inf wall=0.691h
  ep6 shard 262/576 loss=0.842859  best=-inf wall=0.694h
  ep6 shard 263/576 loss=0.874166  best=-inf wall=0.696h
  ep6 shard 264/576 loss=0.911129  best=-inf wall=0.699h
  ep6 shard 265/576 loss=0.856681  best=-inf wall=0.702h
  ep6 shard 266/576 loss=0.872073  best=-inf wall=0.705h
  ep6 shard 267/576 loss=0.825106  best=-inf wall=0.708h
  ep6 shard 268/576 loss=0.829527  best=-inf wall=0.71h
  ep6 shard 269/576 loss=0.840044  best=-inf wall=0.713h
  ep6 shard 270/576 loss=0.87484  best=-inf wall=0.716h
  ep6 shard 271/576 loss=0.857933  best=-inf wall=0.719h
  ep6 shard 272/576 loss=0.863154  best=-inf wall=0.721h
  ep6 shard 273/576 loss=0.887178  best=-inf wall=0.723h
  ep6 shard 274/576 loss=0.84236  best=-inf wall=0.725h
  ep6 shard 275/576 loss=0.831676  best=-inf wall=0.728h
  ep6 shard 276/576 loss=0.857763  best=-inf wall=0.731h
  ep6 shard 277/576 loss=0.816256  best=-inf wall=0.734h
  ep6 shard 278/576 loss=0.860978  best=-inf wall=0.737h
  ep6 shard 279/576 loss=0.867723  best=-inf wall=0.739h
  ep6 shard 280/576 loss=0.845561  best=-inf wall=0.742h
  ep6 shard 281/576 loss=0.806288  best=-inf wall=0.745h
  ep6 shard 282/576 loss=0.843395  best=-inf wall=0.747h
  ep6 shard 283/576 loss=0.890395  best=-inf wall=0.75h
  ep6 shard 284/576 loss=0.882436  best=-inf wall=0.753h
  ep6 shard 285/576 loss=0.875488  best=-inf wall=0.756h
  ep6 shard 286/576 loss=0.826989  best=-inf wall=0.759h
  ep6 shard 287/576 loss=0.844289  best=-inf wall=0.76h
  ep6 shard 288/576 loss=0.84332  best=-inf wall=0.762h
  saved epoch checkpoint -> experiments/exp028-mlp/mlp_h256_long/checkpoints/ep6.pt
  ep7 shard 289/576 loss=0.846016  best=-inf wall=0.764h
  ep7 shard 290/576 loss=0.84971  best=-inf wall=0.767h
  ep7 shard 291/576 loss=0.843116  best=-inf wall=0.769h
  ep7 shard 292/576 loss=0.901652  best=-inf wall=0.772h
  ep7 shard 293/576 loss=0.901853  best=-inf wall=0.775h
  ep7 shard 294/576 loss=0.822876  best=-inf wall=0.778h
  ep7 shard 295/576 loss=0.871044  best=-inf wall=0.78h
  ep7 shard 296/576 loss=0.854117  best=-inf wall=0.783h
  ep7 shard 297/576 loss=0.872676  best=-inf wall=0.786h
  ep7 shard 298/576 loss=0.862294  best=-inf wall=0.788h
  ep7 shard 299/576 loss=0.854088  best=-inf wall=0.791h
  ep7 shard 300/576 loss=0.883334  best=-inf wall=0.793h
  ep7 shard 301/576 loss=0.826544  best=-inf wall=0.796h
  ep7 shard 302/576 loss=0.841392  best=-inf wall=0.799h
  ep7 shard 303/576 loss=0.863165  best=-inf wall=0.801h
  ep7 shard 304/576 loss=0.837882  best=-inf wall=0.803h
  ep7 shard 305/576 loss=0.872862  best=-inf wall=0.806h
  ep7 shard 306/576 loss=0.902578  best=-inf wall=0.809h
  ep7 shard 307/576 loss=0.834959  best=-inf wall=0.812h
  ep7 shard 308/576 loss=0.859657  best=-inf wall=0.815h
  ep7 shard 309/576 loss=0.891405  best=-inf wall=0.818h
  ep7 shard 310/576 loss=0.863216  best=-inf wall=0.821h
  ep7 shard 311/576 loss=0.849085  best=-inf wall=0.824h
  ep7 shard 312/576 loss=0.878881  best=-inf wall=0.826h
  ep7 shard 313/576 loss=0.869005  best=-inf wall=0.829h
  ep7 shard 314/576 loss=0.837275  best=-inf wall=0.831h
  ep7 shard 315/576 loss=0.882903  best=-inf wall=0.834h
  ep7 shard 316/576 loss=0.802044  best=-inf wall=0.837h
  ep7 shard 317/576 loss=0.821724  best=-inf wall=0.84h
  ep7 shard 318/576 loss=0.859414  best=-inf wall=0.842h
  ep7 shard 319/576 loss=0.865358  best=-inf wall=0.843h
  ep7 shard 320/576 loss=0.828989  best=-inf wall=0.846h
  ep7 shard 321/576 loss=0.874247  best=-inf wall=0.848h
  ep7 shard 322/576 loss=0.884596  best=-inf wall=0.851h
  ep7 shard 323/576 loss=0.835353  best=-inf wall=0.854h
  ep7 shard 324/576 loss=0.858198  best=-inf wall=0.857h
  ep7 shard 325/576 loss=0.86554  best=-inf wall=0.859h
  ep7 shard 326/576 loss=0.878374  best=-inf wall=0.862h
  ep7 shard 327/576 loss=0.884435  best=-inf wall=0.865h
  ep7 shard 328/576 loss=0.855941  best=-inf wall=0.867h
  ep7 shard 329/576 loss=0.846155  best=-inf wall=0.869h
  ep7 shard 330/576 loss=0.868415  best=-inf wall=0.872h
  ep7 shard 331/576 loss=0.826806  best=-inf wall=0.875h
  ep7 shard 332/576 loss=0.851418  best=-inf wall=0.878h
  ep7 shard 333/576 loss=0.854793  best=-inf wall=0.88h
  ep7 shard 334/576 loss=0.851533  best=-inf wall=0.883h
  ep7 shard 335/576 loss=0.907431  best=-inf wall=0.885h
  ep7 shard 336/576 loss=0.83727  best=-inf wall=0.887h
  saved epoch checkpoint -> experiments/exp028-mlp/mlp_h256_long/checkpoints/ep7.pt
  ep8 shard 337/576 loss=0.867215  best=-inf wall=0.89h
  ep8 shard 338/576 loss=0.80939  best=-inf wall=0.893h
  ep8 shard 339/576 loss=0.869514  best=-inf wall=0.896h
  ep8 shard 340/576 loss=0.86341  best=-inf wall=0.899h
  ep8 shard 341/576 loss=0.841055  best=-inf wall=0.902h
  ep8 shard 342/576 loss=0.879847  best=-inf wall=0.904h
  ep8 shard 343/576 loss=0.889952  best=-inf wall=0.906h
  ep8 shard 344/576 loss=0.884003  best=-inf wall=0.908h
  ep8 shard 345/576 loss=0.844276  best=-inf wall=0.911h
  ep8 shard 346/576 loss=0.855177  best=-inf wall=0.913h
  ep8 shard 347/576 loss=0.877418  best=-inf wall=0.916h
  ep8 shard 348/576 loss=0.850626  best=-inf wall=0.918h
  ep8 shard 349/576 loss=0.836304  best=-inf wall=0.921h
  ep8 shard 350/576 loss=0.850671  best=-inf wall=0.924h
  ep8 shard 351/576 loss=0.845907  best=-inf wall=0.927h
  ep8 shard 352/576 loss=0.842718  best=-inf wall=0.93h
  ep8 shard 353/576 loss=0.854658  best=-inf wall=0.931h
  ep8 shard 354/576 loss=0.83733  best=-inf wall=0.934h
  ep8 shard 355/576 loss=0.860016  best=-inf wall=0.937h
  ep8 shard 356/576 loss=0.843645  best=-inf wall=0.94h
  ep8 shard 357/576 loss=0.852362  best=-inf wall=0.943h
  ep8 shard 358/576 loss=0.90386  best=-inf wall=0.945h
  ep8 shard 359/576 loss=0.809003  best=-inf wall=0.948h
  ep8 shard 360/576 loss=0.870294  best=-inf wall=0.951h
  ep8 shard 361/576 loss=0.839521  best=-inf wall=0.953h
  ep8 shard 362/576 loss=0.884892  best=-inf wall=0.955h
  ep8 shard 363/576 loss=0.846327  best=-inf wall=0.958h
  ep8 shard 364/576 loss=0.895613  best=-inf wall=0.961h
  ep8 shard 365/576 loss=0.827257  best=-inf wall=0.964h
  ep8 shard 366/576 loss=0.818371  best=-inf wall=0.966h
  ep8 shard 367/576 loss=0.863723  best=-inf wall=0.967h
  ep8 shard 368/576 loss=0.841513  best=-inf wall=0.97h
  ep8 shard 369/576 loss=0.851968  best=-inf wall=0.973h
  ep8 shard 370/576 loss=0.849581  best=-inf wall=0.976h
  ep8 shard 371/576 loss=0.850514  best=-inf wall=0.979h
  ep8 shard 372/576 loss=0.868511  best=-inf wall=0.981h
  ep8 shard 373/576 loss=0.829823  best=-inf wall=0.984h
  ep8 shard 374/576 loss=0.794488  best=-inf wall=0.987h
  ep8 shard 375/576 loss=0.898885  best=-inf wall=0.989h
  ep8 shard 376/576 loss=0.870512  best=-inf wall=0.991h
  ep8 shard 377/576 loss=0.880469  best=-inf wall=0.993h
  ep8 shard 378/576 loss=0.843657  best=-inf wall=0.996h
  ep8 shard 379/576 loss=0.852329  best=-inf wall=0.999h
  ep8 shard 380/576 loss=0.859868  best=-inf wall=1.002h
  ep8 shard 381/576 loss=0.870474  best=-inf wall=1.004h
  ep8 shard 382/576 loss=0.871816  best=-inf wall=1.007h
  ep8 shard 383/576 loss=0.860922  best=-inf wall=1.009h
  ep8 shard 384/576 loss=0.838593  best=-inf wall=1.012h
  saved epoch checkpoint -> experiments/exp028-mlp/mlp_h256_long/checkpoints/ep8.pt
  ep9 shard 385/576 loss=0.810587  best=-inf wall=1.015h
  ep9 shard 386/576 loss=0.888202  best=-inf wall=1.018h
  ep9 shard 387/576 loss=0.832742  best=-inf wall=1.021h
  ep9 shard 388/576 loss=0.860206  best=-inf wall=1.023h
  ep9 shard 389/576 loss=0.845022  best=-inf wall=1.026h
  ep9 shard 390/576 loss=0.838383  best=-inf wall=1.029h
  ep9 shard 391/576 loss=0.853006  best=-inf wall=1.032h
  ep9 shard 392/576 loss=0.878207  best=-inf wall=1.034h
  ep9 shard 393/576 loss=0.848599  best=-inf wall=1.037h
  ep9 shard 394/576 loss=0.91745  best=-inf wall=1.039h
  ep9 shard 395/576 loss=0.884585  best=-inf wall=1.041h
  ep9 shard 396/576 loss=0.808407  best=-inf wall=1.044h
  ep9 shard 397/576 loss=0.87113  best=-inf wall=1.046h
  ep9 shard 398/576 loss=0.832784  best=-inf wall=1.049h
  ep9 shard 399/576 loss=0.857233  best=-inf wall=1.052h
  ep9 shard 400/576 loss=0.834611  best=-inf wall=1.055h
  ep9 shard 401/576 loss=0.852059  best=-inf wall=1.057h
  ep9 shard 402/576 loss=0.832705  best=-inf wall=1.059h
  ep9 shard 403/576 loss=0.871686  best=-inf wall=1.061h
  ep9 shard 404/576 loss=0.84819  best=-inf wall=1.064h
  ep9 shard 405/576 loss=0.876836  best=-inf wall=1.065h
  ep9 shard 406/576 loss=0.823123  best=-inf wall=1.069h
  ep9 shard 407/576 loss=0.860093  best=-inf wall=1.071h
  ep9 shard 408/576 loss=0.852693  best=-inf wall=1.073h
  ep9 shard 409/576 loss=0.829107  best=-inf wall=1.076h
  ep9 shard 410/576 loss=0.836531  best=-inf wall=1.079h
  ep9 shard 411/576 loss=0.888277  best=-inf wall=1.082h
  ep9 shard 412/576 loss=0.855253  best=-inf wall=1.085h
  ep9 shard 413/576 loss=0.88783  best=-inf wall=1.088h
  ep9 shard 414/576 loss=0.84566  best=-inf wall=1.09h
  ep9 shard 415/576 loss=0.850185  best=-inf wall=1.092h
  ep9 shard 416/576 loss=0.865583  best=-inf wall=1.094h
  ep9 shard 417/576 loss=0.809949  best=-inf wall=1.097h
  ep9 shard 418/576 loss=0.877842  best=-inf wall=1.1h
  ep9 shard 419/576 loss=0.838924  best=-inf wall=1.101h
  ep9 shard 420/576 loss=0.89027  best=-inf wall=1.104h
  ep9 shard 421/576 loss=0.870656  best=-inf wall=1.107h
  ep9 shard 422/576 loss=0.864144  best=-inf wall=1.109h
  ep9 shard 423/576 loss=0.818171  best=-inf wall=1.112h
  ep9 shard 424/576 loss=0.834244  best=-inf wall=1.115h
  ep9 shard 425/576 loss=0.854786  best=-inf wall=1.117h
  ep9 shard 426/576 loss=0.870792  best=-inf wall=1.12h
  ep9 shard 427/576 loss=0.880887  best=-inf wall=1.123h
  ep9 shard 428/576 loss=0.804321  best=-inf wall=1.126h
  ep9 shard 429/576 loss=0.867227  best=-inf wall=1.129h
  ep9 shard 430/576 loss=0.879941  best=-inf wall=1.131h
  ep9 shard 431/576 loss=0.864316  best=-inf wall=1.133h
  ep9 shard 432/576 loss=0.859444  best=-inf wall=1.136h
  saved epoch checkpoint -> experiments/exp028-mlp/mlp_h256_long/checkpoints/ep9.pt
  ep10 shard 433/576 loss=0.896981  best=-inf wall=1.139h
  ep10 shard 434/576 loss=0.829076  best=-inf wall=1.142h
  ep10 shard 435/576 loss=0.828573  best=-inf wall=1.146h
  ep10 shard 436/576 loss=0.857167  best=-inf wall=1.147h
  ep10 shard 437/576 loss=0.832763  best=-inf wall=1.15h
  ep10 shard 438/576 loss=0.846788  best=-inf wall=1.153h
  ep10 shard 439/576 loss=0.824875  best=-inf wall=1.155h
  ep10 shard 440/576 loss=0.861989  best=-inf wall=1.158h
  ep10 shard 441/576 loss=0.874292  best=-inf wall=1.161h
  ep10 shard 442/576 loss=0.857631  best=-inf wall=1.162h
  ep10 shard 443/576 loss=0.81873  best=-inf wall=1.165h
  ep10 shard 444/576 loss=0.833361  best=-inf wall=1.167h
  ep10 shard 445/576 loss=0.850342  best=-inf wall=1.17h
  ep10 shard 446/576 loss=0.863524  best=-inf wall=1.173h
  ep10 shard 447/576 loss=0.876153  best=-inf wall=1.175h
  ep10 shard 448/576 loss=0.907598  best=-inf wall=1.177h
  ep10 shard 449/576 loss=0.872024  best=-inf wall=1.179h
  ep10 shard 450/576 loss=0.822837  best=-inf wall=1.182h
  ep10 shard 451/576 loss=0.819521  best=-inf wall=1.185h
  ep10 shard 452/576 loss=0.872036  best=-inf wall=1.188h
  ep10 shard 453/576 loss=0.841718  best=-inf wall=1.19h
  ep10 shard 454/576 loss=0.866647  best=-inf wall=1.192h
  ep10 shard 455/576 loss=0.869743  best=-inf wall=1.195h
  ep10 shard 456/576 loss=0.862813  best=-inf wall=1.198h
  ep10 shard 457/576 loss=0.880231  best=-inf wall=1.2h
  ep10 shard 458/576 loss=0.832758  best=-inf wall=1.203h
  ep10 shard 459/576 loss=0.828838  best=-inf wall=1.205h
  ep10 shard 460/576 loss=0.806875  best=-inf wall=1.207h
  ep10 shard 461/576 loss=0.8763  best=-inf wall=1.209h
  ep10 shard 462/576 loss=0.864718  best=-inf wall=1.211h
  ep10 shard 463/576 loss=0.880678  best=-inf wall=1.214h
  ep10 shard 464/576 loss=0.787453  best=-inf wall=1.217h
  ep10 shard 465/576 loss=0.857327  best=-inf wall=1.22h
  ep10 shard 466/576 loss=0.826232  best=-inf wall=1.223h
  ep10 shard 467/576 loss=0.843505  best=-inf wall=1.226h
  ep10 shard 468/576 loss=0.898775  best=-inf wall=1.229h
  ep10 shard 469/576 loss=0.856521  best=-inf wall=1.232h
  ep10 shard 470/576 loss=0.863177  best=-inf wall=1.235h
  ep10 shard 471/576 loss=0.890957  best=-inf wall=1.238h
  ep10 shard 472/576 loss=0.877991  best=-inf wall=1.24h
  ep10 shard 473/576 loss=0.852367  best=-inf wall=1.243h
  ep10 shard 474/576 loss=0.891415  best=-inf wall=1.246h
  ep10 shard 475/576 loss=0.853283  best=-inf wall=1.248h
  ep10 shard 476/576 loss=0.866119  best=-inf wall=1.25h
  ep10 shard 477/576 loss=0.872348  best=-inf wall=1.253h
  ep10 shard 478/576 loss=0.813579  best=-inf wall=1.255h
  ep10 shard 479/576 loss=0.799314  best=-inf wall=1.258h
  ep10 shard 480/576 loss=0.892317  best=-inf wall=1.261h
  saved epoch checkpoint -> experiments/exp028-mlp/mlp_h256_long/checkpoints/ep10.pt
  ep11 shard 481/576 loss=0.873076  best=-inf wall=1.264h
  ep11 shard 482/576 loss=0.85995  best=-inf wall=1.267h
  ep11 shard 483/576 loss=0.844138  best=-inf wall=1.27h
  ep11 shard 484/576 loss=0.883835  best=-inf wall=1.273h
  ep11 shard 485/576 loss=0.889055  best=-inf wall=1.275h
  ep11 shard 486/576 loss=0.852372  best=-inf wall=1.278h
  ep11 shard 487/576 loss=0.901565  best=-inf wall=1.28h
  ep11 shard 488/576 loss=0.857224  best=-inf wall=1.283h
  ep11 shard 489/576 loss=0.841875  best=-inf wall=1.286h
  ep11 shard 490/576 loss=0.854987  best=-inf wall=1.289h
  ep11 shard 491/576 loss=0.882512  best=-inf wall=1.291h
  ep11 shard 492/576 loss=0.859951  best=-inf wall=1.293h
  ep11 shard 493/576 loss=0.871358  best=-inf wall=1.296h
  ep11 shard 494/576 loss=0.821704  best=-inf wall=1.299h
  ep11 shard 495/576 loss=0.838261  best=-inf wall=1.302h
  ep11 shard 496/576 loss=0.858714  best=-inf wall=1.304h
  ep11 shard 497/576 loss=0.876478  best=-inf wall=1.307h
  ep11 shard 498/576 loss=0.87946  best=-inf wall=1.309h
  ep11 shard 499/576 loss=0.843936  best=-inf wall=1.312h
  ep11 shard 500/576 loss=0.88913  best=-inf wall=1.315h
  ep11 shard 501/576 loss=0.913141  best=-inf wall=1.318h
  ep11 shard 502/576 loss=0.812945  best=-inf wall=1.319h
  ep11 shard 503/576 loss=0.798543  best=-inf wall=1.321h
  ep11 shard 504/576 loss=0.849593  best=-inf wall=1.324h
  ep11 shard 505/576 loss=0.807216  best=-inf wall=1.326h
  ep11 shard 506/576 loss=0.863023  best=-inf wall=1.327h
  ep11 shard 507/576 loss=0.81759  best=-inf wall=1.33h
  ep11 shard 508/576 loss=0.865175  best=-inf wall=1.333h
  ep11 shard 509/576 loss=0.846644  best=-inf wall=1.336h
  ep11 shard 510/576 loss=0.872886  best=-inf wall=1.339h
  ep11 shard 511/576 loss=0.840758  best=-inf wall=1.341h
  ep11 shard 512/576 loss=0.828906  best=-inf wall=1.343h
  ep11 shard 513/576 loss=0.850958  best=-inf wall=1.346h
  ep11 shard 514/576 loss=0.839497  best=-inf wall=1.349h
  ep11 shard 515/576 loss=0.843188  best=-inf wall=1.352h
  ep11 shard 516/576 loss=0.863334  best=-inf wall=1.355h
  ep11 shard 517/576 loss=0.860751  best=-inf wall=1.357h
  ep11 shard 518/576 loss=0.913466  best=-inf wall=1.358h
  ep11 shard 519/576 loss=0.866622  best=-inf wall=1.361h
  ep11 shard 520/576 loss=0.840427  best=-inf wall=1.364h
  ep11 shard 521/576 loss=0.871168  best=-inf wall=1.367h
  ep11 shard 522/576 loss=0.818627  best=-inf wall=1.37h
  ep11 shard 523/576 loss=0.86569  best=-inf wall=1.371h
  ep11 shard 524/576 loss=0.806664  best=-inf wall=1.374h
  ep11 shard 525/576 loss=0.810913  best=-inf wall=1.377h
  ep11 shard 526/576 loss=0.810532  best=-inf wall=1.379h
  ep11 shard 527/576 loss=0.8289  best=-inf wall=1.382h
  ep11 shard 528/576 loss=0.855434  best=-inf wall=1.385h
  saved epoch checkpoint -> experiments/exp028-mlp/mlp_h256_long/checkpoints/ep11.pt
  ep12 shard 529/576 loss=0.767079  best=-inf wall=1.387h
  ep12 shard 530/576 loss=0.876973  best=-inf wall=1.39h
  ep12 shard 531/576 loss=0.813175  best=-inf wall=1.393h
  ep12 shard 532/576 loss=0.830221  best=-inf wall=1.396h
  ep12 shard 533/576 loss=0.831858  best=-inf wall=1.398h
  ep12 shard 534/576 loss=0.837027  best=-inf wall=1.401h
  ep12 shard 535/576 loss=0.872801  best=-inf wall=1.404h
  ep12 shard 536/576 loss=0.821659  best=-inf wall=1.405h
  ep12 shard 537/576 loss=0.864454  best=-inf wall=1.408h
  ep12 shard 538/576 loss=0.841629  best=-inf wall=1.41h
  ep12 shard 539/576 loss=0.839956  best=-inf wall=1.413h
  ep12 shard 540/576 loss=0.860177  best=-inf wall=1.415h
  ep12 shard 541/576 loss=0.866055  best=-inf wall=1.418h
  ep12 shard 542/576 loss=0.862033  best=-inf wall=1.421h
  ep12 shard 543/576 loss=0.839672  best=-inf wall=1.423h
  ep12 shard 544/576 loss=0.829775  best=-inf wall=1.426h
  ep12 shard 545/576 loss=0.827434  best=-inf wall=1.429h
  ep12 shard 546/576 loss=0.847181  best=-inf wall=1.43h
  ep12 shard 547/576 loss=0.8376  best=-inf wall=1.433h
  ep12 shard 548/576 loss=0.860729  best=-inf wall=1.436h
  ep12 shard 549/576 loss=0.894753  best=-inf wall=1.438h
  ep12 shard 550/576 loss=0.856164  best=-inf wall=1.441h
  ep12 shard 551/576 loss=0.891607  best=-inf wall=1.443h
  ep12 shard 552/576 loss=0.827153  best=-inf wall=1.446h
  ep12 shard 553/576 loss=0.845706  best=-inf wall=1.448h
  ep12 shard 554/576 loss=0.8453  best=-inf wall=1.45h
  ep12 shard 555/576 loss=0.839123  best=-inf wall=1.453h
  ep12 shard 556/576 loss=0.90293  best=-inf wall=1.456h
  ep12 shard 557/576 loss=0.853779  best=-inf wall=1.459h
  ep12 shard 558/576 loss=0.850062  best=-inf wall=1.462h
  ep12 shard 559/576 loss=0.881957  best=-inf wall=1.464h
  ep12 shard 560/576 loss=0.830706  best=-inf wall=1.467h
  ep12 shard 561/576 loss=0.889135  best=-inf wall=1.469h
  ep12 shard 562/576 loss=0.813455  best=-inf wall=1.472h
  ep12 shard 563/576 loss=0.883675  best=-inf wall=1.475h
  ep12 shard 564/576 loss=0.850522  best=-inf wall=1.478h
  ep12 shard 565/576 loss=0.886006  best=-inf wall=1.481h
  ep12 shard 566/576 loss=0.858767  best=-inf wall=1.482h
  ep12 shard 567/576 loss=0.834984  best=-inf wall=1.485h
  ep12 shard 568/576 loss=0.887807  best=-inf wall=1.488h
  ep12 shard 569/576 loss=0.84391  best=-inf wall=1.49h
  ep12 shard 570/576 loss=0.807829  best=-inf wall=1.493h
  ep12 shard 571/576 loss=0.877539  best=-inf wall=1.496h
  ep12 shard 572/576 loss=0.881229  best=-inf wall=1.497h
  ep12 shard 573/576 loss=0.881482  best=-inf wall=1.5h
  ep12 shard 574/576 loss=0.882983  best=-inf wall=1.503h
  ep12 shard 575/576 loss=0.941008  best=-inf wall=1.506h
  ep12 shard 576/576 loss=0.873201 gnubg=-0.3 best=-0.300 wall=1.509h
  saved epoch checkpoint -> experiments/exp028-mlp/mlp_h256_long/checkpoints/ep12.pt

===== ARM DONE (outcomes6) reason=epochs_complete best vs GNUBG-0ply = -0.3000 ppg  -> experiments/exp028-mlp/mlp_h256_long/checkpoints/best.pt
