[arch] mlp hidden [256, 256], 0.575M parameters
exp011 outcomes6 [cpu]: 48 shards x 12 epochs, lr=0.001 holdout_frac=0.0 split_seed=14
  ep1 shard 1/576 loss=0.823119  best=-inf wall=0.002h
  ep1 shard 2/576 loss=0.842239  best=-inf wall=0.004h
  ep1 shard 3/576 loss=0.810844  best=-inf wall=0.007h
  ep1 shard 4/576 loss=0.858117  best=-inf wall=0.009h
  ep1 shard 5/576 loss=0.843214  best=-inf wall=0.011h
  ep1 shard 6/576 loss=0.885523  best=-inf wall=0.013h
  ep1 shard 7/576 loss=0.852201  best=-inf wall=0.015h
  ep1 shard 8/576 loss=0.860563  best=-inf wall=0.017h
  ep1 shard 9/576 loss=0.877772  best=-inf wall=0.02h
  ep1 shard 10/576 loss=0.865512  best=-inf wall=0.022h
  ep1 shard 11/576 loss=0.840711  best=-inf wall=0.025h
  ep1 shard 12/576 loss=0.887917  best=-inf wall=0.027h
  ep1 shard 13/576 loss=0.819775  best=-inf wall=0.031h
  ep1 shard 14/576 loss=0.902658  best=-inf wall=0.034h
  ep1 shard 15/576 loss=0.841622  best=-inf wall=0.037h
  ep1 shard 16/576 loss=0.837862  best=-inf wall=0.04h
  ep1 shard 17/576 loss=0.844481  best=-inf wall=0.043h
  ep1 shard 18/576 loss=0.849933  best=-inf wall=0.046h
  ep1 shard 19/576 loss=0.82547  best=-inf wall=0.05h
  ep1 shard 20/576 loss=0.848085  best=-inf wall=0.052h
  ep1 shard 21/576 loss=0.854907  best=-inf wall=0.055h
  ep1 shard 22/576 loss=0.862559  best=-inf wall=0.058h
  ep1 shard 23/576 loss=0.916027  best=-inf wall=0.061h
  ep1 shard 24/576 loss=0.837822  best=-inf wall=0.065h
  ep1 shard 25/576 loss=0.86425  best=-inf wall=0.068h
  ep1 shard 26/576 loss=0.872365  best=-inf wall=0.071h
  ep1 shard 27/576 loss=0.876209  best=-inf wall=0.074h
  ep1 shard 28/576 loss=0.900623  best=-inf wall=0.078h
  ep1 shard 29/576 loss=0.887524  best=-inf wall=0.081h
  ep1 shard 30/576 loss=0.826594  best=-inf wall=0.084h
  ep1 shard 31/576 loss=0.884759  best=-inf wall=0.086h
  ep1 shard 32/576 loss=0.884004  best=-inf wall=0.089h
  ep1 shard 33/576 loss=0.879948  best=-inf wall=0.092h
  ep1 shard 34/576 loss=0.876548  best=-inf wall=0.096h
  ep1 shard 35/576 loss=0.840271  best=-inf wall=0.099h
  ep1 shard 36/576 loss=0.832808  best=-inf wall=0.102h
  ep1 shard 37/576 loss=0.856059  best=-inf wall=0.106h
  ep1 shard 38/576 loss=0.84596  best=-inf wall=0.109h
  ep1 shard 39/576 loss=0.882981  best=-inf wall=0.112h
  ep1 shard 40/576 loss=0.875013  best=-inf wall=0.116h
  ep1 shard 41/576 loss=0.850639  best=-inf wall=0.119h
  ep1 shard 42/576 loss=0.840558  best=-inf wall=0.122h
  ep1 shard 43/576 loss=0.848231  best=-inf wall=0.126h
  ep1 shard 44/576 loss=0.861209  best=-inf wall=0.129h
  ep1 shard 45/576 loss=0.882591  best=-inf wall=0.132h
  ep1 shard 46/576 loss=0.890812  best=-inf wall=0.135h
  ep1 shard 47/576 loss=0.844933  best=-inf wall=0.138h
  ep1 shard 48/576 loss=0.854869  best=-inf wall=0.142h
  saved epoch checkpoint -> experiments/exp028-mlp/mlp_256_256/checkpoints/ep1.pt
  ep2 shard 49/576 loss=0.871784  best=-inf wall=0.145h
  ep2 shard 50/576 loss=0.823875  best=-inf wall=0.149h
  ep2 shard 51/576 loss=0.857542  best=-inf wall=0.152h
  ep2 shard 52/576 loss=0.880557  best=-inf wall=0.154h
  ep2 shard 53/576 loss=0.822871  best=-inf wall=0.158h
  ep2 shard 54/576 loss=0.865618  best=-inf wall=0.161h
  ep2 shard 55/576 loss=0.853478  best=-inf wall=0.164h
  ep2 shard 56/576 loss=0.849337  best=-inf wall=0.167h
  ep2 shard 57/576 loss=0.886739  best=-inf wall=0.17h
  ep2 shard 58/576 loss=0.840499  best=-inf wall=0.173h
  ep2 shard 59/576 loss=0.858104  best=-inf wall=0.176h
  ep2 shard 60/576 loss=0.898092  best=-inf wall=0.18h
  ep2 shard 61/576 loss=0.865481  best=-inf wall=0.183h
  ep2 shard 62/576 loss=0.884086  best=-inf wall=0.186h
  ep2 shard 63/576 loss=0.874522  best=-inf wall=0.188h
  ep2 shard 64/576 loss=0.867914  best=-inf wall=0.191h
  ep2 shard 65/576 loss=0.833262  best=-inf wall=0.194h
  ep2 shard 66/576 loss=0.865272  best=-inf wall=0.197h
  ep2 shard 67/576 loss=0.878523  best=-inf wall=0.201h
  ep2 shard 68/576 loss=0.877756  best=-inf wall=0.204h
  ep2 shard 69/576 loss=0.841688  best=-inf wall=0.207h
  ep2 shard 70/576 loss=0.808029  best=-inf wall=0.211h
  ep2 shard 71/576 loss=0.837395  best=-inf wall=0.215h
  ep2 shard 72/576 loss=0.902876  best=-inf wall=0.217h
  ep2 shard 73/576 loss=0.824338  best=-inf wall=0.22h
  ep2 shard 74/576 loss=0.891048  best=-inf wall=0.223h
  ep2 shard 75/576 loss=0.910709  best=-inf wall=0.227h
  ep2 shard 76/576 loss=0.850692  best=-inf wall=0.23h
  ep2 shard 77/576 loss=0.896297  best=-inf wall=0.232h
  ep2 shard 78/576 loss=0.844094  best=-inf wall=0.235h
  ep2 shard 79/576 loss=0.869029  best=-inf wall=0.237h
  ep2 shard 80/576 loss=0.847046  best=-inf wall=0.24h
  ep2 shard 81/576 loss=0.787308  best=-inf wall=0.244h
  ep2 shard 82/576 loss=0.845314  best=-inf wall=0.247h
  ep2 shard 83/576 loss=0.897958  best=-inf wall=0.25h
  ep2 shard 84/576 loss=0.852747  best=-inf wall=0.253h
  ep2 shard 85/576 loss=0.873536  best=-inf wall=0.255h
  ep2 shard 86/576 loss=0.853891  best=-inf wall=0.257h
  ep2 shard 87/576 loss=0.876794  best=-inf wall=0.26h
  ep2 shard 88/576 loss=0.831248  best=-inf wall=0.263h
  ep2 shard 89/576 loss=0.85734  best=-inf wall=0.266h
  ep2 shard 90/576 loss=0.865538  best=-inf wall=0.268h
  ep2 shard 91/576 loss=0.818991  best=-inf wall=0.27h
  ep2 shard 92/576 loss=0.865615  best=-inf wall=0.274h
  ep2 shard 93/576 loss=0.853375  best=-inf wall=0.277h
  ep2 shard 94/576 loss=0.857025  best=-inf wall=0.28h
  ep2 shard 95/576 loss=0.855325  best=-inf wall=0.284h
  ep2 shard 96/576 loss=0.869162  best=-inf wall=0.287h
  saved epoch checkpoint -> experiments/exp028-mlp/mlp_256_256/checkpoints/ep2.pt
  ep3 shard 97/576 loss=0.843358  best=-inf wall=0.29h
  ep3 shard 98/576 loss=0.846953  best=-inf wall=0.294h
  ep3 shard 99/576 loss=0.830391  best=-inf wall=0.297h
  ep3 shard 100/576 loss=0.878903  best=-inf wall=0.299h
  ep3 shard 101/576 loss=0.877188  best=-inf wall=0.301h
  ep3 shard 102/576 loss=0.891415  best=-inf wall=0.305h
  ep3 shard 103/576 loss=0.826979  best=-inf wall=0.308h
  ep3 shard 104/576 loss=0.874823  best=-inf wall=0.31h
  ep3 shard 105/576 loss=0.905219  best=-inf wall=0.313h
  ep3 shard 106/576 loss=0.843665  best=-inf wall=0.316h
  ep3 shard 107/576 loss=0.841358  best=-inf wall=0.319h
  ep3 shard 108/576 loss=0.874035  best=-inf wall=0.322h
  ep3 shard 109/576 loss=0.826895  best=-inf wall=0.325h
  ep3 shard 110/576 loss=0.845307  best=-inf wall=0.328h
  ep3 shard 111/576 loss=0.845745  best=-inf wall=0.331h
  ep3 shard 112/576 loss=0.853776  best=-inf wall=0.335h
  ep3 shard 113/576 loss=0.853782  best=-inf wall=0.338h
  ep3 shard 114/576 loss=0.89259  best=-inf wall=0.341h
  ep3 shard 115/576 loss=0.845814  best=-inf wall=0.345h
  ep3 shard 116/576 loss=0.844039  best=-inf wall=0.347h
  ep3 shard 117/576 loss=0.835396  best=-inf wall=0.35h
  ep3 shard 118/576 loss=0.861213  best=-inf wall=0.353h
  ep3 shard 119/576 loss=0.827043  best=-inf wall=0.356h
  ep3 shard 120/576 loss=0.857783  best=-inf wall=0.36h
  ep3 shard 121/576 loss=0.860142  best=-inf wall=0.362h
  ep3 shard 122/576 loss=0.869455  best=-inf wall=0.365h
  ep3 shard 123/576 loss=0.835443  best=-inf wall=0.368h
  ep3 shard 124/576 loss=0.889291  best=-inf wall=0.372h
  ep3 shard 125/576 loss=0.849585  best=-inf wall=0.375h
  ep3 shard 126/576 loss=0.855413  best=-inf wall=0.377h
  ep3 shard 127/576 loss=0.829599  best=-inf wall=0.379h
  ep3 shard 128/576 loss=0.931543  best=-inf wall=0.382h
  ep3 shard 129/576 loss=0.903111  best=-inf wall=0.386h
  ep3 shard 130/576 loss=0.850463  best=-inf wall=0.388h
  ep3 shard 131/576 loss=0.844766  best=-inf wall=0.39h
  ep3 shard 132/576 loss=0.85231  best=-inf wall=0.393h
  ep3 shard 133/576 loss=0.850276  best=-inf wall=0.397h
  ep3 shard 134/576 loss=0.818961  best=-inf wall=0.4h
  ep3 shard 135/576 loss=0.842245  best=-inf wall=0.404h
  ep3 shard 136/576 loss=0.897994  best=-inf wall=0.406h
  ep3 shard 137/576 loss=0.880602  best=-inf wall=0.409h
  ep3 shard 138/576 loss=0.846419  best=-inf wall=0.413h
  ep3 shard 139/576 loss=0.840906  best=-inf wall=0.416h
  ep3 shard 140/576 loss=0.885637  best=-inf wall=0.419h
  ep3 shard 141/576 loss=0.819123  best=-inf wall=0.421h
  ep3 shard 142/576 loss=0.893908  best=-inf wall=0.424h
  ep3 shard 143/576 loss=0.860296  best=-inf wall=0.428h
  ep3 shard 144/576 loss=0.824229  best=-inf wall=0.431h
  saved epoch checkpoint -> experiments/exp028-mlp/mlp_256_256/checkpoints/ep3.pt
  ep4 shard 145/576 loss=0.886409  best=-inf wall=0.434h
  ep4 shard 146/576 loss=0.805354  best=-inf wall=0.437h
  ep4 shard 147/576 loss=0.90463  best=-inf wall=0.441h
  ep4 shard 148/576 loss=0.844662  best=-inf wall=0.444h
  ep4 shard 149/576 loss=0.854146  best=-inf wall=0.447h
  ep4 shard 150/576 loss=0.888695  best=-inf wall=0.45h
  ep4 shard 151/576 loss=0.854317  best=-inf wall=0.454h
  ep4 shard 152/576 loss=0.879387  best=-inf wall=0.456h
  ep4 shard 153/576 loss=0.873614  best=-inf wall=0.459h
  ep4 shard 154/576 loss=0.860204  best=-inf wall=0.463h
  ep4 shard 155/576 loss=0.853706  best=-inf wall=0.465h
  ep4 shard 156/576 loss=0.820981  best=-inf wall=0.468h
  ep4 shard 157/576 loss=0.837248  best=-inf wall=0.47h
  ep4 shard 158/576 loss=0.882359  best=-inf wall=0.473h
  ep4 shard 159/576 loss=0.863045  best=-inf wall=0.476h
  ep4 shard 160/576 loss=0.827575  best=-inf wall=0.479h
  ep4 shard 161/576 loss=0.828781  best=-inf wall=0.482h
  ep4 shard 162/576 loss=0.86695  best=-inf wall=0.485h
  ep4 shard 163/576 loss=0.843165  best=-inf wall=0.488h
  ep4 shard 164/576 loss=0.831779  best=-inf wall=0.492h
  ep4 shard 165/576 loss=0.886098  best=-inf wall=0.494h
  ep4 shard 166/576 loss=0.831611  best=-inf wall=0.497h
  ep4 shard 167/576 loss=0.837301  best=-inf wall=0.5h
  ep4 shard 168/576 loss=0.836413  best=-inf wall=0.503h
  ep4 shard 169/576 loss=0.815592  best=-inf wall=0.506h
  ep4 shard 170/576 loss=0.846372  best=-inf wall=0.509h
  ep4 shard 171/576 loss=0.87103  best=-inf wall=0.513h
  ep4 shard 172/576 loss=0.850364  best=-inf wall=0.516h
  ep4 shard 173/576 loss=0.837996  best=-inf wall=0.519h
  ep4 shard 174/576 loss=0.882588  best=-inf wall=0.522h
  ep4 shard 175/576 loss=0.836478  best=-inf wall=0.525h
  ep4 shard 176/576 loss=0.83873  best=-inf wall=0.528h
  ep4 shard 177/576 loss=0.86355  best=-inf wall=0.53h
  ep4 shard 178/576 loss=0.852311  best=-inf wall=0.533h
  ep4 shard 179/576 loss=0.885063  best=-inf wall=0.536h
  ep4 shard 180/576 loss=0.810459  best=-inf wall=0.539h
  ep4 shard 181/576 loss=0.888213  best=-inf wall=0.543h
  ep4 shard 182/576 loss=0.848975  best=-inf wall=0.546h
  ep4 shard 183/576 loss=0.860977  best=-inf wall=0.549h
  ep4 shard 184/576 loss=0.881837  best=-inf wall=0.552h
  ep4 shard 185/576 loss=0.820833  best=-inf wall=0.555h
  ep4 shard 186/576 loss=0.836596  best=-inf wall=0.558h
  ep4 shard 187/576 loss=0.804511  best=-inf wall=0.561h
  ep4 shard 188/576 loss=0.865931  best=-inf wall=0.563h
  ep4 shard 189/576 loss=0.846993  best=-inf wall=0.567h
  ep4 shard 190/576 loss=0.847003  best=-inf wall=0.57h
  ep4 shard 191/576 loss=0.849213  best=-inf wall=0.572h
  ep4 shard 192/576 loss=0.851542  best=-inf wall=0.574h
  saved epoch checkpoint -> experiments/exp028-mlp/mlp_256_256/checkpoints/ep4.pt
  ep5 shard 193/576 loss=0.870309  best=-inf wall=0.576h
  ep5 shard 194/576 loss=0.847827  best=-inf wall=0.579h
  ep5 shard 195/576 loss=0.813469  best=-inf wall=0.583h
  ep5 shard 196/576 loss=0.784696  best=-inf wall=0.585h
  ep5 shard 197/576 loss=0.858104  best=-inf wall=0.587h
  ep5 shard 198/576 loss=0.853378  best=-inf wall=0.591h
  ep5 shard 199/576 loss=0.864367  best=-inf wall=0.594h
  ep5 shard 200/576 loss=0.830434  best=-inf wall=0.597h
  ep5 shard 201/576 loss=0.891148  best=-inf wall=0.6h
  ep5 shard 202/576 loss=0.815476  best=-inf wall=0.603h
  ep5 shard 203/576 loss=0.828929  best=-inf wall=0.607h
  ep5 shard 204/576 loss=0.841877  best=-inf wall=0.61h
  ep5 shard 205/576 loss=0.861122  best=-inf wall=0.614h
  ep5 shard 206/576 loss=0.847454  best=-inf wall=0.617h
  ep5 shard 207/576 loss=0.919341  best=-inf wall=0.62h
  ep5 shard 208/576 loss=0.825037  best=-inf wall=0.623h
  ep5 shard 209/576 loss=0.83858  best=-inf wall=0.626h
  ep5 shard 210/576 loss=0.837279  best=-inf wall=0.629h
  ep5 shard 211/576 loss=0.837948  best=-inf wall=0.632h
  ep5 shard 212/576 loss=0.870794  best=-inf wall=0.635h
  ep5 shard 213/576 loss=0.821562  best=-inf wall=0.637h
  ep5 shard 214/576 loss=0.860727  best=-inf wall=0.64h
  ep5 shard 215/576 loss=0.899451  best=-inf wall=0.643h
  ep5 shard 216/576 loss=0.849412  best=-inf wall=0.646h
  ep5 shard 217/576 loss=0.833849  best=-inf wall=0.648h
  ep5 shard 218/576 loss=0.840477  best=-inf wall=0.651h
  ep5 shard 219/576 loss=0.861733  best=-inf wall=0.654h
  ep5 shard 220/576 loss=0.871523  best=-inf wall=0.656h
  ep5 shard 221/576 loss=0.798306  best=-inf wall=0.659h
  ep5 shard 222/576 loss=0.80026  best=-inf wall=0.663h
  ep5 shard 223/576 loss=0.826584  best=-inf wall=0.666h
  ep5 shard 224/576 loss=0.905628  best=-inf wall=0.668h
  ep5 shard 225/576 loss=0.859227  best=-inf wall=0.671h
  ep5 shard 226/576 loss=0.83582  best=-inf wall=0.674h
  ep5 shard 227/576 loss=0.84374  best=-inf wall=0.678h
  ep5 shard 228/576 loss=0.854169  best=-inf wall=0.681h
  ep5 shard 229/576 loss=0.879634  best=-inf wall=0.684h
  ep5 shard 230/576 loss=0.845581  best=-inf wall=0.687h
  ep5 shard 231/576 loss=0.905588  best=-inf wall=0.691h
  ep5 shard 232/576 loss=0.826544  best=-inf wall=0.694h
  ep5 shard 233/576 loss=0.832215  best=-inf wall=0.697h
  ep5 shard 234/576 loss=0.845716  best=-inf wall=0.701h
  ep5 shard 235/576 loss=0.820407  best=-inf wall=0.704h
  ep5 shard 236/576 loss=0.830464  best=-inf wall=0.706h
  ep5 shard 237/576 loss=0.89402  best=-inf wall=0.71h
  ep5 shard 238/576 loss=0.870778  best=-inf wall=0.712h
  ep5 shard 239/576 loss=0.888844  best=-inf wall=0.714h
  ep5 shard 240/576 loss=0.844126  best=-inf wall=0.717h
  saved epoch checkpoint -> experiments/exp028-mlp/mlp_256_256/checkpoints/ep5.pt
  ep6 shard 241/576 loss=0.899824  best=-inf wall=0.719h
  ep6 shard 242/576 loss=0.875539  best=-inf wall=0.722h
  ep6 shard 243/576 loss=0.811965  best=-inf wall=0.725h
  ep6 shard 244/576 loss=0.887718  best=-inf wall=0.727h
  ep6 shard 245/576 loss=0.806117  best=-inf wall=0.73h
  ep6 shard 246/576 loss=0.815102  best=-inf wall=0.733h
  ep6 shard 247/576 loss=0.847548  best=-inf wall=0.736h
  ep6 shard 248/576 loss=0.876237  best=-inf wall=0.739h
  ep6 shard 249/576 loss=0.861545  best=-inf wall=0.742h
  ep6 shard 250/576 loss=0.823802  best=-inf wall=0.746h
  ep6 shard 251/576 loss=0.837217  best=-inf wall=0.749h
  ep6 shard 252/576 loss=0.83428  best=-inf wall=0.752h
  ep6 shard 253/576 loss=0.873285  best=-inf wall=0.756h
  ep6 shard 254/576 loss=0.868485  best=-inf wall=0.758h
  ep6 shard 255/576 loss=0.850138  best=-inf wall=0.761h
  ep6 shard 256/576 loss=0.864497  best=-inf wall=0.763h
  ep6 shard 257/576 loss=0.819193  best=-inf wall=0.767h
  ep6 shard 258/576 loss=0.843227  best=-inf wall=0.77h
  ep6 shard 259/576 loss=0.934907  best=-inf wall=0.773h
  ep6 shard 260/576 loss=0.817516  best=-inf wall=0.777h
  ep6 shard 261/576 loss=0.850231  best=-inf wall=0.779h
  ep6 shard 262/576 loss=0.903636  best=-inf wall=0.782h
  ep6 shard 263/576 loss=0.815877  best=-inf wall=0.785h
  ep6 shard 264/576 loss=0.835902  best=-inf wall=0.789h
  ep6 shard 265/576 loss=0.825317  best=-inf wall=0.792h
  ep6 shard 266/576 loss=0.809337  best=-inf wall=0.795h
  ep6 shard 267/576 loss=0.853573  best=-inf wall=0.798h
  ep6 shard 268/576 loss=0.832983  best=-inf wall=0.802h
  ep6 shard 269/576 loss=0.852546  best=-inf wall=0.805h
  ep6 shard 270/576 loss=0.867791  best=-inf wall=0.808h
  ep6 shard 271/576 loss=0.853247  best=-inf wall=0.812h
  ep6 shard 272/576 loss=0.854435  best=-inf wall=0.814h
  ep6 shard 273/576 loss=0.847424  best=-inf wall=0.816h
  ep6 shard 274/576 loss=0.813087  best=-inf wall=0.819h
  ep6 shard 275/576 loss=0.789696  best=-inf wall=0.823h
  ep6 shard 276/576 loss=0.891144  best=-inf wall=0.826h
  ep6 shard 277/576 loss=0.838421  best=-inf wall=0.829h
  ep6 shard 278/576 loss=0.87004  best=-inf wall=0.833h
  ep6 shard 279/576 loss=0.861907  best=-inf wall=0.835h
  ep6 shard 280/576 loss=0.825834  best=-inf wall=0.837h
  ep6 shard 281/576 loss=0.875198  best=-inf wall=0.84h
  ep6 shard 282/576 loss=0.853598  best=-inf wall=0.844h
  ep6 shard 283/576 loss=0.832885  best=-inf wall=0.847h
  ep6 shard 284/576 loss=0.865887  best=-inf wall=0.85h
  ep6 shard 285/576 loss=0.905618  best=-inf wall=0.853h
  ep6 shard 286/576 loss=0.851863  best=-inf wall=0.856h
  ep6 shard 287/576 loss=0.845791  best=-inf wall=0.859h
  ep6 shard 288/576 loss=0.862197  best=-inf wall=0.861h
  saved epoch checkpoint -> experiments/exp028-mlp/mlp_256_256/checkpoints/ep6.pt
  ep7 shard 289/576 loss=0.852151  best=-inf wall=0.863h
  ep7 shard 290/576 loss=0.835275  best=-inf wall=0.866h
  ep7 shard 291/576 loss=0.845026  best=-inf wall=0.869h
  ep7 shard 292/576 loss=0.841173  best=-inf wall=0.873h
  ep7 shard 293/576 loss=0.894427  best=-inf wall=0.876h
  ep7 shard 294/576 loss=0.845779  best=-inf wall=0.879h
  ep7 shard 295/576 loss=0.868223  best=-inf wall=0.882h
  ep7 shard 296/576 loss=0.899384  best=-inf wall=0.885h
  ep7 shard 297/576 loss=0.859485  best=-inf wall=0.889h
  ep7 shard 298/576 loss=0.860792  best=-inf wall=0.891h
  ep7 shard 299/576 loss=0.890875  best=-inf wall=0.894h
  ep7 shard 300/576 loss=0.850743  best=-inf wall=0.896h
  ep7 shard 301/576 loss=0.829718  best=-inf wall=0.899h
  ep7 shard 302/576 loss=0.847077  best=-inf wall=0.902h
  ep7 shard 303/576 loss=0.783788  best=-inf wall=0.905h
  ep7 shard 304/576 loss=0.862093  best=-inf wall=0.908h
  ep7 shard 305/576 loss=0.871086  best=-inf wall=0.911h
  ep7 shard 306/576 loss=0.877686  best=-inf wall=0.915h
  ep7 shard 307/576 loss=0.84859  best=-inf wall=0.918h
  ep7 shard 308/576 loss=0.874566  best=-inf wall=0.921h
  ep7 shard 309/576 loss=0.832383  best=-inf wall=0.925h
  ep7 shard 310/576 loss=0.81442  best=-inf wall=0.928h
  ep7 shard 311/576 loss=0.845289  best=-inf wall=0.931h
  ep7 shard 312/576 loss=0.869816  best=-inf wall=0.935h
  ep7 shard 313/576 loss=0.855969  best=-inf wall=0.938h
  ep7 shard 314/576 loss=0.901623  best=-inf wall=0.94h
  ep7 shard 315/576 loss=0.82737  best=-inf wall=0.943h
  ep7 shard 316/576 loss=0.902781  best=-inf wall=0.947h
  ep7 shard 317/576 loss=0.877169  best=-inf wall=0.95h
  ep7 shard 318/576 loss=0.900093  best=-inf wall=0.952h
  ep7 shard 319/576 loss=0.852207  best=-inf wall=0.954h
  ep7 shard 320/576 loss=0.849319  best=-inf wall=0.958h
  ep7 shard 321/576 loss=0.896955  best=-inf wall=0.96h
  ep7 shard 322/576 loss=0.840237  best=-inf wall=0.963h
  ep7 shard 323/576 loss=0.855737  best=-inf wall=0.967h
  ep7 shard 324/576 loss=0.847568  best=-inf wall=0.97h
  ep7 shard 325/576 loss=0.851979  best=-inf wall=0.973h
  ep7 shard 326/576 loss=0.853058  best=-inf wall=0.976h
  ep7 shard 327/576 loss=0.841585  best=-inf wall=0.98h
  ep7 shard 328/576 loss=0.846178  best=-inf wall=0.982h
  ep7 shard 329/576 loss=0.834104  best=-inf wall=0.984h
  ep7 shard 330/576 loss=0.851171  best=-inf wall=0.987h
  ep7 shard 331/576 loss=0.85786  best=-inf wall=0.991h
  ep7 shard 332/576 loss=0.833512  best=-inf wall=0.993h
  ep7 shard 333/576 loss=0.883104  best=-inf wall=0.995h
  ep7 shard 334/576 loss=0.830337  best=-inf wall=1.0h
  ep7 shard 335/576 loss=0.852026  best=-inf wall=1.002h
  ep7 shard 336/576 loss=0.850208  best=-inf wall=1.006h
  saved epoch checkpoint -> experiments/exp028-mlp/mlp_256_256/checkpoints/ep7.pt
  ep8 shard 337/576 loss=0.868536  best=-inf wall=1.01h
  ep8 shard 338/576 loss=0.83687  best=-inf wall=1.012h
  ep8 shard 339/576 loss=0.799116  best=-inf wall=1.015h
  ep8 shard 340/576 loss=0.820922  best=-inf wall=1.019h
  ep8 shard 341/576 loss=0.846263  best=-inf wall=1.022h
  ep8 shard 342/576 loss=0.857324  best=-inf wall=1.024h
  ep8 shard 343/576 loss=0.882227  best=-inf wall=1.027h
  ep8 shard 344/576 loss=0.82  best=-inf wall=1.029h
  ep8 shard 345/576 loss=0.849556  best=-inf wall=1.033h
  ep8 shard 346/576 loss=0.872981  best=-inf wall=1.035h
  ep8 shard 347/576 loss=0.90696  best=-inf wall=1.038h
  ep8 shard 348/576 loss=0.902199  best=-inf wall=1.042h
  ep8 shard 349/576 loss=0.858429  best=-inf wall=1.045h
  ep8 shard 350/576 loss=0.805286  best=-inf wall=1.049h
  ep8 shard 351/576 loss=0.866054  best=-inf wall=1.052h
  ep8 shard 352/576 loss=0.870544  best=-inf wall=1.055h
  ep8 shard 353/576 loss=0.873876  best=-inf wall=1.058h
  ep8 shard 354/576 loss=0.862087  best=-inf wall=1.061h
  ep8 shard 355/576 loss=0.8525  best=-inf wall=1.064h
  ep8 shard 356/576 loss=0.908975  best=-inf wall=1.068h
  ep8 shard 357/576 loss=0.889667  best=-inf wall=1.071h
  ep8 shard 358/576 loss=0.83514  best=-inf wall=1.073h
  ep8 shard 359/576 loss=0.872695  best=-inf wall=1.076h
  ep8 shard 360/576 loss=0.854056  best=-inf wall=1.079h
  ep8 shard 361/576 loss=0.869044  best=-inf wall=1.082h
  ep8 shard 362/576 loss=0.847563  best=-inf wall=1.085h
  ep8 shard 363/576 loss=0.869776  best=-inf wall=1.088h
  ep8 shard 364/576 loss=0.837119  best=-inf wall=1.091h
  ep8 shard 365/576 loss=0.873621  best=-inf wall=1.095h
  ep8 shard 366/576 loss=0.855669  best=-inf wall=1.097h
  ep8 shard 367/576 loss=0.847118  best=-inf wall=1.099h
  ep8 shard 368/576 loss=0.806495  best=-inf wall=1.102h
  ep8 shard 369/576 loss=0.815574  best=-inf wall=1.106h
  ep8 shard 370/576 loss=0.847516  best=-inf wall=1.109h
  ep8 shard 371/576 loss=0.888963  best=-inf wall=1.112h
  ep8 shard 372/576 loss=0.813232  best=-inf wall=1.116h
  ep8 shard 373/576 loss=0.913454  best=-inf wall=1.119h
  ep8 shard 374/576 loss=0.874815  best=-inf wall=1.122h
  ep8 shard 375/576 loss=0.876582  best=-inf wall=1.124h
  ep8 shard 376/576 loss=0.860615  best=-inf wall=1.127h
  ep8 shard 377/576 loss=0.925438  best=-inf wall=1.129h
  ep8 shard 378/576 loss=0.838918  best=-inf wall=1.132h
  ep8 shard 379/576 loss=0.851955  best=-inf wall=1.136h
  ep8 shard 380/576 loss=0.872404  best=-inf wall=1.139h
  ep8 shard 381/576 loss=0.898241  best=-inf wall=1.141h
  ep8 shard 382/576 loss=0.809251  best=-inf wall=1.145h
  ep8 shard 383/576 loss=0.904227  best=-inf wall=1.148h
  ep8 shard 384/576 loss=0.900532  best=-inf wall=1.151h
  saved epoch checkpoint -> experiments/exp028-mlp/mlp_256_256/checkpoints/ep8.pt
  ep9 shard 385/576 loss=0.83294  best=-inf wall=1.155h
  ep9 shard 386/576 loss=0.875663  best=-inf wall=1.158h
  ep9 shard 387/576 loss=0.862484  best=-inf wall=1.161h
  ep9 shard 388/576 loss=0.863915  best=-inf wall=1.164h
  ep9 shard 389/576 loss=0.859602  best=-inf wall=1.168h
  ep9 shard 390/576 loss=0.819428  best=-inf wall=1.171h
  ep9 shard 391/576 loss=0.868187  best=-inf wall=1.174h
  ep9 shard 392/576 loss=0.865785  best=-inf wall=1.176h
  ep9 shard 393/576 loss=0.865521  best=-inf wall=1.18h
  ep9 shard 394/576 loss=0.885862  best=-inf wall=1.183h
  ep9 shard 395/576 loss=0.854376  best=-inf wall=1.185h
  ep9 shard 396/576 loss=0.872975  best=-inf wall=1.188h
  ep9 shard 397/576 loss=0.869804  best=-inf wall=1.191h
  ep9 shard 398/576 loss=0.848812  best=-inf wall=1.194h
  ep9 shard 399/576 loss=0.813255  best=-inf wall=1.197h
  ep9 shard 400/576 loss=0.85832  best=-inf wall=1.2h
  ep9 shard 401/576 loss=0.834343  best=-inf wall=1.204h
  ep9 shard 402/576 loss=0.861025  best=-inf wall=1.206h
  ep9 shard 403/576 loss=0.860848  best=-inf wall=1.208h
  ep9 shard 404/576 loss=0.883246  best=-inf wall=1.211h
  ep9 shard 405/576 loss=0.835462  best=-inf wall=1.213h
  ep9 shard 406/576 loss=0.821111  best=-inf wall=1.217h
  ep9 shard 407/576 loss=0.889074  best=-inf wall=1.219h
  ep9 shard 408/576 loss=0.834687  best=-inf wall=1.223h
  ep9 shard 409/576 loss=0.859474  best=-inf wall=1.226h
  ep9 shard 410/576 loss=0.839136  best=-inf wall=1.229h
  ep9 shard 411/576 loss=0.89499  best=-inf wall=1.232h
  ep9 shard 412/576 loss=0.851944  best=-inf wall=1.236h
  ep9 shard 413/576 loss=0.895171  best=-inf wall=1.238h
  ep9 shard 414/576 loss=0.879442  best=-inf wall=1.24h
  ep9 shard 415/576 loss=0.882764  best=-inf wall=1.244h
  ep9 shard 416/576 loss=0.885895  best=-inf wall=1.246h
  ep9 shard 417/576 loss=0.854604  best=-inf wall=1.249h
  ep9 shard 418/576 loss=0.842649  best=-inf wall=1.253h
  ep9 shard 419/576 loss=0.918694  best=-inf wall=1.255h
  ep9 shard 420/576 loss=0.844422  best=-inf wall=1.258h
  ep9 shard 421/576 loss=0.895537  best=-inf wall=1.262h
  ep9 shard 422/576 loss=0.84541  best=-inf wall=1.264h
  ep9 shard 423/576 loss=0.865296  best=-inf wall=1.267h
  ep9 shard 424/576 loss=0.817401  best=-inf wall=1.27h
  ep9 shard 425/576 loss=0.847664  best=-inf wall=1.273h
  ep9 shard 426/576 loss=0.875221  best=-inf wall=1.277h
  ep9 shard 427/576 loss=0.84893  best=-inf wall=1.28h
  ep9 shard 428/576 loss=0.858223  best=-inf wall=1.283h
  ep9 shard 429/576 loss=0.859304  best=-inf wall=1.286h
  ep9 shard 430/576 loss=0.895708  best=-inf wall=1.289h
  ep9 shard 431/576 loss=0.865812  best=-inf wall=1.292h
  ep9 shard 432/576 loss=0.797822  best=-inf wall=1.295h
  saved epoch checkpoint -> experiments/exp028-mlp/mlp_256_256/checkpoints/ep9.pt
  ep10 shard 433/576 loss=0.831398  best=-inf wall=1.298h
  ep10 shard 434/576 loss=0.874192  best=-inf wall=1.302h
  ep10 shard 435/576 loss=0.84198  best=-inf wall=1.305h
  ep10 shard 436/576 loss=0.854564  best=-inf wall=1.307h
  ep10 shard 437/576 loss=0.910849  best=-inf wall=1.31h
  ep10 shard 438/576 loss=0.837992  best=-inf wall=1.314h
  ep10 shard 439/576 loss=0.849466  best=-inf wall=1.316h
  ep10 shard 440/576 loss=0.894485  best=-inf wall=1.319h
  ep10 shard 441/576 loss=0.830399  best=-inf wall=1.322h
  ep10 shard 442/576 loss=0.877932  best=-inf wall=1.325h
  ep10 shard 443/576 loss=0.837892  best=-inf wall=1.328h
  ep10 shard 444/576 loss=0.839524  best=-inf wall=1.33h
  ep10 shard 445/576 loss=0.874934  best=-inf wall=1.333h
  ep10 shard 446/576 loss=0.85541  best=-inf wall=1.337h
  ep10 shard 447/576 loss=0.876909  best=-inf wall=1.34h
  ep10 shard 448/576 loss=0.903483  best=-inf wall=1.342h
  ep10 shard 449/576 loss=0.876304  best=-inf wall=1.344h
  ep10 shard 450/576 loss=0.808381  best=-inf wall=1.347h
  ep10 shard 451/576 loss=0.855431  best=-inf wall=1.351h
  ep10 shard 452/576 loss=0.841811  best=-inf wall=1.354h
  ep10 shard 453/576 loss=0.867031  best=-inf wall=1.357h
  ep10 shard 454/576 loss=0.852062  best=-inf wall=1.36h
  ep10 shard 455/576 loss=0.851669  best=-inf wall=1.363h
  ep10 shard 456/576 loss=0.833049  best=-inf wall=1.366h
  ep10 shard 457/576 loss=0.872226  best=-inf wall=1.369h
  ep10 shard 458/576 loss=0.837002  best=-inf wall=1.372h
  ep10 shard 459/576 loss=0.841334  best=-inf wall=1.374h
  ep10 shard 460/576 loss=0.847718  best=-inf wall=1.376h
  ep10 shard 461/576 loss=0.878271  best=-inf wall=1.378h
  ep10 shard 462/576 loss=0.815998  best=-inf wall=1.382h
  ep10 shard 463/576 loss=0.838152  best=-inf wall=1.385h
  ep10 shard 464/576 loss=0.870559  best=-inf wall=1.388h
  ep10 shard 465/576 loss=0.859213  best=-inf wall=1.392h
  ep10 shard 466/576 loss=0.861784  best=-inf wall=1.395h
  ep10 shard 467/576 loss=0.857201  best=-inf wall=1.398h
  ep10 shard 468/576 loss=0.861973  best=-inf wall=1.402h
  ep10 shard 469/576 loss=0.868105  best=-inf wall=1.407h
  ep10 shard 470/576 loss=0.877103  best=-inf wall=1.41h
  ep10 shard 471/576 loss=0.880668  best=-inf wall=1.414h
  ep10 shard 472/576 loss=0.868599  best=-inf wall=1.417h
  ep10 shard 473/576 loss=0.81878  best=-inf wall=1.42h
  ep10 shard 474/576 loss=0.855119  best=-inf wall=1.424h
  ep10 shard 475/576 loss=0.82344  best=-inf wall=1.426h
  ep10 shard 476/576 loss=0.809505  best=-inf wall=1.428h
  ep10 shard 477/576 loss=0.852264  best=-inf wall=1.431h
  ep10 shard 478/576 loss=0.821073  best=-inf wall=1.434h
  ep10 shard 479/576 loss=0.86728  best=-inf wall=1.438h
  ep10 shard 480/576 loss=0.819584  best=-inf wall=1.441h
  saved epoch checkpoint -> experiments/exp028-mlp/mlp_256_256/checkpoints/ep10.pt
  ep11 shard 481/576 loss=0.857919  best=-inf wall=1.445h
  ep11 shard 482/576 loss=0.912419  best=-inf wall=1.448h
  ep11 shard 483/576 loss=0.877949  best=-inf wall=1.451h
  ep11 shard 484/576 loss=0.866678  best=-inf wall=1.454h
  ep11 shard 485/576 loss=0.839512  best=-inf wall=1.457h
  ep11 shard 486/576 loss=0.891056  best=-inf wall=1.461h
  ep11 shard 487/576 loss=0.832863  best=-inf wall=1.463h
  ep11 shard 488/576 loss=0.907266  best=-inf wall=1.466h
  ep11 shard 489/576 loss=0.807348  best=-inf wall=1.47h
  ep11 shard 490/576 loss=0.872591  best=-inf wall=1.473h
  ep11 shard 491/576 loss=0.867828  best=-inf wall=1.476h
  ep11 shard 492/576 loss=0.85591  best=-inf wall=1.478h
  ep11 shard 493/576 loss=0.836431  best=-inf wall=1.482h
  ep11 shard 494/576 loss=0.836887  best=-inf wall=1.485h
  ep11 shard 495/576 loss=0.840849  best=-inf wall=1.488h
  ep11 shard 496/576 loss=0.799121  best=-inf wall=1.491h
  ep11 shard 497/576 loss=0.869639  best=-inf wall=1.494h
  ep11 shard 498/576 loss=0.843612  best=-inf wall=1.497h
  ep11 shard 499/576 loss=0.844  best=-inf wall=1.5h
  ep11 shard 500/576 loss=0.847334  best=-inf wall=1.503h
  ep11 shard 501/576 loss=0.808253  best=-inf wall=1.507h
  ep11 shard 502/576 loss=0.845659  best=-inf wall=1.509h
  ep11 shard 503/576 loss=0.85902  best=-inf wall=1.511h
  ep11 shard 504/576 loss=0.898377  best=-inf wall=1.514h
  ep11 shard 505/576 loss=0.919701  best=-inf wall=1.516h
  ep11 shard 506/576 loss=0.870531  best=-inf wall=1.519h
  ep11 shard 507/576 loss=0.873406  best=-inf wall=1.522h
  ep11 shard 508/576 loss=0.863982  best=-inf wall=1.526h
  ep11 shard 509/576 loss=0.86287  best=-inf wall=1.529h
  ep11 shard 510/576 loss=0.898355  best=-inf wall=1.533h
  ep11 shard 511/576 loss=0.885032  best=-inf wall=1.536h
  ep11 shard 512/576 loss=0.827908  best=-inf wall=1.538h
  ep11 shard 513/576 loss=0.834907  best=-inf wall=1.541h
  ep11 shard 514/576 loss=0.837312  best=-inf wall=1.545h
  ep11 shard 515/576 loss=0.869876  best=-inf wall=1.548h
  ep11 shard 516/576 loss=0.813005  best=-inf wall=1.551h
  ep11 shard 517/576 loss=0.870483  best=-inf wall=1.554h
  ep11 shard 518/576 loss=0.823065  best=-inf wall=1.556h
  ep11 shard 519/576 loss=0.850509  best=-inf wall=1.559h
  ep11 shard 520/576 loss=0.851698  best=-inf wall=1.562h
  ep11 shard 521/576 loss=0.819417  best=-inf wall=1.566h
  ep11 shard 522/576 loss=0.865466  best=-inf wall=1.569h
  ep11 shard 523/576 loss=0.880509  best=-inf wall=1.571h
  ep11 shard 524/576 loss=0.821002  best=-inf wall=1.573h
  ep11 shard 525/576 loss=0.845164  best=-inf wall=1.577h
  ep11 shard 526/576 loss=0.844774  best=-inf wall=1.579h
  ep11 shard 527/576 loss=0.853881  best=-inf wall=1.582h
  ep11 shard 528/576 loss=0.870082  best=-inf wall=1.586h
  saved epoch checkpoint -> experiments/exp028-mlp/mlp_256_256/checkpoints/ep11.pt
  ep12 shard 529/576 loss=0.851097  best=-inf wall=1.589h
  ep12 shard 530/576 loss=0.853781  best=-inf wall=1.592h
  ep12 shard 531/576 loss=0.863491  best=-inf wall=1.594h
  ep12 shard 532/576 loss=0.871276  best=-inf wall=1.597h
  ep12 shard 533/576 loss=0.911807  best=-inf wall=1.6h
  ep12 shard 534/576 loss=0.839357  best=-inf wall=1.603h
  ep12 shard 535/576 loss=0.83182  best=-inf wall=1.606h
  ep12 shard 536/576 loss=0.86038  best=-inf wall=1.609h
  ep12 shard 537/576 loss=0.856231  best=-inf wall=1.612h
  ep12 shard 538/576 loss=0.899422  best=-inf wall=1.614h
  ep12 shard 539/576 loss=0.881222  best=-inf wall=1.616h
  ep12 shard 540/576 loss=0.87288  best=-inf wall=1.619h
  ep12 shard 541/576 loss=0.841025  best=-inf wall=1.622h
  ep12 shard 542/576 loss=0.872393  best=-inf wall=1.625h
  ep12 shard 543/576 loss=0.907456  best=-inf wall=1.628h
  ep12 shard 544/576 loss=0.877741  best=-inf wall=1.631h
  ep12 shard 545/576 loss=0.892567  best=-inf wall=1.634h
  ep12 shard 546/576 loss=0.873344  best=-inf wall=1.637h
  ep12 shard 547/576 loss=0.839766  best=-inf wall=1.64h
  ep12 shard 548/576 loss=0.83804  best=-inf wall=1.643h
  ep12 shard 549/576 loss=0.891293  best=-inf wall=1.646h
  ep12 shard 550/576 loss=0.835676  best=-inf wall=1.649h
  ep12 shard 551/576 loss=0.847358  best=-inf wall=1.652h
  ep12 shard 552/576 loss=0.807128  best=-inf wall=1.656h
  ep12 shard 553/576 loss=0.919288  best=-inf wall=1.658h
  ep12 shard 554/576 loss=0.872173  best=-inf wall=1.66h
  ep12 shard 555/576 loss=0.904872  best=-inf wall=1.664h
  ep12 shard 556/576 loss=0.891437  best=-inf wall=1.667h
  ep12 shard 557/576 loss=0.863048  best=-inf wall=1.67h
  ep12 shard 558/576 loss=0.826038  best=-inf wall=1.673h
  ep12 shard 559/576 loss=0.853627  best=-inf wall=1.677h
  ep12 shard 560/576 loss=0.854524  best=-inf wall=1.68h
  ep12 shard 561/576 loss=0.895667  best=-inf wall=1.682h
  ep12 shard 562/576 loss=0.880664  best=-inf wall=1.686h
  ep12 shard 563/576 loss=0.83451  best=-inf wall=1.689h
  ep12 shard 564/576 loss=0.854773  best=-inf wall=1.692h
  ep12 shard 565/576 loss=0.899491  best=-inf wall=1.695h
  ep12 shard 566/576 loss=0.848723  best=-inf wall=1.698h
  ep12 shard 567/576 loss=0.839928  best=-inf wall=1.701h
  ep12 shard 568/576 loss=0.831435  best=-inf wall=1.704h
  ep12 shard 569/576 loss=0.836298  best=-inf wall=1.706h
  ep12 shard 570/576 loss=0.865055  best=-inf wall=1.709h
  ep12 shard 571/576 loss=0.846525  best=-inf wall=1.713h
  ep12 shard 572/576 loss=0.82424  best=-inf wall=1.715h
  ep12 shard 573/576 loss=0.811653  best=-inf wall=1.718h
  ep12 shard 574/576 loss=0.891986  best=-inf wall=1.721h
  ep12 shard 575/576 loss=0.86494  best=-inf wall=1.725h
  ep12 shard 576/576 loss=0.873887 gnubg=-0.225 best=-0.225 wall=1.728h
  saved epoch checkpoint -> experiments/exp028-mlp/mlp_256_256/checkpoints/ep12.pt

===== ARM DONE (outcomes6) reason=epochs_complete best vs GNUBG-0ply = -0.2250 ppg  -> experiments/exp028-mlp/mlp_256_256/checkpoints/best.pt
