[arch] mlp hidden [512, 512, 256, 256], 1.129M parameters
exp011 outcomes6 [cpu]: 48 shards x 12 epochs, lr=0.001 holdout_frac=0.0 split_seed=14
  ep1 shard 1/576 loss=0.90936  best=-inf wall=0.005h
  ep1 shard 2/576 loss=0.895151  best=-inf wall=0.01h
  ep1 shard 3/576 loss=0.870548  best=-inf wall=0.014h
  ep1 shard 4/576 loss=0.898432  best=-inf wall=0.019h
  ep1 shard 5/576 loss=0.881386  best=-inf wall=0.023h
  ep1 shard 6/576 loss=0.7966  best=-inf wall=0.027h
  ep1 shard 7/576 loss=0.863187  best=-inf wall=0.032h
  ep1 shard 8/576 loss=0.871211  best=-inf wall=0.036h
  ep1 shard 9/576 loss=0.866842  best=-inf wall=0.04h
  ep1 shard 10/576 loss=0.880369  best=-inf wall=0.045h
  ep1 shard 11/576 loss=0.847854  best=-inf wall=0.05h
  ep1 shard 12/576 loss=0.868834  best=-inf wall=0.056h
  ep1 shard 13/576 loss=0.874928  best=-inf wall=0.061h
  ep1 shard 14/576 loss=0.862917  best=-inf wall=0.067h
  ep1 shard 15/576 loss=0.873567  best=-inf wall=0.072h
  ep1 shard 16/576 loss=0.856665  best=-inf wall=0.077h
  ep1 shard 17/576 loss=0.842554  best=-inf wall=0.083h
  ep1 shard 18/576 loss=0.848447  best=-inf wall=0.088h
  ep1 shard 19/576 loss=0.878007  best=-inf wall=0.093h
  ep1 shard 20/576 loss=0.878269  best=-inf wall=0.099h
  ep1 shard 21/576 loss=0.83495  best=-inf wall=0.104h
  ep1 shard 22/576 loss=0.857007  best=-inf wall=0.11h
  ep1 shard 23/576 loss=0.847726  best=-inf wall=0.115h
  ep1 shard 24/576 loss=0.85005  best=-inf wall=0.12h
  ep1 shard 25/576 loss=0.866889  best=-inf wall=0.126h
  ep1 shard 26/576 loss=0.853953  best=-inf wall=0.131h
  ep1 shard 27/576 loss=0.849962  best=-inf wall=0.137h
  ep1 shard 28/576 loss=0.860643  best=-inf wall=0.142h
  ep1 shard 29/576 loss=0.879153  best=-inf wall=0.147h
  ep1 shard 30/576 loss=0.846981  best=-inf wall=0.153h
  ep1 shard 31/576 loss=0.865701  best=-inf wall=0.158h
  ep1 shard 32/576 loss=0.877686  best=-inf wall=0.163h
  ep1 shard 33/576 loss=0.908948  best=-inf wall=0.169h
  ep1 shard 34/576 loss=0.855521  best=-inf wall=0.174h
  ep1 shard 35/576 loss=0.872616  best=-inf wall=0.18h
  ep1 shard 36/576 loss=0.875484  best=-inf wall=0.186h
  ep1 shard 37/576 loss=0.849817  best=-inf wall=0.191h
  ep1 shard 38/576 loss=0.858233  best=-inf wall=0.197h
  ep1 shard 39/576 loss=0.861713  best=-inf wall=0.203h
  ep1 shard 40/576 loss=0.858082  best=-inf wall=0.208h
  ep1 shard 41/576 loss=0.90608  best=-inf wall=0.214h
  ep1 shard 42/576 loss=0.866401  best=-inf wall=0.22h
  ep1 shard 43/576 loss=0.852877  best=-inf wall=0.226h
  ep1 shard 44/576 loss=0.812361  best=-inf wall=0.231h
  ep1 shard 45/576 loss=0.876644  best=-inf wall=0.237h
  ep1 shard 46/576 loss=0.863078  best=-inf wall=0.242h
  ep1 shard 47/576 loss=0.845333  best=-inf wall=0.248h
  ep1 shard 48/576 loss=0.870103  best=-inf wall=0.254h
  saved epoch checkpoint -> experiments/exp028-mlp/mlp_512_512_256_256/checkpoints/ep1.pt
  ep2 shard 49/576 loss=0.806739  best=-inf wall=0.26h
  ep2 shard 50/576 loss=0.839426  best=-inf wall=0.266h
  ep2 shard 51/576 loss=0.860612  best=-inf wall=0.272h
  ep2 shard 52/576 loss=0.869799  best=-inf wall=0.277h
  ep2 shard 53/576 loss=0.87525  best=-inf wall=0.282h
  ep2 shard 54/576 loss=0.836174  best=-inf wall=0.288h
  ep2 shard 55/576 loss=0.86001  best=-inf wall=0.294h
  ep2 shard 56/576 loss=0.895533  best=-inf wall=0.299h
  ep2 shard 57/576 loss=0.857009  best=-inf wall=0.304h
  ep2 shard 58/576 loss=0.883518  best=-inf wall=0.31h
  ep2 shard 59/576 loss=0.835813  best=-inf wall=0.316h
  ep2 shard 60/576 loss=0.848439  best=-inf wall=0.322h
  ep2 shard 61/576 loss=0.848424  best=-inf wall=0.327h
  ep2 shard 62/576 loss=0.844316  best=-inf wall=0.333h
  ep2 shard 63/576 loss=0.836501  best=-inf wall=0.338h
  ep2 shard 64/576 loss=0.838587  best=-inf wall=0.343h
  ep2 shard 65/576 loss=0.889809  best=-inf wall=0.349h
  ep2 shard 66/576 loss=0.879181  best=-inf wall=0.355h
  ep2 shard 67/576 loss=0.816903  best=-inf wall=0.361h
  ep2 shard 68/576 loss=0.838828  best=-inf wall=0.366h
  ep2 shard 69/576 loss=0.810098  best=-inf wall=0.372h
  ep2 shard 70/576 loss=0.85451  best=-inf wall=0.378h
  ep2 shard 71/576 loss=0.813479  best=-inf wall=0.384h
  ep2 shard 72/576 loss=0.907276  best=-inf wall=0.389h
  ep2 shard 73/576 loss=0.902506  best=-inf wall=0.394h
  ep2 shard 74/576 loss=0.868586  best=-inf wall=0.4h
  ep2 shard 75/576 loss=0.853034  best=-inf wall=0.405h
  ep2 shard 76/576 loss=0.867309  best=-inf wall=0.411h
  ep2 shard 77/576 loss=0.841978  best=-inf wall=0.416h
  ep2 shard 78/576 loss=0.829934  best=-inf wall=0.421h
  ep2 shard 79/576 loss=0.876237  best=-inf wall=0.426h
  ep2 shard 80/576 loss=0.869189  best=-inf wall=0.431h
  ep2 shard 81/576 loss=0.899744  best=-inf wall=0.437h
  ep2 shard 82/576 loss=0.844553  best=-inf wall=0.442h
  ep2 shard 83/576 loss=0.829522  best=-inf wall=0.448h
  ep2 shard 84/576 loss=0.891421  best=-inf wall=0.453h
  ep2 shard 85/576 loss=0.864733  best=-inf wall=0.458h
  ep2 shard 86/576 loss=0.808515  best=-inf wall=0.463h
  ep2 shard 87/576 loss=0.850516  best=-inf wall=0.467h
  ep2 shard 88/576 loss=0.865118  best=-inf wall=0.473h
  ep2 shard 89/576 loss=0.870004  best=-inf wall=0.478h
  ep2 shard 90/576 loss=0.9042  best=-inf wall=0.483h
  ep2 shard 91/576 loss=0.812158  best=-inf wall=0.487h
  ep2 shard 92/576 loss=0.860135  best=-inf wall=0.493h
  ep2 shard 93/576 loss=0.826541  best=-inf wall=0.499h
  ep2 shard 94/576 loss=0.829816  best=-inf wall=0.505h
  ep2 shard 95/576 loss=0.876201  best=-inf wall=0.511h
  ep2 shard 96/576 loss=0.880227  best=-inf wall=0.525h
  saved epoch checkpoint -> experiments/exp028-mlp/mlp_512_512_256_256/checkpoints/ep2.pt
  ep3 shard 97/576 loss=0.849224  best=-inf wall=0.53h
  ep3 shard 98/576 loss=0.836765  best=-inf wall=0.536h
  ep3 shard 99/576 loss=0.898941  best=-inf wall=0.542h
  ep3 shard 100/576 loss=0.88374  best=-inf wall=0.546h
  ep3 shard 101/576 loss=0.857782  best=-inf wall=0.551h
  ep3 shard 102/576 loss=0.897738  best=-inf wall=0.556h
  ep3 shard 103/576 loss=0.845637  best=-inf wall=0.562h
  ep3 shard 104/576 loss=0.87798  best=-inf wall=0.566h
  ep3 shard 105/576 loss=0.839666  best=-inf wall=0.572h
  ep3 shard 106/576 loss=0.82235  best=-inf wall=0.576h
  ep3 shard 107/576 loss=0.83958  best=-inf wall=0.582h
  ep3 shard 108/576 loss=0.851228  best=-inf wall=0.587h
  ep3 shard 109/576 loss=0.852177  best=-inf wall=0.592h
  ep3 shard 110/576 loss=0.857322  best=-inf wall=0.598h
  ep3 shard 111/576 loss=0.889255  best=-inf wall=0.603h
  ep3 shard 112/576 loss=0.860641  best=-inf wall=0.609h
  ep3 shard 113/576 loss=0.844937  best=-inf wall=0.615h
  ep3 shard 114/576 loss=0.910108  best=-inf wall=0.62h
  ep3 shard 115/576 loss=0.807036  best=-inf wall=0.626h
  ep3 shard 116/576 loss=0.819819  best=-inf wall=0.631h
  ep3 shard 117/576 loss=0.883885  best=-inf wall=0.637h
  ep3 shard 118/576 loss=0.865195  best=-inf wall=0.642h
  ep3 shard 119/576 loss=0.870917  best=-inf wall=0.648h
  ep3 shard 120/576 loss=0.857877  best=-inf wall=0.653h
  ep3 shard 121/576 loss=0.871386  best=-inf wall=0.657h
  ep3 shard 122/576 loss=0.838574  best=-inf wall=0.663h
  ep3 shard 123/576 loss=0.885372  best=-inf wall=0.669h
  ep3 shard 124/576 loss=0.825726  best=-inf wall=0.674h
  ep3 shard 125/576 loss=0.847169  best=-inf wall=0.68h
  ep3 shard 126/576 loss=0.80662  best=-inf wall=0.684h
  ep3 shard 127/576 loss=0.863452  best=-inf wall=0.689h
  ep3 shard 128/576 loss=0.897997  best=-inf wall=0.694h
  ep3 shard 129/576 loss=0.858753  best=-inf wall=0.699h
  ep3 shard 130/576 loss=0.838411  best=-inf wall=0.704h
  ep3 shard 131/576 loss=0.871837  best=-inf wall=0.708h
  ep3 shard 132/576 loss=0.915991  best=-inf wall=0.714h
  ep3 shard 133/576 loss=0.85381  best=-inf wall=0.72h
  ep3 shard 134/576 loss=0.871675  best=-inf wall=0.725h
  ep3 shard 135/576 loss=0.833815  best=-inf wall=0.731h
  ep3 shard 136/576 loss=0.884018  best=-inf wall=0.735h
  ep3 shard 137/576 loss=0.857508  best=-inf wall=0.741h
  ep3 shard 138/576 loss=0.856631  best=-inf wall=0.747h
  ep3 shard 139/576 loss=0.83265  best=-inf wall=0.752h
  ep3 shard 140/576 loss=0.826774  best=-inf wall=0.758h
  ep3 shard 141/576 loss=0.860163  best=-inf wall=0.762h
  ep3 shard 142/576 loss=0.874249  best=-inf wall=0.768h
  ep3 shard 143/576 loss=0.850312  best=-inf wall=0.773h
  ep3 shard 144/576 loss=0.892503  best=-inf wall=0.778h
  saved epoch checkpoint -> experiments/exp028-mlp/mlp_512_512_256_256/checkpoints/ep3.pt
  ep4 shard 145/576 loss=0.809264  best=-inf wall=0.784h
  ep4 shard 146/576 loss=0.884356  best=-inf wall=0.789h
  ep4 shard 147/576 loss=0.881192  best=-inf wall=0.795h
  ep4 shard 148/576 loss=0.86956  best=-inf wall=0.8h
  ep4 shard 149/576 loss=0.80961  best=-inf wall=0.806h
  ep4 shard 150/576 loss=0.844683  best=-inf wall=0.812h
  ep4 shard 151/576 loss=0.821265  best=-inf wall=0.817h
  ep4 shard 152/576 loss=0.873532  best=-inf wall=0.822h
  ep4 shard 153/576 loss=0.901218  best=-inf wall=0.827h
  ep4 shard 154/576 loss=0.847027  best=-inf wall=0.833h
  ep4 shard 155/576 loss=0.875681  best=-inf wall=0.837h
  ep4 shard 156/576 loss=0.897968  best=-inf wall=0.843h
  ep4 shard 157/576 loss=0.845436  best=-inf wall=0.847h
  ep4 shard 158/576 loss=0.842534  best=-inf wall=0.852h
  ep4 shard 159/576 loss=0.869222  best=-inf wall=0.857h
  ep4 shard 160/576 loss=0.903221  best=-inf wall=0.863h
  ep4 shard 161/576 loss=0.869524  best=-inf wall=0.868h
  ep4 shard 162/576 loss=0.877428  best=-inf wall=0.873h
  ep4 shard 163/576 loss=0.819632  best=-inf wall=0.879h
  ep4 shard 164/576 loss=0.875428  best=-inf wall=0.884h
  ep4 shard 165/576 loss=0.830621  best=-inf wall=0.889h
  ep4 shard 166/576 loss=0.868654  best=-inf wall=0.894h
  ep4 shard 167/576 loss=0.84479  best=-inf wall=0.9h
  ep4 shard 168/576 loss=0.862309  best=-inf wall=0.904h
  ep4 shard 169/576 loss=0.852898  best=-inf wall=0.91h
  ep4 shard 170/576 loss=0.845097  best=-inf wall=0.915h
  ep4 shard 171/576 loss=0.852555  best=-inf wall=0.921h
  ep4 shard 172/576 loss=0.840545  best=-inf wall=0.926h
  ep4 shard 173/576 loss=0.859392  best=-inf wall=0.932h
  ep4 shard 174/576 loss=0.904985  best=-inf wall=0.937h
  ep4 shard 175/576 loss=0.839125  best=-inf wall=0.943h
  ep4 shard 176/576 loss=0.836159  best=-inf wall=0.948h
  ep4 shard 177/576 loss=0.85701  best=-inf wall=0.952h
  ep4 shard 178/576 loss=0.790059  best=-inf wall=0.957h
  ep4 shard 179/576 loss=0.8229  best=-inf wall=0.962h
  ep4 shard 180/576 loss=0.846367  best=-inf wall=0.968h
  ep4 shard 181/576 loss=0.852229  best=-inf wall=0.974h
  ep4 shard 182/576 loss=0.817209  best=-inf wall=0.979h
  ep4 shard 183/576 loss=0.866447  best=-inf wall=0.985h
  ep4 shard 184/576 loss=0.907204  best=-inf wall=0.99h
  ep4 shard 185/576 loss=0.845461  best=-inf wall=0.996h
  ep4 shard 186/576 loss=0.839315  best=-inf wall=1.001h
  ep4 shard 187/576 loss=0.840129  best=-inf wall=1.007h
  ep4 shard 188/576 loss=0.830011  best=-inf wall=1.011h
  ep4 shard 189/576 loss=0.871096  best=-inf wall=1.017h
  ep4 shard 190/576 loss=0.794415  best=-inf wall=1.022h
  ep4 shard 191/576 loss=0.880917  best=-inf wall=1.027h
  ep4 shard 192/576 loss=0.927645  best=-inf wall=1.031h
  saved epoch checkpoint -> experiments/exp028-mlp/mlp_512_512_256_256/checkpoints/ep4.pt
  ep5 shard 193/576 loss=0.860809  best=-inf wall=1.036h
  ep5 shard 194/576 loss=0.89277  best=-inf wall=1.041h
  ep5 shard 195/576 loss=0.839615  best=-inf wall=1.047h
  ep5 shard 196/576 loss=0.890477  best=-inf wall=1.051h
  ep5 shard 197/576 loss=0.818164  best=-inf wall=1.057h
  ep5 shard 198/576 loss=0.816314  best=-inf wall=1.062h
  ep5 shard 199/576 loss=0.842783  best=-inf wall=1.068h
  ep5 shard 200/576 loss=0.900665  best=-inf wall=1.073h
  ep5 shard 201/576 loss=0.850339  best=-inf wall=1.079h
  ep5 shard 202/576 loss=0.853611  best=-inf wall=1.084h
  ep5 shard 203/576 loss=0.837567  best=-inf wall=1.09h
  ep5 shard 204/576 loss=0.872358  best=-inf wall=1.095h
  ep5 shard 205/576 loss=0.831974  best=-inf wall=1.101h
  ep5 shard 206/576 loss=0.829271  best=-inf wall=1.106h
  ep5 shard 207/576 loss=0.815371  best=-inf wall=1.112h
  ep5 shard 208/576 loss=0.846221  best=-inf wall=1.117h
  ep5 shard 209/576 loss=0.838233  best=-inf wall=1.123h
  ep5 shard 210/576 loss=0.862681  best=-inf wall=1.127h
  ep5 shard 211/576 loss=0.861644  best=-inf wall=1.133h
  ep5 shard 212/576 loss=0.877723  best=-inf wall=1.138h
  ep5 shard 213/576 loss=0.815153  best=-inf wall=1.143h
  ep5 shard 214/576 loss=0.867087  best=-inf wall=1.147h
  ep5 shard 215/576 loss=0.77278  best=-inf wall=1.153h
  ep5 shard 216/576 loss=0.901509  best=-inf wall=1.158h
  ep5 shard 217/576 loss=0.793189  best=-inf wall=1.163h
  ep5 shard 218/576 loss=0.84036  best=-inf wall=1.167h
  ep5 shard 219/576 loss=0.858791  best=-inf wall=1.173h
  ep5 shard 220/576 loss=0.852023  best=-inf wall=1.177h
  ep5 shard 221/576 loss=0.831326  best=-inf wall=1.183h
  ep5 shard 222/576 loss=0.837008  best=-inf wall=1.188h
  ep5 shard 223/576 loss=0.88804  best=-inf wall=1.194h
  ep5 shard 224/576 loss=0.85328  best=-inf wall=1.198h
  ep5 shard 225/576 loss=0.832074  best=-inf wall=1.204h
  ep5 shard 226/576 loss=0.834473  best=-inf wall=1.209h
  ep5 shard 227/576 loss=0.857572  best=-inf wall=1.215h
  ep5 shard 228/576 loss=0.858818  best=-inf wall=1.22h
  ep5 shard 229/576 loss=0.862229  best=-inf wall=1.226h
  ep5 shard 230/576 loss=0.799856  best=-inf wall=1.231h
  ep5 shard 231/576 loss=0.872858  best=-inf wall=1.237h
  ep5 shard 232/576 loss=0.889239  best=-inf wall=1.242h
  ep5 shard 233/576 loss=0.865393  best=-inf wall=1.248h
  ep5 shard 234/576 loss=0.854131  best=-inf wall=1.254h
  ep5 shard 235/576 loss=0.846155  best=-inf wall=1.259h
  ep5 shard 236/576 loss=0.871317  best=-inf wall=1.264h
  ep5 shard 237/576 loss=0.917079  best=-inf wall=1.269h
  ep5 shard 238/576 loss=0.878708  best=-inf wall=1.274h
  ep5 shard 239/576 loss=0.845767  best=-inf wall=1.278h
  ep5 shard 240/576 loss=0.854609  best=-inf wall=1.283h
  saved epoch checkpoint -> experiments/exp028-mlp/mlp_512_512_256_256/checkpoints/ep5.pt
  ep6 shard 241/576 loss=0.839183  best=-inf wall=1.288h
  ep6 shard 242/576 loss=0.851813  best=-inf wall=1.293h
  ep6 shard 243/576 loss=0.820565  best=-inf wall=1.298h
  ep6 shard 244/576 loss=0.866711  best=-inf wall=1.302h
  ep6 shard 245/576 loss=0.905785  best=-inf wall=1.308h
  ep6 shard 246/576 loss=0.840101  best=-inf wall=1.313h
  ep6 shard 247/576 loss=0.832796  best=-inf wall=1.318h
  ep6 shard 248/576 loss=0.864033  best=-inf wall=1.323h
  ep6 shard 249/576 loss=0.89864  best=-inf wall=1.329h
  ep6 shard 250/576 loss=0.867509  best=-inf wall=1.334h
  ep6 shard 251/576 loss=0.846494  best=-inf wall=1.34h
  ep6 shard 252/576 loss=0.876931  best=-inf wall=1.345h
  ep6 shard 253/576 loss=0.854855  best=-inf wall=1.351h
  ep6 shard 254/576 loss=0.89526  best=-inf wall=1.355h
  ep6 shard 255/576 loss=0.833148  best=-inf wall=1.361h
  ep6 shard 256/576 loss=0.840968  best=-inf wall=1.366h
  ep6 shard 257/576 loss=0.798207  best=-inf wall=1.371h
  ep6 shard 258/576 loss=0.839773  best=-inf wall=1.377h
  ep6 shard 259/576 loss=0.869654  best=-inf wall=1.382h
  ep6 shard 260/576 loss=0.835922  best=-inf wall=1.388h
  ep6 shard 261/576 loss=0.857558  best=-inf wall=1.392h
  ep6 shard 262/576 loss=0.847434  best=-inf wall=1.398h
  ep6 shard 263/576 loss=0.854782  best=-inf wall=1.403h
  ep6 shard 264/576 loss=0.82359  best=-inf wall=1.409h
  ep6 shard 265/576 loss=0.827612  best=-inf wall=1.414h
  ep6 shard 266/576 loss=0.820581  best=-inf wall=1.42h
  ep6 shard 267/576 loss=0.859365  best=-inf wall=1.425h
  ep6 shard 268/576 loss=0.830117  best=-inf wall=1.431h
  ep6 shard 269/576 loss=0.898013  best=-inf wall=1.436h
  ep6 shard 270/576 loss=0.858424  best=-inf wall=1.442h
  ep6 shard 271/576 loss=0.878069  best=-inf wall=1.447h
  ep6 shard 272/576 loss=0.889994  best=-inf wall=1.452h
  ep6 shard 273/576 loss=0.835886  best=-inf wall=1.456h
  ep6 shard 274/576 loss=0.848086  best=-inf wall=1.462h
  ep6 shard 275/576 loss=0.886919  best=-inf wall=1.467h
  ep6 shard 276/576 loss=0.826264  best=-inf wall=1.473h
  ep6 shard 277/576 loss=0.854341  best=-inf wall=1.478h
  ep6 shard 278/576 loss=0.873836  best=-inf wall=1.484h
  ep6 shard 279/576 loss=0.835613  best=-inf wall=1.488h
  ep6 shard 280/576 loss=0.834157  best=-inf wall=1.494h
  ep6 shard 281/576 loss=0.880561  best=-inf wall=1.499h
  ep6 shard 282/576 loss=0.830796  best=-inf wall=1.505h
  ep6 shard 283/576 loss=0.872459  best=-inf wall=1.51h
  ep6 shard 284/576 loss=0.80478  best=-inf wall=1.516h
  ep6 shard 285/576 loss=0.845648  best=-inf wall=1.521h
  ep6 shard 286/576 loss=0.777224  best=-inf wall=1.527h
  ep6 shard 287/576 loss=0.907851  best=-inf wall=1.531h
  ep6 shard 288/576 loss=0.821854  best=-inf wall=1.536h
  saved epoch checkpoint -> experiments/exp028-mlp/mlp_512_512_256_256/checkpoints/ep6.pt
  ep7 shard 289/576 loss=0.827618  best=-inf wall=1.54h
  ep7 shard 290/576 loss=0.881885  best=-inf wall=1.546h
  ep7 shard 291/576 loss=0.819238  best=-inf wall=1.551h
  ep7 shard 292/576 loss=0.790521  best=-inf wall=1.556h
  ep7 shard 293/576 loss=0.826195  best=-inf wall=1.562h
  ep7 shard 294/576 loss=0.834191  best=-inf wall=1.567h
  ep7 shard 295/576 loss=0.903157  best=-inf wall=1.573h
  ep7 shard 296/576 loss=0.856221  best=-inf wall=1.578h
  ep7 shard 297/576 loss=0.849413  best=-inf wall=1.584h
  ep7 shard 298/576 loss=0.8547  best=-inf wall=1.588h
  ep7 shard 299/576 loss=0.868924  best=-inf wall=1.595h
  ep7 shard 300/576 loss=0.847308  best=-inf wall=1.599h
  ep7 shard 301/576 loss=0.83587  best=-inf wall=1.605h
  ep7 shard 302/576 loss=0.950224  best=-inf wall=1.61h
  ep7 shard 303/576 loss=0.852976  best=-inf wall=1.614h
  ep7 shard 304/576 loss=0.876425  best=-inf wall=1.62h
  ep7 shard 305/576 loss=0.822507  best=-inf wall=1.625h
  ep7 shard 306/576 loss=0.822154  best=-inf wall=1.631h
  ep7 shard 307/576 loss=0.884373  best=-inf wall=1.637h
  ep7 shard 308/576 loss=0.883679  best=-inf wall=1.642h
  ep7 shard 309/576 loss=0.838519  best=-inf wall=1.648h
  ep7 shard 310/576 loss=0.824061  best=-inf wall=1.653h
  ep7 shard 311/576 loss=0.873043  best=-inf wall=1.659h
  ep7 shard 312/576 loss=0.850055  best=-inf wall=1.664h
  ep7 shard 313/576 loss=0.84576  best=-inf wall=1.672h
  ep7 shard 314/576 loss=0.824141  best=-inf wall=1.677h
  ep7 shard 315/576 loss=0.857197  best=-inf wall=1.682h
  ep7 shard 316/576 loss=0.878599  best=-inf wall=1.688h
  ep7 shard 317/576 loss=0.844719  best=-inf wall=1.693h
  ep7 shard 318/576 loss=0.866203  best=-inf wall=1.698h
  ep7 shard 319/576 loss=0.878771  best=-inf wall=1.702h
  ep7 shard 320/576 loss=0.875934  best=-inf wall=1.708h
  ep7 shard 321/576 loss=0.849245  best=-inf wall=1.712h
  ep7 shard 322/576 loss=0.879987  best=-inf wall=1.718h
  ep7 shard 323/576 loss=0.820151  best=-inf wall=1.724h
  ep7 shard 324/576 loss=0.874104  best=-inf wall=1.729h
  ep7 shard 325/576 loss=0.889193  best=-inf wall=1.734h
  ep7 shard 326/576 loss=0.883417  best=-inf wall=1.74h
  ep7 shard 327/576 loss=0.888665  best=-inf wall=1.745h
  ep7 shard 328/576 loss=0.869844  best=-inf wall=1.75h
  ep7 shard 329/576 loss=0.808628  best=-inf wall=1.754h
  ep7 shard 330/576 loss=0.801469  best=-inf wall=1.76h
  ep7 shard 331/576 loss=0.840164  best=-inf wall=1.766h
  ep7 shard 332/576 loss=0.817601  best=-inf wall=1.771h
  ep7 shard 333/576 loss=0.863371  best=-inf wall=1.776h
  ep7 shard 334/576 loss=0.813215  best=-inf wall=1.781h
  ep7 shard 335/576 loss=0.886187  best=-inf wall=1.786h
  ep7 shard 336/576 loss=0.872707  best=-inf wall=1.791h
  saved epoch checkpoint -> experiments/exp028-mlp/mlp_512_512_256_256/checkpoints/ep7.pt
  ep8 shard 337/576 loss=0.877742  best=-inf wall=1.797h
  ep8 shard 338/576 loss=0.902684  best=-inf wall=1.802h
  ep8 shard 339/576 loss=0.870918  best=-inf wall=1.808h
  ep8 shard 340/576 loss=0.852306  best=-inf wall=1.813h
  ep8 shard 341/576 loss=0.828406  best=-inf wall=1.819h
  ep8 shard 342/576 loss=0.811828  best=-inf wall=1.823h
  ep8 shard 343/576 loss=0.846608  best=-inf wall=1.829h
  ep8 shard 344/576 loss=0.8509  best=-inf wall=1.833h
  ep8 shard 345/576 loss=0.847935  best=-inf wall=1.839h
  ep8 shard 346/576 loss=0.893749  best=-inf wall=1.843h
  ep8 shard 347/576 loss=0.87166  best=-inf wall=1.849h
  ep8 shard 348/576 loss=0.871304  best=-inf wall=1.854h
  ep8 shard 349/576 loss=0.83131  best=-inf wall=1.86h
  ep8 shard 350/576 loss=0.874537  best=-inf wall=1.865h
  ep8 shard 351/576 loss=0.851525  best=-inf wall=1.871h
  ep8 shard 352/576 loss=0.869267  best=-inf wall=1.876h
  ep8 shard 353/576 loss=0.860644  best=-inf wall=1.881h
  ep8 shard 354/576 loss=0.843827  best=-inf wall=1.886h
  ep8 shard 355/576 loss=0.8436  best=-inf wall=1.892h
  ep8 shard 356/576 loss=0.866339  best=-inf wall=1.897h
  ep8 shard 357/576 loss=0.852932  best=-inf wall=1.903h
  ep8 shard 358/576 loss=0.820215  best=-inf wall=1.907h
  ep8 shard 359/576 loss=0.835151  best=-inf wall=1.913h
  ep8 shard 360/576 loss=0.823526  best=-inf wall=1.918h
  ep8 shard 361/576 loss=0.890924  best=-inf wall=1.923h
  ep8 shard 362/576 loss=0.87117  best=-inf wall=1.928h
  ep8 shard 363/576 loss=0.85113  best=-inf wall=1.934h
  ep8 shard 364/576 loss=0.820815  best=-inf wall=1.939h
  ep8 shard 365/576 loss=0.842306  best=-inf wall=1.945h
  ep8 shard 366/576 loss=0.833967  best=-inf wall=1.949h
  ep8 shard 367/576 loss=0.870199  best=-inf wall=1.954h
  ep8 shard 368/576 loss=0.888851  best=-inf wall=1.959h
  ep8 shard 369/576 loss=0.850934  best=-inf wall=1.965h
  ep8 shard 370/576 loss=0.866586  best=-inf wall=1.97h
  ep8 shard 371/576 loss=0.829949  best=-inf wall=1.976h
  ep8 shard 372/576 loss=0.862208  best=-inf wall=1.981h
  ep8 shard 373/576 loss=0.838374  best=-inf wall=1.987h
  ep8 shard 374/576 loss=0.842341  best=-inf wall=1.992h
  ep8 shard 375/576 loss=0.847572  best=-inf wall=1.997h
  ep8 shard 376/576 loss=0.896591  best=-inf wall=2.001h
  ep8 shard 377/576 loss=0.840233  best=-inf wall=2.006h
  ep8 shard 378/576 loss=0.879311  best=-inf wall=2.011h
  ep8 shard 379/576 loss=0.885463  best=-inf wall=2.017h
  ep8 shard 380/576 loss=0.830975  best=-inf wall=2.023h
  ep8 shard 381/576 loss=0.860935  best=-inf wall=2.027h
  ep8 shard 382/576 loss=0.81753  best=-inf wall=2.033h
  ep8 shard 383/576 loss=0.87301  best=-inf wall=2.038h
  ep8 shard 384/576 loss=0.831557  best=-inf wall=2.044h
  saved epoch checkpoint -> experiments/exp028-mlp/mlp_512_512_256_256/checkpoints/ep8.pt
  ep9 shard 385/576 loss=0.900219  best=-inf wall=2.049h
  ep9 shard 386/576 loss=0.868302  best=-inf wall=2.055h
  ep9 shard 387/576 loss=0.901982  best=-inf wall=2.06h
  ep9 shard 388/576 loss=0.844362  best=-inf wall=2.066h
  ep9 shard 389/576 loss=0.86902  best=-inf wall=2.071h
  ep9 shard 390/576 loss=0.835702  best=-inf wall=2.077h
  ep9 shard 391/576 loss=0.887242  best=-inf wall=2.082h
  ep9 shard 392/576 loss=0.867475  best=-inf wall=2.087h
  ep9 shard 393/576 loss=0.843666  best=-inf wall=2.092h
  ep9 shard 394/576 loss=0.85628  best=-inf wall=2.098h
  ep9 shard 395/576 loss=0.88368  best=-inf wall=2.102h
  ep9 shard 396/576 loss=0.850673  best=-inf wall=2.108h
  ep9 shard 397/576 loss=0.830415  best=-inf wall=2.112h
  ep9 shard 398/576 loss=0.843922  best=-inf wall=2.118h
  ep9 shard 399/576 loss=0.875814  best=-inf wall=2.123h
  ep9 shard 400/576 loss=0.857488  best=-inf wall=2.129h
  ep9 shard 401/576 loss=0.822369  best=-inf wall=2.135h
  ep9 shard 402/576 loss=0.827225  best=-inf wall=2.139h
  ep9 shard 403/576 loss=0.859132  best=-inf wall=2.143h
  ep9 shard 404/576 loss=0.82817  best=-inf wall=2.149h
  ep9 shard 405/576 loss=0.854321  best=-inf wall=2.153h
  ep9 shard 406/576 loss=0.856451  best=-inf wall=2.159h
  ep9 shard 407/576 loss=0.873877  best=-inf wall=2.163h
  ep9 shard 408/576 loss=0.838058  best=-inf wall=2.169h
  ep9 shard 409/576 loss=0.896517  best=-inf wall=2.175h
  ep9 shard 410/576 loss=0.833435  best=-inf wall=2.18h
  ep9 shard 411/576 loss=0.823058  best=-inf wall=2.185h
  ep9 shard 412/576 loss=0.883901  best=-inf wall=2.191h
  ep9 shard 413/576 loss=0.833767  best=-inf wall=2.197h
  ep9 shard 414/576 loss=0.841538  best=-inf wall=2.201h
  ep9 shard 415/576 loss=0.848798  best=-inf wall=2.206h
  ep9 shard 416/576 loss=0.834509  best=-inf wall=2.211h
  ep9 shard 417/576 loss=0.864529  best=-inf wall=2.216h
  ep9 shard 418/576 loss=0.839423  best=-inf wall=2.222h
  ep9 shard 419/576 loss=0.82945  best=-inf wall=2.226h
  ep9 shard 420/576 loss=0.888048  best=-inf wall=2.232h
  ep9 shard 421/576 loss=0.885044  best=-inf wall=2.238h
  ep9 shard 422/576 loss=0.840857  best=-inf wall=2.242h
  ep9 shard 423/576 loss=0.847098  best=-inf wall=2.247h
  ep9 shard 424/576 loss=0.847577  best=-inf wall=2.253h
  ep9 shard 425/576 loss=0.806481  best=-inf wall=2.258h
  ep9 shard 426/576 loss=0.863679  best=-inf wall=2.264h
  ep9 shard 427/576 loss=0.836601  best=-inf wall=2.269h
  ep9 shard 428/576 loss=0.864708  best=-inf wall=2.275h
  ep9 shard 429/576 loss=0.841202  best=-inf wall=2.28h
  ep9 shard 430/576 loss=0.846581  best=-inf wall=2.285h
  ep9 shard 431/576 loss=0.874289  best=-inf wall=2.29h
  ep9 shard 432/576 loss=0.881127  best=-inf wall=2.296h
  saved epoch checkpoint -> experiments/exp028-mlp/mlp_512_512_256_256/checkpoints/ep9.pt
  ep10 shard 433/576 loss=0.875936  best=-inf wall=2.301h
  ep10 shard 434/576 loss=0.833683  best=-inf wall=2.307h
  ep10 shard 435/576 loss=0.843085  best=-inf wall=2.312h
  ep10 shard 436/576 loss=0.866074  best=-inf wall=2.317h
  ep10 shard 437/576 loss=0.85175  best=-inf wall=2.322h
  ep10 shard 438/576 loss=0.872974  best=-inf wall=2.328h
  ep10 shard 439/576 loss=0.86139  best=-inf wall=2.332h
  ep10 shard 440/576 loss=0.849909  best=-inf wall=2.338h
  ep10 shard 441/576 loss=0.800812  best=-inf wall=2.343h
  ep10 shard 442/576 loss=0.882159  best=-inf wall=2.348h
  ep10 shard 443/576 loss=0.892819  best=-inf wall=2.353h
  ep10 shard 444/576 loss=0.849791  best=-inf wall=2.358h
  ep10 shard 445/576 loss=0.85188  best=-inf wall=2.363h
  ep10 shard 446/576 loss=0.835037  best=-inf wall=2.368h
  ep10 shard 447/576 loss=0.817139  best=-inf wall=2.374h
  ep10 shard 448/576 loss=0.796529  best=-inf wall=2.378h
  ep10 shard 449/576 loss=0.885543  best=-inf wall=2.383h
  ep10 shard 450/576 loss=0.885006  best=-inf wall=2.388h
  ep10 shard 451/576 loss=0.87094  best=-inf wall=2.394h
  ep10 shard 452/576 loss=0.88077  best=-inf wall=2.399h
  ep10 shard 453/576 loss=0.854853  best=-inf wall=2.405h
  ep10 shard 454/576 loss=0.827642  best=-inf wall=2.409h
  ep10 shard 455/576 loss=0.851542  best=-inf wall=2.415h
  ep10 shard 456/576 loss=0.860382  best=-inf wall=2.42h
  ep10 shard 457/576 loss=0.854692  best=-inf wall=2.426h
  ep10 shard 458/576 loss=0.845437  best=-inf wall=2.431h
  ep10 shard 459/576 loss=0.871099  best=-inf wall=2.436h
  ep10 shard 460/576 loss=0.858501  best=-inf wall=2.44h
  ep10 shard 461/576 loss=0.84429  best=-inf wall=2.445h
  ep10 shard 462/576 loss=0.812065  best=-inf wall=2.45h
  ep10 shard 463/576 loss=0.862597  best=-inf wall=2.456h
  ep10 shard 464/576 loss=0.864058  best=-inf wall=2.461h
  ep10 shard 465/576 loss=0.830931  best=-inf wall=2.467h
  ep10 shard 466/576 loss=0.87359  best=-inf wall=2.472h
  ep10 shard 467/576 loss=0.831953  best=-inf wall=2.478h
  ep10 shard 468/576 loss=0.854191  best=-inf wall=2.484h
  ep10 shard 469/576 loss=0.869177  best=-inf wall=2.49h
  ep10 shard 470/576 loss=0.842686  best=-inf wall=2.495h
  ep10 shard 471/576 loss=0.840455  best=-inf wall=2.501h
  ep10 shard 472/576 loss=0.816491  best=-inf wall=2.506h
  ep10 shard 473/576 loss=0.831003  best=-inf wall=2.512h
  ep10 shard 474/576 loss=0.83652  best=-inf wall=2.517h
  ep10 shard 475/576 loss=0.88321  best=-inf wall=2.522h
  ep10 shard 476/576 loss=0.860062  best=-inf wall=2.526h
  ep10 shard 477/576 loss=0.874607  best=-inf wall=2.532h
  ep10 shard 478/576 loss=0.838651  best=-inf wall=2.537h
  ep10 shard 479/576 loss=0.879483  best=-inf wall=2.543h
  ep10 shard 480/576 loss=0.848308  best=-inf wall=2.548h
  saved epoch checkpoint -> experiments/exp028-mlp/mlp_512_512_256_256/checkpoints/ep10.pt
  ep11 shard 481/576 loss=0.808068  best=-inf wall=2.554h
  ep11 shard 482/576 loss=0.841854  best=-inf wall=2.559h
  ep11 shard 483/576 loss=0.90079  best=-inf wall=2.565h
  ep11 shard 484/576 loss=0.854588  best=-inf wall=2.57h
  ep11 shard 485/576 loss=0.867243  best=-inf wall=2.576h
  ep11 shard 486/576 loss=0.778596  best=-inf wall=2.581h
  ep11 shard 487/576 loss=0.840538  best=-inf wall=2.586h
  ep11 shard 488/576 loss=0.918974  best=-inf wall=2.591h
  ep11 shard 489/576 loss=0.815402  best=-inf wall=2.597h
  ep11 shard 490/576 loss=0.869758  best=-inf wall=2.602h
  ep11 shard 491/576 loss=0.832995  best=-inf wall=2.608h
  ep11 shard 492/576 loss=0.866332  best=-inf wall=2.612h
  ep11 shard 493/576 loss=0.872024  best=-inf wall=2.618h
  ep11 shard 494/576 loss=0.872655  best=-inf wall=2.623h
  ep11 shard 495/576 loss=0.876712  best=-inf wall=2.629h
  ep11 shard 496/576 loss=0.824391  best=-inf wall=2.634h
  ep11 shard 497/576 loss=0.885139  best=-inf wall=2.64h
  ep11 shard 498/576 loss=0.86592  best=-inf wall=2.644h
  ep11 shard 499/576 loss=0.857482  best=-inf wall=2.65h
  ep11 shard 500/576 loss=0.889122  best=-inf wall=2.656h
  ep11 shard 501/576 loss=0.86696  best=-inf wall=2.661h
  ep11 shard 502/576 loss=0.897117  best=-inf wall=2.665h
  ep11 shard 503/576 loss=0.847817  best=-inf wall=2.67h
  ep11 shard 504/576 loss=0.853206  best=-inf wall=2.675h
  ep11 shard 505/576 loss=0.860784  best=-inf wall=2.68h
  ep11 shard 506/576 loss=0.865044  best=-inf wall=2.684h
  ep11 shard 507/576 loss=0.801773  best=-inf wall=2.69h
  ep11 shard 508/576 loss=0.853613  best=-inf wall=2.696h
  ep11 shard 509/576 loss=0.862721  best=-inf wall=2.701h
  ep11 shard 510/576 loss=0.845513  best=-inf wall=2.707h
  ep11 shard 511/576 loss=0.903674  best=-inf wall=2.718h
  ep11 shard 512/576 loss=0.841014  best=-inf wall=2.723h
  ep11 shard 513/576 loss=0.834513  best=-inf wall=2.728h
  ep11 shard 514/576 loss=0.901786  best=-inf wall=2.734h
  ep11 shard 515/576 loss=0.785175  best=-inf wall=2.74h
  ep11 shard 516/576 loss=0.9111  best=-inf wall=2.745h
  ep11 shard 517/576 loss=0.839476  best=-inf wall=2.75h
  ep11 shard 518/576 loss=0.852764  best=-inf wall=2.754h
  ep11 shard 519/576 loss=0.833857  best=-inf wall=2.76h
  ep11 shard 520/576 loss=0.861772  best=-inf wall=2.765h
  ep11 shard 521/576 loss=0.830376  best=-inf wall=2.77h
  ep11 shard 522/576 loss=0.867062  best=-inf wall=2.776h
  ep11 shard 523/576 loss=0.86909  best=-inf wall=2.78h
  ep11 shard 524/576 loss=0.783531  best=-inf wall=2.786h
  ep11 shard 525/576 loss=0.828479  best=-inf wall=2.792h
  ep11 shard 526/576 loss=0.839906  best=-inf wall=2.796h
  ep11 shard 527/576 loss=0.887303  best=-inf wall=2.802h
  ep11 shard 528/576 loss=0.79954  best=-inf wall=2.807h
  saved epoch checkpoint -> experiments/exp028-mlp/mlp_512_512_256_256/checkpoints/ep11.pt
  ep12 shard 529/576 loss=0.859594  best=-inf wall=2.813h
  ep12 shard 530/576 loss=0.855901  best=-inf wall=2.818h
  ep12 shard 531/576 loss=0.860464  best=-inf wall=2.823h
  ep12 shard 532/576 loss=0.846189  best=-inf wall=2.828h
  ep12 shard 533/576 loss=0.884561  best=-inf wall=2.833h
  ep12 shard 534/576 loss=0.825921  best=-inf wall=2.838h
  ep12 shard 535/576 loss=0.839095  best=-inf wall=2.844h
  ep12 shard 536/576 loss=0.865882  best=-inf wall=2.848h
  ep12 shard 537/576 loss=0.838635  best=-inf wall=2.854h
  ep12 shard 538/576 loss=0.841615  best=-inf wall=2.858h
  ep12 shard 539/576 loss=0.844388  best=-inf wall=2.864h
  ep12 shard 540/576 loss=0.860138  best=-inf wall=2.869h
  ep12 shard 541/576 loss=0.824473  best=-inf wall=2.875h
  ep12 shard 542/576 loss=0.796771  best=-inf wall=2.88h
  ep12 shard 543/576 loss=0.832622  best=-inf wall=2.885h
  ep12 shard 544/576 loss=0.856046  best=-inf wall=2.89h
  ep12 shard 545/576 loss=0.88792  best=-inf wall=2.896h
  ep12 shard 546/576 loss=0.802796  best=-inf wall=2.9h
  ep12 shard 547/576 loss=0.811796  best=-inf wall=2.906h
  ep12 shard 548/576 loss=0.837247  best=-inf wall=2.911h
  ep12 shard 549/576 loss=0.902294  best=-inf wall=2.916h
  ep12 shard 550/576 loss=0.833664  best=-inf wall=2.921h
  ep12 shard 551/576 loss=0.825392  best=-inf wall=2.926h
  ep12 shard 552/576 loss=0.805129  best=-inf wall=2.932h
  ep12 shard 553/576 loss=0.867028  best=-inf wall=2.937h
  ep12 shard 554/576 loss=0.818125  best=-inf wall=2.941h
  ep12 shard 555/576 loss=0.878869  best=-inf wall=2.947h
  ep12 shard 556/576 loss=0.814444  best=-inf wall=2.952h
  ep12 shard 557/576 loss=0.852988  best=-inf wall=2.958h
  ep12 shard 558/576 loss=0.846305  best=-inf wall=2.964h
  ep12 shard 559/576 loss=0.856532  best=-inf wall=2.969h
  ep12 shard 560/576 loss=0.842944  best=-inf wall=2.975h
  ep12 shard 561/576 loss=0.862828  best=-inf wall=2.979h
  ep12 shard 562/576 loss=0.853925  best=-inf wall=2.985h
  ep12 shard 563/576 loss=0.872146  best=-inf wall=2.99h
  ep12 shard 564/576 loss=0.845955  best=-inf wall=2.996h
  ep12 shard 565/576 loss=0.855484  best=-inf wall=3.001h
  ep12 shard 566/576 loss=0.835966  best=-inf wall=3.006h
  ep12 shard 567/576 loss=0.864558  best=-inf wall=3.011h
  ep12 shard 568/576 loss=0.846598  best=-inf wall=3.017h
  ep12 shard 569/576 loss=0.838818  best=-inf wall=3.021h
  ep12 shard 570/576 loss=0.845643  best=-inf wall=3.026h
  ep12 shard 571/576 loss=0.853467  best=-inf wall=3.032h
  ep12 shard 572/576 loss=0.871478  best=-inf wall=3.037h
  ep12 shard 573/576 loss=0.823293  best=-inf wall=3.042h
  ep12 shard 574/576 loss=0.818677  best=-inf wall=3.048h
  ep12 shard 575/576 loss=0.879267  best=-inf wall=3.053h
  ep12 shard 576/576 loss=0.857962 gnubg=0.025 best=+0.025 wall=3.058h
  saved epoch checkpoint -> experiments/exp028-mlp/mlp_512_512_256_256/checkpoints/ep12.pt

===== ARM DONE (outcomes6) reason=epochs_complete best vs GNUBG-0ply = +0.0250 ppg  -> experiments/exp028-mlp/mlp_512_512_256_256/checkpoints/best.pt
